---- Opened serial port COM4 at 115200 baud ----
---- Session log: logs\serial_COM4_20260525_072929.log ----
---- Press Ctrl+C to stop capture ----
METDIAG en=1 src=0 beat=3 qint=545520us click=31/32us cs=2
METDIAG en=1 src=0 beat=1 qint=545520us click=31/32us cs=2
METDIAG en=1 src=0 beat=2 qint=545520us click=32/32us cs=1
METDIAG en=1 src=0 beat=4 qint=545520us click=31/32us cs=2
METDIAG en=1 src=0 beat=2 qint=545520us click=31/32us cs=2
METDIAG en=1 src=0 beat=4 qint=545520us click=31/32us cs=2
METDIAG en=1 src=0 beat=2 qint=545521us click=31/32us cs=2
METDIAG en=1 src=0 beat=4 qint=545520us click=31/32us cs=2
METDIAG en=1 src=0 beat=1 qint=545520us click=30/30us cs=1
METDIAG en=1 src=0 beat=3 qint=545520us eMETDIAG en=1 src=0 beat=2 qint=545520us click=31/32us cs=2
METDIAG en=1 src=0 beat=4 qint=545520us click=31/32us cs=2
METDIAG en=1 src=0 beat=1 qint=545521us click=31/31us cs=1
METDIAG en=1 src=0 beat=3 qint=545520us click=31/32us cs=2
METDIAG en=1 src=0 beat=1 qint=545520us click=31/32us cs=2
METDIAG en=1 src=0 beat=3 qint=545520us click=31/32us cs=2
METDIAG en=1 src=0 beat=1 qint=545520us click=31/32us cs=2
METDIAG en=1 src=0 beat=3 qint=545520us click=32/34us cs=2
Encoder 2 CW
Encoder 2 CW
Encoder 2 CW
Encoder 2 CCW
Encoder 2 CCW
METDIAG en=1 src=0 beat=1 qint=545520us click=31/32us cs=2
Encoder 3 CW
SYNCEVT event=SYNC_EVENT_STATE_TRANSITION from=REARM to=IDLE reason=TRANSPORT_IDLE age_ms=12 phase_err_us=0 window=0 observed=0 overflow_total=0
Encoder 3 CW
Encoder 3 CW
Encoder 3 CW
Encoder 3 CW
Encoder 3 CW
Encoder 3 CCW
Encoder 3 CCW
METDIAG en=1 src=0 beat=1 qint=545520us click=30/30us cs=1
METDIAG en=1 src=0 beat=3 qint=483840us click=32/33us cs=2
METDIAG en=1 src=0 beat=1 qint=483840us click=31/32us cs=2
SYNCEVT event=SYNC_EVENT_STATE_TRANSITION from=IDLE to=ACQUIRE reason=TRANSPORT_ARMED age_ms=75 phase_err_us=0 window=0 observed=0 overflow_total=0
METDIAG en=1 src=1 beat=1 qint=483840us click=40/58us cs=3
BPMDIAG raw_bpm=103.5 raw_valid=1 source_bpm=0.0 source_valid=0 est_window=1 history_confidence=O est_valid=0 publication_ready=0 sync_state=A live_lock=A display_bpm=124.0 display_external=0 sync_lost=0 display_age_ms=0 delta=0.0 hysteresis=0.0 hold=0 slew_pending=0
SYNCEVT event=SYNC_EVENT_STATE_TRANSITION from=ACQUIRE to=TRACKING reason=TRACKING_READY age_ms=0 phase_err_us=-1703 window=6 observed=32 overflow_total=0
CLKDIAG ext_active=1 transport_run=1 rearm_pending=0 sync_lost=0 barbeat_valid=1 interval_samples=40 interval_avg_us=22753 interval_min_us=18578 interval_max_us=26558 interval_pkpk_us=7980 raw_bpm=109.0 est_window=11 est_observed=40 history_confidence=S est_valid=1 publication_ready=0 sync_state=TRACKING sync_state_age_ms=192 holdover_ms=0 last_lock_age_ms=0 last_transition=ACQUIRE->TRACKING transition_reason=TRACKING_READY transition_age_ms=192 transition_phase_err_us=-1703 transition_window=6 transition_observed=32 acq_ms_last=846 acq_ms_avg=828 acq_ms_max=974 relock_ms_last=0 relock_ms_avg=0 relock_ms_max=0 lock_acquired=4 acquire_success=4 relock_success=0 lock_lost=1 holdover_entries=1 adapt_action=NONE adapt_action_age_ms=0 adapt_last_rollback=0 adapt_prob_active=0 adapt_prob_action=NONE adapt_prob_windows=0 adapt_win_age_ms=927 adapt_win_relock_ms=0 adapt_win_jitter_us=1868 adapt_win_jitter_samples=14 adapt_win_lock_lost=0 adapt_win_holdover=0 adapt_cd_windows=0 adapt_stable_windows=0 adapt_levels=0/0/0 adapt_gains=2/16/8/64 adapt_lock_div=5/3 adapt_lock_stable=12 phase_tick=41.771 phase_src=e live_lock=L pll_err_us=1687 pll_phase_corr_us=210 pll_freq_corr_us=26 rx_q_now=0 rx_q_peak=0 rx_q_lifetime_peak=0 rx_drop_interval=0 rx_drop_total=0 rx_latency_avg_us=0 rx_latency_max_us=0 rx_latency_samples=0 beat_service_avg_us=22 beat_service_max_us=22 beat_service_samples=1
SYNCEVT event=SYNC_EVENT_LOCK_ACQUIRED from=TRACKING to=LOCKED reason=LOCK_CONFIRMED age_ms=12 phase_err_us=-603 window=14 observed=46 overflow_total=0
METDIAG en=1 src=1 beat=3 qint=546232us click=175/297us cs=2
BPMDIAG raw_bpm=109.8 raw_valid=1 source_bpm=109.9 source_valid=1 est_window=17 history_confidence=S est_valid=1 publication_ready=1 sync_state=L live_lock=L display_bpm=109.9 display_external=1 sync_lost=0 display_age_ms=162 delta=0.0 hysteresis=0.2 hold=1 slew_pending=0
CLKDIAG ext_active=1 transport_run=1 rearm_pending=0 sync_lost=0 barbeat_valid=1 interval_samples=44 interval_avg_us=22739 interval_min_us=18440 interval_max_us=26912 interval_pkpk_us=8472 raw_bpm=109.5 est_window=33 est_observed=84 history_confidence=S est_valid=1 publication_ready=1 sync_state=LOCKED sync_state_age_ms=865 holdover_ms=0 last_lock_age_ms=865 last_transition=TRACKING->LOCKED transition_reason=LOCK_CONFIRMED transition_age_ms=865 transition_phase_err_us=-603 transition_window=14 transition_observed=46 acq_ms_last=1062 acq_ms_avg=874 acq_ms_max=1062 relock_ms_last=0 relock_ms_avg=0 relock_ms_max=0 lock_acquired=5 acquire_success=5 relock_success=0 lock_lost=1 holdover_entries=1 adapt_action=NONE adapt_action_age_ms=0 adapt_last_rollback=0 adapt_prob_active=0 adapt_prob_action=NONE adapt_prob_windows=0 adapt_win_age_ms=1927 adapt_win_relock_ms=0 adapt_win_jitter_us=1447 adapt_win_jitter_samples=52 adapt_win_lock_lost=0 adapt_win_holdover=0 adapt_cd_windows=0 adapt_stable_windows=0 adapt_levels=0/0/0 adapt_gains=2/16/8/64 adapt_lock_div=5/3 adapt_lock_stable=12 phase_tick=85.742 phase_src=e live_lock=L pll_err_us=1632 pll_phase_corr_us=204 pll_freq_corr_us=25 rx_q_now=0 rx_q_peak=0 rx_q_lifetime_peak=0 rx_drop_interval=0 rx_drop_total=0 rx_latency_avg_us=0 rx_latency_max_us=0 rx_latency_samples=0 beat_service_avg_us=40 beat_service_max_us=42 beat_service_samples=2
SYNCADAPT action=TRACK_NARROW rollback=0 probation_action=TRACK_NARROW probation_windows=2 relock_avg_ms=0 jitter_avg_us=1443 lock_lost=0 holdover_entries=0 levels=acq0,track1,hyst0 gains=ap2,af16,tp10,tf80 lock_div=enter5,exit3 lock_stable=12\r\nMETDIAG en=1 src=1 beat=1 qint=543765us click=150/221us cs=2
BPMDIAG raw_bpm=110.1 raw_valid=1 source_bpm=110.2 source_valid=1 est_window=40 history_confidence=S est_valid=1 publication_ready=1 sync_state=L live_lock=L display_bpm=110.0 display_external=1 sync_lost=0 display_age_ms=42 delta=0.2 hysteresis=0.2 hold=1 slew_pending=0
CLKDIAG ext_active=1 transport_run=1 rearm_pending=0 sync_lost=0 barbeat_valid=1 interval_samples=44 interval_avg_us=22722 interval_min_us=18526 interval_max_us=25550 interval_pkpk_us=7024 raw_bpm=109.7 est_window=55 est_observed=96 history_confidence=S est_valid=1 publication_ready=1 sync_state=LOCKED sync_state_age_ms=1865 holdover_ms=0 last_lock_age_ms=1865 last_transition=TRACKING->LOCKED transition_reason=LOCK_CONFIRMED transition_age_ms=1865 transition_phase_err_us=-603 transition_window=14 transition_observed=46 acq_ms_last=1062 acq_ms_avg=874 acq_ms_max=1062 relock_ms_last=0 relock_ms_avg=0 relock_ms_max=0 lock_acquired=5 acquire_success=5 relock_success=0 lock_lost=1 holdover_entries=1 adapt_action=TRACK_NARROW adapt_action_age_ms=865 adapt_last_rollback=0 adapt_prob_active=1 adapt_prob_action=TRACK_NARROW adapt_prob_windows=2 adapt_win_age_ms=865 adapt_win_relock_ms=0 adapt_win_jitter_us=1240 adapt_win_jitter_samples=37 adapt_win_lock_lost=0 adapt_win_holdover=0 adapt_cd_windows=1 adapt_stable_windows=0 adapt_levels=0/1/0 adapt_gains=2/16/10/80 adapt_lock_div=5/3 adapt_lock_stable=12 phase_tick=129.754 phase_src=e live_lock=L pll_err_us=1524 pll_phase_corr_us=152 pll_freq_corr_us=19 rx_q_now=0 rx_q_peak=0 rx_q_lifetime_peak=0 rx_drop_interval=0 rx_drop_total=0 rx_latency_avg_us=0 rx_latency_max_us=0 rx_latency_samples=0 beat_service_avg_us=49 beat_service_max_us=51 beat_service_samples=2
METDIAG en=1 src=1 beat=2 qint=547432us click=83/83us cs=1
BPMDIAG raw_bpm=110.4 raw_valid=1 source_bpm=110.1 source_valid=1 est_window=61 history_confidence=S est_valid=1 publication_ready=1 sync_state=L live_lock=L display_bpm=110.0 display_external=1 sync_lost=0 display_age_ms=1042 delta=0.1 hysteresis=0.2 hold=1 slew_pending=0
CLKDIAG ext_active=1 transport_run=1 rearm_pending=0 sync_lost=0 barbeat_valid=1 interval_samples=44 interval_avg_us=22723 interval_min_us=17310 interval_max_us=26458 interval_pkpk_us=9148 raw_bpm=109.9 est_window=78 est_observed=96 history_confidence=S est_valid=1 publication_ready=1 sync_state=LOCKED sync_state_age_ms=2865 holdover_ms=0 last_lock_age_ms=2865 last_transition=TRACKING->LOCKED transition_reason=LOCK_CONFIRMED transition_age_ms=2865 transition_phase_err_us=-603 transition_window=14 transition_observed=46 acq_ms_last=1062 acq_ms_avg=874 acq_ms_max=1062 relock_ms_last=0 relock_ms_avg=0 relock_ms_max=0 lock_acquired=5 acquire_success=5 relock_success=0 lock_lost=1 holdover_entries=1 adapt_action=TRACK_NARROW adapt_action_age_ms=1865 adapt_last_rollback=0 adapt_prob_active=1 adapt_prob_action=TRACK_NARROW adapt_prob_windows=2 adapt_win_age_ms=1865 adapt_win_relock_ms=0 adapt_win_jitter_us=1185 adapt_win_jitter_samples=75 adapt_win_lock_lost=0 adapt_win_holdover=0 adapt_cd_windows=1 adapt_stable_windows=0 adapt_levels=0/1/0 adapt_gains=2/16/10/80 adapt_lock_div=5/3 adapt_lock_stable=12 phase_tick=173.750 phase_src=e live_lock=L pll_err_us=1282 pll_phase_corr_us=128 pll_freq_corr_us=16 rx_q_now=0 rx_q_peak=0 rx_q_lifetime_peak=0 rx_drop_interval=0 rx_drop_total=0 rx_latency_avg_us=0 rx_latency_max_us=0 rx_latency_samples=0 beat_service_avg_us=58 beat_service_max_us=61 beat_service_samples=2
METDIAG en=1 src=1 beat=4 qint=544941us click=427/762us cs=2
BPMDIAG raw_bpm=110.2 raw_valid=1 source_bpm=110.0 source_valid=1 est_window=86 history_confidence=S est_valid=1 publication_ready=1 sync_state=L live_lock=L display_bpm=110.0 display_external=1 sync_lost=0 display_age_ms=2042 delta=0.0 hysteresis=0.2 hold=1 slew_pending=0
CLKDIAG ext_active=1 transport_run=1 rearm_pending=0 sync_lost=0 barbeat_valid=1 interval_samples=45 interval_avg_us=22693 interval_min_us=18278 interval_max_us=25838 interval_pkpk_us=7560 raw_bpm=110.0 est_window=96 est_observed=96 history_confidence=S est_valid=1 publication_ready=1 sync_state=LOCKED sync_state_age_ms=3875 holdover_ms=0 last_lock_age_ms=3875 last_transition=TRACKING->LOCKED transition_reason=LOCK_CONFIRMED transition_age_ms=3875 transition_phase_err_us=-603 transition_window=14 transition_observed=46 acq_ms_last=1062 acq_ms_avg=874 acq_ms_max=1062 relock_ms_last=0 relock_ms_avg=0 relock_ms_max=0 lock_acquired=5 acquire_success=5 relock_success=0 lock_lost=1 holdover_entries=1 adapt_action=TRACK_NARROW adapt_action_age_ms=2875 adapt_last_rollback=0 adapt_prob_active=1 adapt_prob_action=TRACK_NARROW adapt_prob_windows=2 adapt_win_age_ms=2875 adapt_win_relock_ms=0 adapt_win_jitter_us=1160 adapt_win_jitter_samples=114 adapt_win_lock_lost=0 adapt_win_holdover=0 adapt_cd_windows=1 adapt_stable_windows=0 adapt_levels=0/1/0 adapt_gains=2/16/10/80 adapt_lock_div=5/3 adapt_lock_stable=12 phase_tick=218.205 phase_src=e live_lock=L pll_err_us=-230 pll_phase_corr_us=-23 pll_freq_corr_us=-2 rx_q_now=0 rx_q_peak=0 rx_q_lifetime_peak=0 rx_drop_interval=0 rx_drop_total=0 rx_latency_avg_us=0 rx_latency_max_us=0 rx_latency_samples=0 beat_service_avg_us=48 beat_service_max_us=65 beat_service_samples=2
METDIAG en=1 src=1 beat=2 qint=544941us click=1871/2373us cs=2
BPMDIAG raw_bpm=110.2 raw_valid=1 source_bpm=110.2 source_valid=1 est_window=96 history_confidence=S est_valid=1 publication_ready=1 sync_state=L live_lock=L display_bpm=110.1 display_external=1 sync_lost=0 display_age_ms=524 delta=0.1 hysteresis=0.2 hold=1 slew_pending=0
CLKDIAG ext_active=1 transport_run=1 rearm_pending=0 sync_lost=0 barbeat_valid=1 interval_samples=44 interval_avg_us=22687 interval_min_us=17570 interval_max_us=27506 interval_pkpk_us=9936 raw_bpm=110.1 est_window=96 est_observed=96 history_confidence=S est_valid=1 publication_ready=1 sync_state=LOCKED sync_state_age_ms=4875 holdover_ms=0 last_lock_age_ms=4875 last_transition=TRACKING->LOCKED transition_reason=LOCK_CONFIRMED transition_age_ms=4875 transition_phase_err_us=-603 transition_window=14 transition_observed=46 acq_ms_last=1062 acq_ms_avg=874 acq_ms_max=1062 relock_ms_last=0 relock_ms_avg=0 relock_ms_max=0 lock_acquired=5 acquire_success=5 relock_success=0 lock_lost=1 holdover_entries=1 adapt_action=TRACK_NARROW adapt_action_age_ms=3875 adapt_last_rollback=0 adapt_prob_active=1 adapt_prob_action=TRACK_NARROW adapt_prob_windows=2 adapt_win_age_ms=3875 adapt_win_relock_ms=0 adapt_win_jitter_us=1164 adapt_win_jitter_samples=152 adapt_win_lock_lost=0 adapt_win_holdover=0 adapt_cd_windows=1 adapt_stable_windows=0 adapt_levels=0/1/0 adapt_gains=2/16/10/80 adapt_lock_div=5/3 adapt_lock_stable=12 phase_tick=262.190 phase_src=e live_lock=L pll_err_us=-2193 pll_phase_corr_us=-219 pll_freq_corr_us=-27 rx_q_now=0 rx_q_peak=0 rx_q_lifetime_peak=0 rx_drop_interval=0 rx_drop_total=0 rx_latency_avg_us=0 rx_latency_max_us=0 rx_latency_samples=0 beat_service_avg_us=32 beat_service_max_us=32 beat_service_samples=1
METDIAG en=1 src=1 beat=4 qint=546775us click=1085/2108us cs=2
BPMDIAG raw_bpm=110.1 raw_valid=1 source_bpm=110.2 source_valid=1 est_window=96 history_confidence=S est_valid=1 publication_ready=1 sync_state=L live_lock=L display_bpm=110.0 display_external=1 sync_lost=0 display_age_ms=748 delta=0.2 hysteresis=0.2 hold=1 slew_pending=0
CLKDIAG ext_active=1 transport_run=1 rearm_pending=0 sync_lost=0 barbeat_valid=1 interval_samples=34 interval_avg_us=22798 interval_min_us=18520 interval_max_us=26326 interval_pkpk_us=7806 raw_bpm=110.0 est_window=96 est_observed=96 history_confidence=S est_valid=1 publication_ready=1 sync_state=LOCKED sync_state_age_ms=5875 holdover_ms=0 last_lock_age_ms=5875 last_transition=TRACKING->LOCKED transition_reason=LOCK_CONFIRMED transition_age_ms=5875 transition_phase_err_us=-603 transition_window=14 transition_observed=46 acq_ms_last=1062 acq_ms_avg=874 acq_ms_max=1062 relock_ms_last=0 relock_ms_avg=0 relock_ms_max=0 lock_acquired=5 acquire_success=5 relock_success=0 lock_lost=1 holdover_entries=1 adapt_action=TRACK_NARROW adapt_action_age_ms=4875 adapt_last_rollback=0 adapt_prob_active=1 adapt_prob_action=TRACK_NARROW adapt_prob_windows=2 adapt_win_age_ms=4875 adapt_win_relock_ms=0 adapt_win_jitter_us=1176 adapt_win_jitter_samples=180 adapt_win_lock_lost=0 adapt_win_holdover=0 adapt_cd_windows=1 adapt_stable_windows=0 adapt_levels=0/1/0 adapt_gains=2/16/10/80 adapt_lock_div=5/3 adapt_lock_stable=12 phase_tick=306.196 phase_src=e live_lock=L pll_err_us=405 pll_phase_corr_us=40 pll_freq_corr_us=5 rx_q_now=0 rx_q_peak=0 rx_q_lifetime_peak=0 rx_drop_interval=0 rx_drop_total=0 rx_latency_avg_us=0 rx_latency_max_us=0 rx_latency_samples=0 beat_service_avg_us=31 beat_service_max_us=32 beat_service_samples=2
SYNCEVT event=SYNC_EVENT_ENTER_HOLDOVER from=LOCKED to=HOLDOVER reason=SOURCE_TIMEOUT age_ms=26 phase_err_us=405 window=96 observed=96 overflow_total=0
METDIAG en=1 src=1 beat=1 qint=542827us click=63/63us cs=1
BPMDIAG raw_bpm=0.0 raw_valid=0 source_bpm=0.0 source_valid=0 est_window=96 history_confidence=S est_valid=1 publication_ready=0 sync_state=H live_lock=L display_bpm=110.0 display_external=0 sync_lost=1 display_age_ms=0 delta=0.0 hysteresis=0.0 hold=0 slew_pending=0
CLKDIAG ext_active=1 transport_run=0 rearm_pending=1 sync_lost=1 barbeat_valid=1 interval_samples=0 interval_avg_us=0 interval_min_us=0 interval_max_us=0 interval_pkpk_us=0 raw_bpm=0.0 est_window=96 est_observed=96 history_confidence=S est_valid=1 publication_ready=0 sync_state=HOLDOVER sync_state_age_ms=863 holdover_ms=863 last_lock_age_ms=6875 last_transition=LOCKED->HOLDOVER transition_reason=SOURCE_TIMEOUT transition_age_ms=863 transition_phase_err_us=405 transition_window=96 transition_observed=96 acq_ms_last=1062 acq_ms_avg=874 acq_ms_max=1062 relock_ms_last=0 relock_ms_avg=0 relock_ms_max=0 lock_acquired=5 acquire_success=5 relock_success=0 lock_lost=2 holdover_entries=2 adapt_action=TRACK_NARROW adapt_action_age_ms=5875 adapt_last_rollback=0 adapt_prob_active=1 adapt_prob_action=TRACK_NARROW adapt_prob_windows=2 adapt_win_age_ms=5875 adapt_win_relock_ms=0 adapt_win_jitter_us=1176 adapt_win_jitter_samples=180 adapt_win_lock_lost=1 adapt_win_holdover=1 adapt_cd_windows=1 adapt_stable_windows=0 adapt_levels=0/1/0 adapt_gains=2/16/10/80 adapt_lock_div=5/3 adapt_lock_stable=12 phase_tick=350.180 phase_src=i live_lock=L pll_err_us=405 pll_phase_corr_us=40 pll_freq_corr_us=5 rx_q_now=0 rx_q_peak=0 rx_q_lifetime_peak=0 rx_drop_interval=0 rx_drop_total=0 rx_latency_avg_us=0 rx_latency_max_us=0 rx_latency_samples=0 beat_service_avg_us=0 beat_service_max_us=0 beat_service_samples=0
METDIAG en=1 src=0 beat=3 qint=545521us click=30/31us cs=2
BPMDIAG raw_bpm=0.0 raw_valid=0 source_bpm=0.0 source_valid=0 est_window=96 history_confidence=S est_valid=1 publication_ready=0 sync_state=H live_lock=L display_bpm=110.0 display_external=0 sync_lost=1 display_age_ms=0 delta=0.0 hysteresis=0.0 hold=0 slew_pending=0
METDIAG en=1 src=0 beat=4 qint=545519us click=31/31us cs=1
BPMDIAG raw_bpm=0.0 raw_valid=0 source_bpm=0.0 source_valid=0 est_window=96 history_confidence=S est_valid=1 publication_ready=0 sync_state=H live_lock=L display_bpm=110.0 display_external=0 sync_lost=1 display_age_ms=0 delta=0.0 hysteresis=0.0 hold=0 slew_pending=0
METDIAG en=1 src=0 beat=2 qint=545520us click=30/31us cs=2
BPMDIAG raw_bpm=0.0 raw_valid=0 source_bpm=0.0 source_valid=0 est_window=96 history_confidence=S est_valid=1 publication_ready=0 sync_state=H live_lock=L display_bpm=110.0 display_external=0 sync_lost=1 display_age_ms=0 delta=0.0 hysteresis=0.0 hold=0 slew_pending=0
CLKDIAG ext_active=1 transport_run=0 rearm_pending=1 sync_lost=1 barbeat_valid=1 interval_samples=0 interval_avg_us=0 interval_min_us=0 interval_max_us=0 interval_pkpk_us=0 raw_bpm=0.0 est_window=96 est_observed=96 history_confidence=S est_valid=1 publication_ready=0 sync_state=HOLDOVER sync_state_age_ms=3863 holdover_ms=3863 last_lock_age_ms=9875 last_transition=LOCKED->HOLDOVER transition_reason=SOURCE_TIMEOUT transition_age_ms=3863 transition_phase_err_us=405 transition_window=96 transition_observed=96 acq_ms_last=1062 acq_ms_avg=874 acq_ms_max=1062 relock_ms_last=0 relock_ms_avg=0 relock_ms_max=0 lock_acquired=5 acquire_success=5 relock_success=0 lock_lost=2 holdover_entries=2 adapt_action=TRACK_NARROW adapt_action_age_ms=8875 adapt_last_rollback=0 adapt_prob_active=1 adapt_prob_action=TRACK_NARROW adapt_prob_windows=2 adapt_win_age_ms=8875 adapt_win_relock_ms=0 adapt_win_jitter_us=1176 adapt_win_jitter_samples=180 adapt_win_lock_lost=1 adapt_win_holdover=1 adapt_cd_windows=1 adapt_stable_windows=0 adapt_levels=0/1/0 adapt_gains=2/16/10/80 adapt_lock_div=5/3 adapt_lock_stable=12 phase_tick=482.205 phase_src=i live_lock=L pll_err_us=405 pll_phase_corr_us=40 pll_freq_corr_us=5 rx_q_now=0 rx_q_peak=0 rx_q_lifetime_peak=0 rx_drop_interval=0 rx_drop_total=0 rx_latency_avg_us=0 rx_latency_max_us=0 rx_latency_samples=0 beat_service_avg_us=0 beat_service_max_us=0 beat_service_samples=0
METDIAG en=1 src=0 beat=4 qint=545521us click=30/31us cs=2
BPMDIAG raw_bpm=0.0 raw_valid=0 source_bpm=0.0 source_valid=0 est_window=96 history_confidence=S est_valid=1 publication_ready=0 sync_state=H live_lock=L display_bpm=110.0 display_external=0 sync_lost=1 display_age_ms=0 delta=0.0 hysteresis=0.0 hold=0 slew_pending=0
CLKDIAG ext_active=1 transport_run=0 rearm_pending=1 sync_lost=1 barbeat_valid=1 interval_samples=0 interval_avg_us=0 interval_min_us=0 interval_max_us=0 interval_pkpk_us=0 raw_bpm=0.0 est_window=96 est_observed=96 history_confidence=S est_valid=1 publication_ready=0 sync_state=HOLDOVER sync_state_age_ms=4863 holdover_ms=4863 last_lock_age_ms=10875 last_transition=LOCKED->HOLDOVER transition_reason=SOURCE_TIMEOUT transition_age_ms=4863 transition_phase_err_us=405 transition_window=96 transition_observed=96 acq_ms_last=1062 acq_ms_avg=874 acq_ms_max=1062 relock_ms_last=0 relock_ms_avg=0 relock_ms_max=0 lock_acquired=5 acquire_success=5 relock_success=0 lock_lost=2 holdover_entries=2 adapt_action=TRACK_NARROW adapt_action_age_ms=9875 adapt_last_rollback=0 adapt_prob_active=1 adapt_prob_action=TRACK_NARROW adapt_prob_windows=2 adapt_win_age_ms=9875 adapt_win_relock_ms=0 adapt_win_jitter_us=1176 adapt_win_jitter_samples=180 adapt_win_lock_lost=1 adapt_win_holdover=1 adapt_cd_windows=1 adapt_stable_windows=0 adapt_levels=0/1/0 adapt_gains=2/16/10/80 adapt_lock_div=5/3 adapt_lock_stable=12 phase_tick=526.161 phase_src=i live_lock=L pll_err_us=405 pll_phase_corr_us=40 pll_freq_corr_us=5 rx_q_now=0 rx_q_peak=0 rx_q_lifetime_peak=0 rx_drop_interval=0 rx_drop_total=0 rx_latency_avg_us=0 rx_latency_max_us=0 rx_latency_samples=0 beat_service_avg_us=0 beat_service_max_us=0 beat_service_samples=0
METDIAG en=1 src=0 beat=2 qint=545520us click=31/31us cs=2
BPMDIAG raw_bpm=0.0 raw_valid=0 source_bpm=0.0 source_valid=0 est_window=96 history_confidence=S est_valid=1 publication_ready=0 sync_state=H live_lock=L display_bpm=110.0 display_external=0 sync_lost=1 display_age_ms=0 delta=0.0 hysteresis=0.0 hold=0 slew_pending=0
Encoder 2 CW
Encoder 2 CW
CLKDIAG ext_active=1 transport_run=0 rearm_pending=1 sync_lost=1 barbeat_valid=1 interval_samples=0 interval_avg_us=0 interval_min_us=0 interval_max_us=0 interval_pkpk_us=0 raw_bpm=0.0 est_window=96 est_observed=96 history_confidence=S est_valid=1 publication_ready=0 sync_state=HOLDOVER sync_state_age_ms=5990 holdover_ms=5990 last_lock_age_ms=12002 last_transition=LOCKED->HOLDOVER transition_reason=SOURCE_TIMEOUT transition_age_ms=5990 transition_phase_err_us=405 transition_window=96 transition_observed=96 acq_ms_last=1062 acq_ms_avg=874 acq_ms_max=1062 relock_ms_last=0 relock_ms_avg=0 relock_ms_max=0 lock_acquired=5 acquire_success=5 relock_success=0 lock_lost=2 holdover_entries=2 adapt_action=TRACK_NARROW adapt_action_age_ms=11002 adapt_last_rollback=0 adapt_prob_active=1 adapt_prob_action=TRACK_NARROW adapt_prob_windows=2 adapt_win_age_ms=11002 adapt_win_relock_ms=0 adapt_win_jitter_us=1176 adapt_win_jitter_samples=180 adapt_win_lock_lost=1 adapt_win_holdover=1 adapt_cd_windows=1 adapt_stable_windows=0 adapt_levels=0/1/0 adapt_gains=2/16/10/80 adapt_lock_div=5/3 adapt_lock_stable=12 phase_tick=575.744 phase_src=i live_lock=L pll_err_us=405 pll_phase_corr_us=40 pll_freq_corr_us=5 rx_q_now=0 rx_q_peak=0 rx_q_lifetime_peak=0 rx_drop_interval=0 rx_drop_total=0 rx_latency_avg_us=0 rx_latency_max_us=0 rx_latency_samples=0 beat_service_avg_us=0 beat_service_max_us=0 beat_service_samples=0
Encoder 2 CCW
BPMDIAG raw_bpm=0.0 raw_valid=0 source_bpm=0.0 source_valid=0 est_window=96 history_confidence=S est_valid=1 publication_ready=0 sync_state=H live_lock=L display_bpm=110.0 display_external=0 sync_lost=1 display_age_ms=0 delta=0.0 hysteresis=0.0 hold=0 slew_pending=0
METDIAG en=1 src=0 beat=4 qint=545520us click=31/31us cs=2
Encoder 2 CW
Encoder 2 CCW
Encoder 2 CW
Encoder 2 CW
BPMDIAG raw_bpm=0.0 raw_valid=0 source_bpm=0.0 source_valid=0 est_window=96 history_confidence=S est_valid=1 publication_ready=0 sync_state=H live_lock=L display_bpm=110.0 display_external=0 sync_lost=1 display_age_ms=0 delta=0.0 hysteresis=0.0 hold=0 slew_pending=0
METDIAG en=1 src=0 beat=2 qint=545520us click=31/31us cs=2
Encoder 2 CCW
Encoder 2 CW
CLKDIAG ext_active=1 transport_run=0 rearm_pending=1 sync_lost=1 barbeat_valid=1 interval_samples=0 interval_avg_us=0 interval_min_us=0 interval_max_us=0 interval_pkpk_us=0 raw_bpm=0.0 est_window=96 est_observed=96 history_confidence=S est_valid=1 publication_ready=0 sync_state=HOLDOVER sync_state_age_ms=7990 holdover_ms=7990 last_lock_age_ms=14002 last_transition=LOCKED->HOLDOVER transition_reason=SOURCE_TIMEOUT transition_age_ms=7990 transition_phase_err_us=405 transition_window=96 transition_observed=96 acq_ms_last=1062 acq_ms_avg=874 acq_ms_max=1062 relock_ms_last=0 relock_ms_avg=0 relock_ms_max=0 lock_acquired=5 acquire_success=5 relock_success=0 lock_lost=2 holdover_entries=2 adapt_action=TRACK_NARROW adapt_action_age_ms=13002 adapt_last_rollback=0 adapt_prob_active=1 adapt_prob_action=TRACK_NARROW adapt_prob_windows=2 adapt_win_age_ms=13002 adapt_win_relock_ms=0 adapt_win_jitter_us=1176 adapt_win_jitter_samples=180 adapt_win_lock_lost=1 adapt_win_holdover=1 adapt_cd_windows=1 adapt_stable_windows=0 adapt_levels=0/1/0 adapt_gains=2/16/10/80 adapt_lock_div=5/3 adapt_lock_stable=12 phase_tick=663.730 phase_src=i live_lock=L pll_err_us=405 pll_phase_corr_us=40 pll_freq_corr_us=5 rx_q_now=0 rx_q_peak=0 rx_q_lifetime_peak=0 rx_drop_interval=0 rx_drop_total=0 rx_latency_avg_us=0 rx_latency_max_us=0 rx_latency_samples=0 beat_service_avg_us=0 beat_service_max_us=0 beat_service_samples=0
BPMDIAG raw_bpm=0.0 raw_valid=0 source_bpm=0.0 source_valid=0 est_window=96 history_confidence=S est_valid=1 publication_ready=0 sync_state=H live_lock=L display_bpm=110.0 display_external=0 sync_lost=1 display_age_ms=0 delta=0.0 hysteresis=0.0 hold=0 slew_pending=0
METDIAG en=1 src=0 beat=4 qint=545520us click=31/31us cs=2
CLKDIAG ext_active=1 transport_run=0 rearm_pending=1 sync_lost=1 barbeat_valid=1 interval_samples=0 interval_avg_us=0 interval_min_us=0 interval_max_us=0 interval_pkpk_us=0 raw_bpm=0.0 est_window=96 est_observed=96 history_confidence=S est_valid=1 publication_ready=0 sync_state=HOLDOVER sync_state_age_ms=8990 holdover_ms=8990 last_lock_age_ms=15002 last_transition=LOCKED->HOLDOVER transition_reason=SOURCE_TIMEOUT transition_age_ms=8990 transition_phase_err_us=405 transition_window=96 transition_observed=96 acq_ms_last=1062 acq_ms_avg=874 acq_ms_max=1062 relock_ms_last=0 relock_ms_avg=0 relock_ms_max=0 lock_acquired=5 acquire_success=5 relock_success=0 lock_lost=2 holdover_entries=2 adapt_action=TRACK_NARROW adapt_action_age_ms=14002 adapt_last_rollback=0 adapt_prob_active=1 adapt_prob_action=TRACK_NARROW adapt_prob_windows=2 adapt_win_age_ms=14002 adapt_win_relock_ms=0 adapt_win_jitter_us=1176 adapt_win_jitter_samples=180 adapt_win_lock_lost=1 adapt_win_holdover=1 adapt_cd_windows=1 adapt_stable_windows=0 adapt_levels=0/1/0 adapt_gains=2/16/10/80 adapt_lock_div=5/3 adapt_lock_stable=12 phase_tick=707.724 phase_src=i live_lock=L pll_err_us=405 pll_phase_corr_us=40 pll_freq_corr_us=5 rx_q_now=0 rx_q_peak=0 rx_q_lifetime_peak=0 rx_drop_interval=0 rx_drop_total=0 rx_latency_avg_us=0 rx_latency_max_us=0 rx_latency_samples=0 beat_service_avg_us=0 beat_service_max_us=0 beat_service_samples=0
BPMDIAG raw_bpm=0.0 raw_valid=0 source_bpm=0.0 source_valid=0 est_window=96 history_confidence=S est_valid=1 publication_ready=0 sync_state=H live_lock=L display_bpm=110.0 display_external=0 sync_lost=1 display_age_ms=0 delta=0.0 hysteresis=0.0 hold=0 slew_pending=0
METDIAG en=1 src=0 beat=2 qint=545520us click=30/31us cs=2
CLKDIAG ext_active=1 transport_run=0 rearm_pending=1 sync_lost=1 barbeat_valid=1 interval_samples=0 interval_avg_us=0 interval_min_us=0 interval_max_us=0 interval_pkpk_us=0 raw_bpm=0.0 est_window=96 est_observed=96 history_confidence=S est_valid=1 publication_ready=0 sync_state=HOLDOVER sync_state_age_ms=9990 holdover_ms=9990 last_lock_age_ms=16002 last_transition=LOCKED->HOLDOVER transition_reason=SOURCE_TIMEOUT transition_age_ms=9990 transition_phase_err_us=405 transition_window=96 transition_observed=96 acq_ms_last=1062 acq_ms_avg=874 acq_ms_max=1062 relock_ms_last=0 relock_ms_avg=0 relock_ms_max=0 lock_acquired=5 acquire_success=5 relock_success=0 lock_lost=2 holdover_entries=2 adapt_action=TRACK_NARROW adapt_action_age_ms=15002 adapt_last_rollback=0 adapt_prob_active=1 adapt_prob_action=TRACK_NARROW adapt_prob_windows=2 adapt_win_age_ms=15002 adapt_win_relock_ms=0 adapt_win_jitter_us=1176 adapt_win_jitter_samples=180 adapt_win_lock_lost=1 adapt_win_holdover=1 adapt_cd_windows=1 adapt_stable_windows=0 adapt_levels=0/1/0 adapt_gains=2/16/10/80 adapt_lock_div=5/3 adapt_lock_stable=12 phase_tick=751.723 phase_src=i live_lock=L pll_err_us=405 pll_phase_corr_us=40 pll_freq_corr_us=5 rx_q_now=0 rx_q_peak=0 rx_q_lifetime_peak=0 rx_drop_interval=0 rx_drop_total=0 rx_latency_avg_us=0 rx_latency_max_us=0 rx_latency_samples=0 beat_service_avg_us=0 beat_service_max_us=0 beat_service_samples=0
BPMDIAG raw_bpm=0.0 raw_valid=0 source_bpm=0.0 source_valid=0 est_window=96 history_confidence=S est_valid=1 publication_ready=0 sync_state=H live_lock=L display_bpm=110.0 display_external=0 sync_lost=1 display_age_ms=0 delta=0.0 hysteresis=0.0 hold=0 slew_pending=0
METDIAG en=1 src=0 beat=3 qint=545520us click=31/31us cs=1
CLKDIAG ext_active=1 transport_run=0 rearm_pending=1 sync_lost=1 barbeat_valid=1 interval_samples=0 interval_avg_us=0 interval_min_us=0 interval_max_us=0 interval_pkpk_us=0 raw_bpm=0.0 est_window=96 est_observed=96 history_confidence=S est_valid=1 publication_ready=0 sync_state=HOLDOVER sync_state_age_ms=10990 holdover_ms=10990 last_lock_age_ms=17002 last_transition=LOCKED->HOLDOVER transition_reason=SOURCE_TIMEOUT transition_age_ms=10990 transition_phase_err_us=405 transition_window=96 transition_observed=96 acq_ms_last=1062 acq_ms_avg=874 acq_ms_max=1062 relock_ms_last=0 relock_ms_avg=0 relock_ms_max=0 lock_acquired=5 acquire_success=5 relock_success=0 lock_lost=2 holdover_entries=2 adapt_action=TRACK_NARROW adapt_action_age_ms=16002 adapt_last_rollback=0 adapt_prob_active=1 adapt_prob_action=TRACK_NARROW adapt_prob_windows=2 adapt_win_age_ms=16002 adapt_win_relock_ms=0 adapt_win_jitter_us=1176 adapt_win_jitter_samples=180 adapt_win_lock_lost=1 adapt_win_holdover=1 adapt_cd_windows=1 adapt_stable_windows=0 adapt_levels=0/1/0 adapt_gains=2/16/10/80 adapt_lock_div=5/3 adapt_lock_stable=12 phase_tick=795.717 phase_src=i live_lock=L pll_err_us=405 pll_phase_corr_us=40 pll_freq_corr_us=5 rx_q_now=0 rx_q_peak=0 rx_q_lifetime_peak=0 rx_drop_interval=0 rx_drop_total=0 rx_latency_avg_us=0 rx_latency_max_us=0 rx_latency_samples=0 beat_service_avg_us=0 beat_service_max_us=0 beat_service_samples=0
BPMDIAG raw_bpm=0.0 raw_valid=0 source_bpm=0.0 source_valid=0 est_window=96 history_confidence=S est_valid=1 publication_ready=0 sync_state=H live_lock=L display_bpm=110.0 display_external=0 sync_lost=1 display_age_ms=0 delta=0.0 hysteresis=0.0 hold=0 slew_pending=0
METDIAG en=1 src=0 beat=1 qint=545520us click=30/31us cs=2
CLKDIAG ext_active=1 transport_run=0 rearm_pending=1 sync_lost=1 barbeat_valid=1 interval_samples=0 interval_avg_us=0 interval_min_us=0 interval_max_us=0 interval_pkpk_us=0 raw_bpm=0.0 est_window=96 est_observed=96 history_confidence=S est_valid=1 publication_ready=0 sync_state=HOLDOVER sync_state_age_ms=11990 holdover_ms=11990 last_lock_age_ms=18002 last_transition=LOCKED->HOLDOVER transition_reason=SOURCE_TIMEOUT transition_age_ms=11990 transition_phase_err_us=405 transition_window=96 transition_observed=96 acq_ms_last=1062 acq_ms_avg=874 acq_ms_max=1062 relock_ms_last=0 relock_ms_avg=0 relock_ms_max=0 lock_acquired=5 acquire_success=5 relock_success=0 lock_lost=2 holdover_entries=2 adapt_action=TRACK_NARROW adapt_action_age_ms=17002 adapt_last_rollback=0 adapt_prob_active=1 adapt_prob_action=TRACK_NARROW adapt_prob_windows=2 adapt_win_age_ms=17002 adapt_win_relock_ms=0 adapt_win_jitter_us=1176 adapt_win_jitter_samples=180 adapt_win_lock_lost=1 adapt_win_holdover=1 adapt_cd_windows=1 adapt_stable_windows=0 adapt_levels=0/1/0 adapt_gains=2/16/10/80 adapt_lock_div=5/3 adapt_lock_stable=12 phase_tick=839.712 phase_src=i live_lock=L pll_err_us=405 pll_phase_corr_us=40 pll_freq_corr_us=5 rx_q_now=0 rx_q_peak=0 rx_q_lifetime_peak=0 rx_drop_interval=0 rx_drop_total=0 rx_latency_avg_us=0 rx_latency_max_us=0 rx_latency_samples=0 beat_service_avg_us=0 beat_service_max_us=0 beat_service_samples=0
SYNCEVT event=SYNC_EVENT_STATE_TRANSITION from=HOLDOVER to=REARM reason=ENTER_REARM age_ms=12 phase_err_us=405 window=96 observed=96 overflow_total=0
METDIAG en=1 src=0 beat=3 qint=545520us click=31/31us cs=2
METDIAG en=1 src=0 beat=1 qint=545520us click=31/31us cs=2
METDIAG en=1 src=0 beat=3 qint=545520us click=31/31us cs=2
METDIAG en=1 src=0 beat=1 qint=545520us click=31/31us cs=2
METDIAG en=1 src=0 beat=2 qint=545520us click=31/31us cs=1
METDIAG en=1 src=0 beat=4 qint=545520us click=30/31us cs=2
METDIAG en=1 src=0 beat=2 qint=545520us click=31/31us cs=2
METDIAG en=1 src=0 beat=4 qint=545520us click=31/31us cs=2
METDIAG en=1 src=0 beat=2 qint=545520us click=31/31us cs=2
METDIAG en=1 src=0 beat=4 qint=545520us click=31/31us cs=2
METDIAG en=1 src=0 beat=1 qint=545520us click=31/31us cs=1
METDIAG en=1 src=0 beat=3 qint=545520us click=31/31us cs=2
METDIAG en=1 src=0 beat=1 qint=545520us click=31/31us cs=2
METDIAG en=1 src=0 beat=3 qint=545520us click=31/31us cs=2
METDIAG en=1 src=0 beat=1 qint=545520us click=31/31us cs=2
METDIAG en=1 src=0 beat=3 qint=545520us click=31/31us cs=2
METDIAG en=1 src=0 beat=4 qint=545520us click=31/31us cs=1
METDIAG en=1 src=0 beat=2 qint=545520us click=30/31us cs=2
METDIAG en=1 src=0 beat=4 qint=545520us click=31/31us cs=2
METDIAG en=1 src=0 beat=2 qint=545520us click=31/31us cs=2
METDIAG en=1 src=0 beat=4 qint=545520us click=31/31us cs=2
METDIAG en=1 src=0 beat=2 qint=545520us click=31/31us cs=2
---- Closed serial port COM4 ----
