---- Opened serial port COM4 at 115200 baud ----
---- Session log: C:\Users\Pete\Documents\Chattest\ChatTest\.\\logs\serial_COM4_20260530_171447.log ----
---- Press Ctrl+C to stop capture ----
RUNTIMEDIAG pumps=2879414 events=17711 max=32 idle=337820 queue=32
SYNCEVT event=SYNC_EVENT_TRANSPORT_REARM from=LOCKED to=REARM reason=ENTER_REARM age_ms=1000 phase_err_us=-257 window=64 observed=86 overflow_total=0
METDIAG en=1 src=0 beat=1 qint=1200364us click=29/29us cs=1
RUNTIMEDIAG pumps=2891019 events=17832 max=32 ARUNTIMEDIAG pumps=5694259 events=49655 max=32 idle=1088076 queue=32
METDIAG en=1 src=0 beat=1 qint=1200000us click=0/0us cs=0
RUNTIMEDIAG pumps=5705954 events=49776 max=32 idle=1090889 queue=32
METDIAG en=1 src=0 beat=2 qint=1200000us click=29/29us cs=1
RUNTIMEDIAG pumps=5717649 events=49897 max=32 idle=1093702 queue=32
METDIAG en=1 src=0 beat=3 qint=1200000us click=29/29us cs=1
RUNTIMEDIAG pumps=5729344 events=50018 max=32 idle=1096515 queue=32
METDIAG en=1 src=0 beat=4 qint=1200000us click=29/29us cs=1
RUNTIMEDIAG pumps=5741204 events=50139 max=32 idle=1099328 queue=32
METDIAG en=1 src=0 beat=1 qint=1200000us click=29/29us cs=1
RUNTIMEDIAG pumps=5752067 events=50260 max=32 idle=1102165 queue=32
METDIAG en=1 src=0 beat=2 qint=1200000us click=29/29us cs=1
RUNTIMEDIAG pumps=5758191 events=50381 max=32 idle=1105127 queue=32
METDIAG en=1 src=0 beat=2 qint=1200000us click=0/0us cs=0
RUNTIMEDIAG pumps=5769886 events=50502 max=32 idle=1107940 queue=32
METDIAG en=1 src=0 beat=3 qint=1200000us click=29/29us cs=1
RUNTIMEDIAG pumps=5781581 events=50623 max=32 idle=1110753 queue=32
METDIAG en=1 src=0 beat=4 qint=1200000us click=29/29us cs=1
RUNTIMEDIAG pumps=5793441 events=50744 max=32 idle=1113566 queue=32
METDIAG en=1 src=0 beat=1 qint=1200000us click=29/29us cs=1
RUNTIMEDIAG pumps=5805136 events=50865 max=32 idle=1116379 queue=32
METDIAG en=1 src=0 beat=2 qint=1200000us click=29/29us cs=1
RUNTIMEDIAG pumps=5815999 events=50986 max=32 idle=1119216 queue=32
METDIAG en=1 src=0 beat=3 qint=1200000us click=29/29us cs=1
RUNTIMEDIAG pumps=5822123 events=51107 max=32 idle=1122178 queue=32
METDIAG en=1 src=0 beat=3 qint=1200000us click=0/0us cs=0
RUNTIMEDIAG pumps=5833818 events=51228 max=32 idle=1124991 queue=32
METDIAG en=1 src=0 beat=4 qint=1200000us click=29/29us cs=1
RUNTIMEDIAG pumps=5845678 events=51349 max=32 idle=1127804 queue=32
METDIAG en=1 src=0 beat=1 qint=1200000us click=29/29us cs=1
RUNTIMEDIAG pumps=5857373 events=51470 max=32 idle=1130617 queue=32
METDIAG en=1 src=0 beat=2 qint=1200000us click=29/29us cs=1
RUNTIMEDIAG pumps=5869068 events=51591 max=32 idle=1133430 queue=32
METDIAG en=1 src=0 beat=3 qint=1200000us click=29/29us cs=1
RUNTIMEDIAG pumps=5879931 events=51712 max=32 idle=1136267 queue=32
METDIAG en=1 src=0 beat=4 qint=1200000us click=29/29us cs=1
RUNTIMEDIAG pumps=5886055 events=51833 max=32 idle=1139229 queue=32
METDIAG en=1 src=0 beat=4 qint=1200000us click=0/0us cs=0
RUNTIMEDIAG pumps=5897915 events=51954 max=32 idle=1142042 queue=32
METDIAG en=1 src=0 beat=1 qint=1200000us click=29/29us cs=1
RUNTIMEDIAG pumps=5909610 events=52075 max=32 idle=1144855 queue=32
METDIAG en=1 src=0 beat=2 qint=1200000us click=29/29us cs=1
RUNTIMEDIAG pumps=5921305 events=52196 max=32 idle=1147668 queue=32
METDIAG en=1 src=0 beat=3 qint=1200000us click=29/29us cs=1
RUNTIMEDIAG pumps=5933000 events=52317 max=32 idle=1150481 queue=32
METDIAG en=1 src=0 beat=4 qint=1200000us click=29/29us cs=1
RUNTIMEDIAG pumps=5944028 events=52438 max=32 idle=1153318 queue=32
METDIAG en=1 src=0 beat=1 qint=1200000us click=29/29us cs=1
RUNTIMEDIAG pumps=5950152 events=52559 max=32 idle=1156280 queue=32
METDIAG en=1 src=0 beat=1 qint=1200000us click=0/0us cs=0
RUNTIMEDIAG pumps=5961847 events=52680 max=32 idle=1159093 queue=32
METDIAG en=1 src=0 beat=2 qint=1200000us click=29/29us cs=1
RUNTIMEDIAG pumps=5973542 events=52801 max=32 idle=1161906 queue=32
METDIAG en=1 src=0 beat=3 qint=1200000us click=29/29us cs=1
RUNTIMEDIAG pumps=5985237 events=52922 max=32 idle=1164719 queue=32
METDIAG en=1 src=0 beat=4 qint=1200000us click=29/29us cs=1
RUNTIMEDIAG pumps=5997097 events=53043 max=32 idle=1167532 queue=32
METDIAG en=1 src=0 beat=1 qint=1200000us click=29/29us cs=1
RUNTIMEDIAG pumps=6007960 events=53164 max=32 idle=1170369 queue=32
METDIAG en=1 src=0 beat=2 qint=1200000us click=29/29us cs=1
RUNTIMEDIAG pumps=6014084 events=53285 max=32 idle=1173331 queue=32
METDIAG en=1 src=0 beat=2 qint=1200000us click=0/0us cs=0
RUNTIMEDIAG pumps=6025779 events=53406 max=32 idle=1176144 queue=32
METDIAG en=1 src=0 beat=3 qint=1200000us click=29/29us cs=1
RUNTIMEDIAG pumps=6037474 events=53527 max=32 idle=1178957 queue=32
METDIAG en=1 src=0 beat=4 qint=1200000us click=29/29us cs=1
RUNTIMEDIAG pumps=6049334 events=53648 max=32 idle=1181770 queue=32
METDIAG en=1 src=0 beat=1 qint=1200000us click=29/29us cs=1
RUNTIMEDIAG pumps=6061029 events=53769 max=32 idle=1184583 queue=32
METDIAG en=1 src=0 beat=2 qint=1200000us click=29/29us cs=1
RUNTIMEDIAG pumps=6071892 events=53890 max=32 idle=1187420 queue=32
METDIAG en=1 src=0 beat=3 qint=1200000us click=29/29us cs=1
RUNTIMEDIAG pumps=6078016 events=54011 max=32 idle=1190382 queue=32
METDIAG en=1 src=0 beat=3 qint=1200000us click=0/0us cs=0
RUNTIMEDIAG pumps=6089711 events=54132 max=32 idle=1193195 queue=32
METDIAG en=1 src=0 beat=4 qint=1200000us click=29/29us cs=1
RUNTIMEDIAG pumps=6101571 events=54253 max=32 idle=1196008 queue=32
METDIAG en=1 src=0 beat=1 qint=1200000us click=29/29us cs=1
RUNTIMEDIAG pumps=6113266 events=54374 max=32 idle=1198821 queue=32
METDIAG en=1 src=0 beat=2 qint=1200000us click=29/29us cs=1
RUNTIMEDIAG pumps=6124961 events=54495 max=32 idle=1201634 queue=32
METDIAG en=1 src=0 beat=3 qint=1200000us click=29/29us cs=1
RUNTIMEDIAG pumps=6135824 events=54616 max=32 idle=1204471 queue=32
METDIAG en=1 src=0 beat=4 qint=1200000us click=29/29us cs=1
RUNTIMEDIAG pumps=6141948 events=54737 max=32 idle=1207433 queue=32
METDIAG en=1 src=0 beat=4 qint=1200000us click=0/0us cs=0
RUNTIMEDIAG pumps=6153808 events=54858 max=32 idle=1210246 queue=32
METDIAG en=1 src=0 beat=1 qint=1200000us click=29/29us cs=1
RUNTIMEDIAG pumps=6165503 events=54979 max=32 idle=1213059 queue=32
METDIAG en=1 src=0 beat=2 qint=1200000us click=29/29us cs=1
RUNTIMEDIAG pumps=6177198 events=55100 max=32 idle=1215872 queue=32
METDIAG en=1 src=0 beat=3 qint=1200000us click=29/29us cs=1
RUNTIMEDIAG pumps=6188893 events=55221 max=32 idle=1218685 queue=32
METDIAG en=1 src=0 beat=4 qint=1200000us click=29/29us cs=1
RUNTIMEDIAG pumps=6199921 events=55342 max=32 idle=1221522 queue=32
METDIAG en=1 src=0 beat=1 qint=1200000us click=29/29us cs=1
RUNTIMEDIAG pumps=6206045 events=55463 max=32 idle=1224484 queue=32
METDIAG en=1 src=0 beat=1 qint=1200000us click=0/0us cs=0
RUNTIMEDIAG pumps=6217740 events=55584 max=32 idle=1227297 queue=32
METDIAG en=1 src=0 beat=2 qint=1200000us click=29/29us cs=1
RUNTIMEDIAG pumps=6229435 events=55705 max=32 idle=1230110 queue=32
METDIAG en=1 src=0 beat=3 qint=1200000us click=29/29us cs=1
RUNTIMEDIAG pumps=6241130 events=55826 max=32 idle=1232923 queue=32
METDIAG en=1 src=0 beat=4 qint=1200000us click=29/29us cs=1
RUNTIMEDIAG pumps=6252990 events=55947 max=32 idle=1235736 queue=32
METDIAG en=1 src=0 beat=1 qint=1200000us click=29/29us cs=1
RUNTIMEDIAG pumps=6263853 events=56068 max=32 idle=1238573 queue=32
METDIAG en=1 src=0 beat=2 qint=1200000us click=29/29us cs=1
RUNTIMEDIAG pumps=6269977 events=56189 max=32 idle=1241535 queue=32
METDIAG en=1 src=0 beat=2 qint=1200000us click=0/0us cs=0
RUNTIMEDIAG pumps=6281672 events=56310 max=32 idle=1244348 queue=32
METDIAG en=1 src=0 beat=3 qint=1200000us click=29/29us cs=1
RUNTIMEDIAG pumps=6293367 events=56431 max=32 idle=1247161 queue=32
METDIAG en=1 src=0 beat=4 qint=1200000us click=29/29us cs=1
RUNTIMEDIAG pumps=6305227 events=56552 max=32 idle=1249974 queue=32
METDIAG en=1 src=0 beat=1 qint=1200000us click=29/29us cs=1
RUNTIMEDIAG pumps=6316922 events=56673 max=32 idle=1252787 queue=32
METDIAG en=1 src=0 beat=2 qint=1200000us click=29/29us cs=1
RUNTIMEDIAG pumps=6327785 events=56794 max=32 idle=1255624 queue=32
METDIAG en=1 src=0 beat=3 qint=1200000us click=29/29us cs=1
RUNTIMEDIAG pumps=6333909 events=56915 max=32 idle=1258586 queue=32
METDIAG en=1 src=0 beat=3 qint=1200000us click=0/0us cs=0
RUNTIMEDIAG pumps=6345604 events=57036 max=32 idle=1261399 queue=32
METDIAG en=1 src=0 beat=4 qint=1200000us click=29/29us cs=1
RUNTIMEDIAG pumps=6357464 events=57157 max=32 idle=1264212 queue=32
METDIAG en=1 src=0 beat=1 qint=1200000us click=29/29us cs=1
RUNTIMEDIAG pumps=6369159 events=57278 max=32 idle=1267025 queue=32
METDIAG en=1 src=0 beat=2 qint=1200000us click=29/29us cs=1
RUNTIMEDIAG pumps=6380854 events=57399 max=32 idle=1269838 queue=32
METDIAG en=1 src=0 beat=3 qint=1200000us click=29/29us cs=1
RUNTIMEDIAG pumps=6391717 events=57520 max=32 idle=1272675 queue=32
METDIAG en=1 src=0 beat=4 qint=1200000us click=29/29us cs=1
RUNTIMEDIAG pumps=6397841 events=57641 max=32 idle=1275637 queue=32
METDIAG en=1 src=0 beat=4 qint=1200000us click=0/0us cs=0
RUNTIMEDIAG pumps=6409701 events=57762 max=32 idle=1278450 queue=32
METDIAG en=1 src=0 beat=1 qint=1200000us click=29/29us cs=1
RUNTIMEDIAG pumps=6421396 events=57883 max=32 idle=1281263 queue=32
METDIAG en=1 src=0 beat=2 qint=1200000us click=29/29us cs=1
RUNTIMEDIAG pumps=6433091 events=58004 max=32 idle=1284076 queue=32
METDIAG en=1 src=0 beat=3 qint=1200000us click=29/29us cs=1
RUNTIMEDIAG pumps=6444786 events=58125 max=32 idle=1286889 queue=32
METDIAG en=1 src=0 beat=4 qint=1200000us click=29/29us cs=1
RUNTIMEDIAG pumps=6455814 events=58246 max=32 idle=1289726 queue=32
METDIAG en=1 src=0 beat=1 qint=1200000us click=29/29us cs=1
RUNTIMEDIAG pumps=6461938 events=58367 max=32 idle=1292688 queue=32
METDIAG en=1 src=0 beat=1 qint=1200000us click=0/0us cs=0
RUNTIMEDIAG pumps=6473633 events=58488 max=32 idle=1295501 queue=32
METDIAG en=1 src=0 beat=2 qint=1200000us click=29/29us cs=1
RUNTIMEDIAG pumps=6485328 events=58609 max=32 idle=1298314 queue=32
METDIAG en=1 src=0 beat=3 qint=1200000us click=29/29us cs=1
RUNTIMEDIAG pumps=6497023 events=58730 max=32 idle=1301127 queue=32
METDIAG en=1 src=0 beat=4 qint=1200000us click=29/29us cs=1
RUNTIMEDIAG pumps=6508883 events=58851 max=32 idle=1303940 queue=32
METDIAG en=1 src=0 beat=1 qint=1200000us click=29/29us cs=1
SYNCADAPT action=TRACK_NARROW rollback=0 probation_action=TRACK_NARROW probation_windows=2 relock_avg_ms=340 jitter_avg_us=1206 lock_lost=0 holdover_entries=0 levels=acq0,track1,hyst0 gains=ap2,af16,tp10,tf80 lock_div=enter5,exit3 lock_stable=12\r\nRUNTIMEDIAG pumps=6513091 events=58973 max=32 idle=1305973 queue=32
SYNCEVT event=SYNC_EVENT_STATE_TRANSITION from=REARM to=ACQUIRE reason=TRANSPORT_ARMED age_ms=718 phase_err_us=4370 window=1 observed=2 overflow_total=0
CLKDIAG ext_active=1 transport_run=1 rearm_pending=0 sync_lost=0 barbeat_valid=1 interval_samples=17 interval_avg_us=49943 interval_min_us=47258 interval_max_us=52534 interval_pkpk_us=5276 raw_bpm=49.4 est_window=1 est_observed=17 history_confidence=O est_valid=0 publication_ready=0 sync_state=ACQUIRE sync_state_age_ms=718 holdover_ms=0 last_lock_age_ms=345170 last_transition=REARM->ACQUIRE transition_reason=TRANSPORT_ARMED transition_age_ms=718 transition_phase_err_us=4370 transition_window=1 transition_observed=2 acq_ms_last=379 acq_ms_avg=578 acq_ms_max=777 relock_ms_last=340 relock_ms_avg=968 relock_ms_max=1779 lock_acquired=7 acquire_success=2 relock_success=5 lock_lost=0 holdover_entries=0 adapt_action=TRACK_NARROW adapt_action_age_ms=718 adapt_last_rollback=0 adapt_prob_active=0 adapt_prob_action=NONE adapt_prob_windows=0 adapt_win_age_ms=718 adapt_win_relock_ms=0 adapt_win_jitter_us=0 adapt_win_jitter_samples=0 adapt_win_lock_lost=0 adapt_win_holdover=0 adapt_cd_windows=0 adapt_stable_windows=0 adapt_levels=0/1/0 adapt_gains=2/16/10/80 adapt_lock_div=5/3 adapt_lock_stable=12 phase_tick=18.532 phase_src=e live_lock=L pll_err_us=2480 pll_phase_corr_us=248 pll_freq_corr_us=31 rx_q_now=0 rx_q_peak=0 rx_q_lifetime_peak=0 rx_drop_interval=0 rx_drop_total=0 rx_latency_avg_us=0 rx_latency_max_us=0 rx_latency_samples=0 beat_service_avg_us=0 beat_service_max_us=0 beat_service_samples=0 tb_active=0 tb_phase_us=0 tb_phase_pct_x10=0 tb_eff_bpm_pct_x10=0 tb_vel_usps=0 tb_q_depth=0 tb_q_peak=0 tb_enq=0 tb_emit=0 tb_emit_iavg_us=0 tb_emit_imin_us=0 tb_emit_imax_us=0 tb_emit_isamples=0 tb_drop=0 tb_clamp_min=0 tb_clamp_max=0 tb_late_avg_us=0 tb_late_max_us=0 tb_late_samples=0 tb_miss=0 tb_cross_backlog_now=0 tb_cross_backlog_peak=0 tb_uart_q_now=0 tb_uart_q_peak=0 tb_phase_nonmono=0
BPMDIAG raw_bpm=52.0 raw_valid=1 source_bpm=50.3 source_valid=1 transport_qn_valid=1 transport_qn=0 ui_qn_rendered=0 ui_qn_gap=0 ui_render_count=103 est_window=1 history_confidence=O est_valid=0 publication_ready=0 sync_state=A live_lock=L display_bpm=50.0 display_external=0 sync_lost=0 display_age_ms=0 delta=0.0 hysteresis=0.0 hold=0 slew_pending=0
METDIAG en=1 src=1 beat=1 qint=1200000us click=58/58us cs=1
RUNTIMEDIAG pumps=6523124 events=59093 max=32 idle=1308013 queue=32
SYNCEVT event=SYNC_EVENT_STATE_TRANSITION from=ACQUIRE to=RELOCK reason=SOURCE_RETURNED age_ms=516 phase_err_us=3733 window=4 observed=26 overflow_total=0
SYNCEVT event=SYNC_EVENT_RELOCK_COMPLETE from=RELOCK to=LOCKED reason=LOCK_CONFIRMED age_ms=176 phase_err_us=527 window=11 observed=33 overflow_total=0
RUNTIMEDIAG pumps=6534516 events=59214 max=32 idle=1310691 queue=32
CLKDIAG ext_active=1 transport_run=1 rearm_pending=0 sync_lost=0 barbeat_valid=1 interval_samples=39 interval_avg_us=50019 interval_min_us=47306 interval_max_us=53376 interval_pkpk_us=6070 raw_bpm=50.0 est_window=34 est_observed=56 history_confidence=S est_valid=1 publication_ready=1 sync_state=LOCKED sync_state_age_ms=1176 holdover_ms=0 last_lock_age_ms=1176 last_transition=RELOCK->LOCKED transition_reason=LOCK_CONFIRMED transition_age_ms=1176 transition_phase_err_us=527 transition_window=11 transition_observed=33 acq_ms_last=379 acq_ms_avg=578 acq_ms_max=777 relock_ms_last=340 relock_ms_avg=863 relock_ms_max=1779 lock_acquired=8 acquire_success=2 relock_success=6 lock_lost=0 holdover_entries=0 adapt_action=TRACK_NARROW adapt_action_age_ms=2694 adapt_last_rollback=0 adapt_prob_active=0 adapt_prob_action=NONE adapt_prob_windows=0 adapt_win_age_ms=2694 adapt_win_relock_ms=340 adapt_win_jitter_us=2000 adapt_win_jitter_samples=31 adapt_win_lock_lost=0 adapt_win_holdover=0 adapt_cd_windows=0 adapt_stable_windows=0 adapt_levels=0/1/0 adapt_gains=2/16/10/80 adapt_lock_div=5/3 adapt_lock_stable=12 phase_tick=57.712 phase_src=e live_lock=L pll_err_us=1005 pll_phase_corr_us=100 pll_freq_corr_us=12 rx_q_now=0 rx_q_peak=0 rx_q_lifetime_peak=0 rx_drop_interval=0 rx_drop_total=0 rx_latency_avg_us=0 rx_latency_max_us=0 rx_latency_samples=0 beat_service_avg_us=32 beat_service_max_us=42 beat_service_samples=2 tb_active=0 tb_phase_us=0 tb_phase_pct_x10=0 tb_eff_bpm_pct_x10=0 tb_vel_usps=0 tb_q_depth=0 tb_q_peak=0 tb_enq=0 tb_emit=0 tb_emit_iavg_us=0 tb_emit_imin_us=0 tb_emit_imax_us=0 tb_emit_isamples=0 tb_drop=0 tb_clamp_min=0 tb_clamp_max=0 tb_late_avg_us=0 tb_late_max_us=0 tb_late_samples=0 tb_miss=0 tb_cross_backlog_now=0 tb_cross_backlog_peak=0 tb_uart_q_now=0 tb_uart_q_peak=0 tb_phase_nonmono=0
BPMDIAG raw_bpm=50.1 raw_valid=1 source_bpm=50.0 source_valid=1 transport_qn_valid=1 transport_qn=2 ui_qn_rendered=2 ui_qn_gap=0 ui_render_count=105 est_window=38 history_confidence=S est_valid=1 publication_ready=1 sync_state=L live_lock=L display_bpm=50.0 display_external=1 sync_lost=0 display_age_ms=614 delta=0.0 hysteresis=0.1 hold=1 slew_pending=0
METDIAG en=1 src=1 beat=3 qint=1200039us click=227/382us cs=2
SYNCADAPT action=TRACK_NARROW rollback=0 probation_action=TRACK_NARROW probation_windows=2 relock_avg_ms=340 jitter_avg_us=1678 lock_lost=0 holdover_entries=0 levels=acq0,track2,hyst0 gains=ap2,af16,tp12,tf96 lock_div=enter5,exit3 lock_stable=12\r\nRUNTIMEDIAG pumps=6544738 events=59334 max=32 idle=1312841 queue=32
CLKDIAG ext_active=1 transport_run=1 rearm_pending=0 sync_lost=0 barbeat_valid=1 interval_samples=21 interval_avg_us=49951 interval_min_us=48052 interval_max_us=52548 interval_pkpk_us=4496 raw_bpm=50.0 est_window=55 est_observed=77 history_confidence=S est_valid=1 publication_ready=1 sync_state=LOCKED sync_state_age_ms=2200 holdover_ms=0 last_lock_age_ms=2200 last_transition=RELOCK->LOCKED transition_reason=LOCK_CONFIRMED transition_age_ms=2200 transition_phase_err_us=527 transition_window=11 transition_observed=33 acq_ms_last=379 acq_ms_avg=578 acq_ms_max=777 relock_ms_last=340 relock_ms_avg=863 relock_ms_max=1779 lock_acquired=8 acquire_success=2 relock_success=6 lock_lost=0 holdover_entries=0 adapt_action=TRACK_NARROW adapt_action_age_ms=50 adapt_last_rollback=0 adapt_prob_active=1 adapt_prob_action=TRACK_NARROW adapt_prob_windows=2 adapt_win_age_ms=50 adapt_win_relock_ms=0 adapt_win_jitter_us=905 adapt_win_jitter_samples=1 adapt_win_lock_lost=0 adapt_win_holdover=0 adapt_cd_windows=1 adapt_stable_windows=0 adapt_levels=0/2/0 adapt_gains=2/16/12/96 adapt_lock_div=5/3 adapt_lock_stable=12 phase_tick=78.202 phase_src=e live_lock=L pll_err_us=539 pll_phase_corr_us=44 pll_freq_corr_us=5 rx_q_now=0 rx_q_peak=0 rx_q_lifetime_peak=0 rx_drop_interval=0 rx_drop_total=0 rx_latency_avg_us=0 rx_latency_max_us=0 rx_latency_samples=0 beat_service_avg_us=51 beat_service_max_us=51 beat_service_samples=1 tb_active=0 tb_phase_us=0 tb_phase_pct_x10=0 tb_eff_bpm_pct_x10=0 tb_vel_usps=0 tb_q_depth=0 tb_q_peak=0 tb_enq=0 tb_emit=0 tb_emit_iavg_us=0 tb_emit_imin_us=0 tb_emit_imax_us=0 tb_emit_isamples=0 tb_drop=0 tb_clamp_min=0 tb_clamp_max=0 tb_late_avg_us=0 tb_late_max_us=0 tb_late_samples=0 tb_miss=0 tb_cross_backlog_now=0 tb_cross_backlog_peak=0 tb_uart_q_now=0 tb_uart_q_peak=0 tb_phase_nonmono=0
BPMDIAG raw_bpm=50.0 raw_valid=1 source_bpm=50.0 source_valid=1 transport_qn_valid=1 transport_qn=3 ui_qn_rendered=3 ui_qn_gap=0 ui_render_count=106 est_window=58 history_confidence=S est_valid=1 publication_ready=1 sync_state=L live_lock=L display_bpm=50.0 display_external=1 sync_lost=0 display_age_ms=1637 delta=0.0 hysteresis=0.1 hold=1 slew_pending=0
METDIAG en=1 src=1 beat=4 qint=1201822us click=418/418us cs=1
RUNTIMEDIAG pumps=6555015 events=59454 max=32 idle=1314917 queue=32
SYNCADAPT action=TRACK_DECAY rollback=1 probation_action=NONE probation_windows=0 relock_avg_ms=0 jitter_avg_us=10358 lock_lost=1 holdover_entries=0 levels=acq0,track1,hyst0 gains=ap2,af16,tp10,tf80 lock_div=enter5,exit3 lock_stable=12\r\nRUNTIMEDIAG pumps=6577572 events=59575 max=32 idle=1317317 queue=32
SYNCEVT event=SYNC_EVENT_LOCK_LOST from=LOCKED to=RELOCK reason=LOCK_DEGRADED age_ms=809 phase_err_us=-22519 window=24 observed=96 overflow_total=0
CLKDIAG ext_active=1 transport_run=1 rearm_pending=0 sync_lost=0 barbeat_valid=1 interval_samples=113 interval_avg_us=17858 interval_min_us=7320 interval_max_us=52742 interval_pkpk_us=45422 raw_bpm=219.0 est_window=24 est_observed=96 history_confidence=T est_valid=1 publication_ready=0 sync_state=RELOCK sync_state_age_ms=809 holdover_ms=0 last_lock_age_ms=4199 last_transition=LOCKED->RELOCK transition_reason=LOCK_DEGRADED transition_age_ms=809 transition_phase_err_us=-22519 transition_window=24 transition_observed=96 acq_ms_last=379 acq_ms_avg=578 acq_ms_max=777 relock_ms_last=340 relock_ms_avg=863 relock_ms_max=1779 lock_acquired=8 acquire_success=2 relock_success=6 lock_lost=1 holdover_entries=0 adapt_action=TRACK_DECAY adapt_action_age_ms=49 adapt_last_rollback=1 adapt_prob_active=0 adapt_prob_action=NONE adapt_prob_windows=0 adapt_win_age_ms=49 adapt_win_relock_ms=0 adapt_win_jitter_us=7312 adapt_win_jitter_samples=2 adapt_win_lock_lost=0 adapt_win_holdover=0 adapt_cd_windows=1 adapt_stable_windows=0 adapt_levels=0/1/0 adapt_gains=2/16/10/80 adapt_lock_div=5/3 adapt_lock_stable=12 phase_tick=191.000 phase_src=e live_lock=A pll_err_us=-3658 pll_phase_corr_us=-1829 pll_freq_corr_us=-203 rx_q_now=0 rx_q_peak=0 rx_q_lifetime_peak=0 rx_drop_interval=0 rx_drop_total=0 rx_latency_avg_us=0 rx_latency_max_us=0 rx_latency_samples=0 beat_service_avg_us=45 beat_service_max_us=60 beat_service_samples=4 tb_active=0 tb_phase_us=0 tb_phase_pct_x10=0 tb_eff_bpm_pct_x10=0 tb_vel_usps=0 tb_q_depth=0 tb_q_peak=0 tb_enq=0 tb_emit=0 tb_emit_iavg_us=0 tb_emit_imin_us=0 tb_emit_imax_us=0 tb_emit_isamples=0 tb_drop=0 tb_clamp_min=0 tb_clamp_max=0 tb_late_avg_us=0 tb_late_max_us=0 tb_late_samples=0 tb_miss=0 tb_cross_backlog_now=0 tb_cross_backlog_peak=0 tb_uart_q_now=0 tb_uart_q_peak=0 tb_phase_nonmono=0
BPMDIAG raw_bpm=219.5 raw_valid=1 source_bpm=219.5 source_valid=1 transport_qn_valid=1 transport_qn=8 ui_qn_rendered=7 ui_qn_gap=1 ui_render_count=110 est_window=24 history_confidence=T est_valid=1 publication_ready=0 sync_state=R live_lock=A display_bpm=55.0 display_external=0 sync_lost=0 display_age_ms=0 delta=0.0 hysteresis=0.0 hold=0 slew_pending=0
METDIAG en=1 src=1 beat=1 qint=273234us click=95/184us cs=5
RUNTIMEDIAG pumps=6598652 events=59695 max=32 idle=1318973 queue=32
RUNTIMEDIAG pumps=6618184 events=59816 max=32 idle=1321516 queue=32
CLKDIAG ext_active=1 transport_run=1 rearm_pending=0 sync_lost=0 barbeat_valid=1 interval_samples=173 interval_avg_us=11356 interval_min_us=7202 interval_max_us=14670 interval_pkpk_us=7468 raw_bpm=221.1 est_window=24 est_observed=96 history_confidence=T est_valid=1 publication_ready=0 sync_state=RELOCK sync_state_age_ms=2786 holdover_ms=0 last_lock_age_ms=6176 last_transition=LOCKED->RELOCK transition_reason=LOCK_DEGRADED transition_age_ms=2786 transition_phase_err_us=-22519 transition_window=24 transition_observed=96 acq_ms_last=379 acq_ms_avg=578 acq_ms_max=777 relock_ms_last=340 relock_ms_avg=863 relock_ms_max=1779 lock_acquired=8 acquire_success=2 relock_success=6 lock_lost=1 holdover_entries=0 adapt_action=TRACK_DECAY adapt_action_age_ms=2026 adapt_last_rollback=1 adapt_prob_active=0 adapt_prob_action=NONE adapt_prob_windows=0 adapt_win_age_ms=2026 adapt_win_relock_ms=0 adapt_win_jitter_us=1221 adapt_win_jitter_samples=150 adapt_win_lock_lost=0 adapt_win_holdover=0 adapt_cd_windows=1 adapt_stable_windows=0 adapt_levels=0/1/0 adapt_gains=2/16/10/80 adapt_lock_div=5/3 adapt_lock_stable=12 phase_tick=688.818 phase_src=e live_lock=A pll_err_us=983 pll_phase_corr_us=491 pll_freq_corr_us=54 rx_q_now=0 rx_q_peak=0 rx_q_lifetime_peak=0 rx_drop_interval=0 rx_drop_total=0 rx_latency_avg_us=0 rx_latency_max_us=0 rx_latency_samples=0 beat_service_avg_us=41 beat_service_max_us=42 beat_service_samples=8 tb_active=0 tb_phase_us=0 tb_phase_pct_x10=0 tb_eff_bpm_pct_x10=0 tb_vel_usps=0 tb_q_depth=0 tb_q_peak=0 tb_enq=0 tb_emit=0 tb_emit_iavg_us=0 tb_emit_imin_us=0 tb_emit_imax_us=0 tb_emit_isamples=0 tb_drop=0 tb_clamp_min=0 tb_clamp_max=0 tb_late_avg_us=0 tb_late_max_us=0 tb_late_samples=0 tb_miss=0 tb_cross_backlog_now=0 tb_cross_backlog_peak=0 tb_uart_q_now=0 tb_uart_q_peak=0 tb_phase_nonmono=0
BPMDIAG raw_bpm=216.2 raw_valid=1 source_bpm=216.2 source_valid=1 transport_qn_valid=1 transport_qn=15 ui_qn_rendered=15 ui_qn_gap=0 ui_render_count=118 est_window=24 history_confidence=T est_valid=1 publication_ready=0 sync_state=R live_lock=A display_bpm=55.0 display_external=0 sync_lost=0 display_age_ms=0 delta=0.0 hysteresis=0.0 hold=0 slew_pending=0
METDIAG en=1 src=1 beat=4 qint=39460us click=161672/618569us cs=7
RUNTIMEDIAG pumps=6632302 events=59936 max=32 idle=1323549 queue=32
CLKDIAG ext_active=1 transport_run=1 rearm_pending=0 sync_lost=0 barbeat_valid=1 interval_samples=88 interval_avg_us=11377 interval_min_us=7288 interval_max_us=15388 interval_pkpk_us=8100 raw_bpm=219.6 est_window=24 est_observed=96 history_confidence=T est_valid=1 publication_ready=0 sync_state=RELOCK sync_state_age_ms=3786 holdover_ms=0 last_lock_age_ms=7176 last_transition=LOCKED->RELOCK transition_reason=LOCK_DEGRADED transition_age_ms=3786 transition_phase_err_us=-22519 transition_window=24 transition_observed=96 acq_ms_last=379 acq_ms_avg=578 acq_ms_max=777 relock_ms_last=340 relock_ms_avg=863 relock_ms_max=1779 lock_acquired=8 acquire_success=2 relock_success=6 lock_lost=1 holdover_entries=0 adapt_action=TRACK_DECAY adapt_action_age_ms=3026 adapt_last_rollback=1 adapt_prob_active=0 adapt_prob_action=NONE adapt_prob_windows=0 adapt_win_age_ms=296 adapt_win_relock_ms=0 adapt_win_jitter_us=5191 adapt_win_jitter_samples=25 adapt_win_lock_lost=0 adapt_win_holdover=0 adapt_cd_windows=0 adapt_stable_windows=0 adapt_levels=0/1/0 adapt_gains=2/16/10/80 adapt_lock_div=5/3 adapt_lock_stable=12 phase_tick=485.141 phase_src=e live_lock=A pll_err_us=10867 pll_phase_corr_us=5433 pll_freq_corr_us=603 rx_q_now=0 rx_q_peak=0 rx_q_lifetime_peak=0 rx_drop_interval=0 rx_drop_total=0 rx_latency_avg_us=0 rx_latency_max_us=0 rx_latency_samples=0 beat_service_avg_us=41 beat_service_max_us=41 beat_service_samples=3 tb_active=0 tb_phase_us=0 tb_phase_pct_x10=0 tb_eff_bpm_pct_x10=0 tb_vel_usps=0 tb_q_depth=0 tb_q_peak=0 tb_enq=0 tb_emit=0 tb_emit_iavg_us=0 tb_emit_imin_us=0 tb_emit_imax_us=0 tb_emit_isamples=0 tb_drop=0 tb_clamp_min=0 tb_clamp_max=0 tb_late_avg_us=0 tb_late_max_us=0 tb_late_samples=0 tb_miss=0 tb_cross_backlog_now=0 tb_cross_backlog_peak=0 tb_uart_q_now=0 tb_uart_q_peak=0 tb_phase_nonmono=0
BPMDIAG raw_bpm=217.8 raw_valid=1 source_bpm=74.2 source_valid=1 transport_qn_valid=1 transport_qn=19 ui_qn_rendered=18 ui_qn_gap=1 ui_render_count=121 est_window=24 history_confidence=T est_valid=1 publication_ready=0 sync_state=R live_lock=A display_bpm=55.0 display_external=0 sync_lost=0 display_age_ms=0 delta=0.0 hysteresis=0.0 hold=0 slew_pending=0
METDIAG en=1 src=1 beat=4 qint=540584us click=839071/942282us cs=4
Encoder 2 CW
Encoder 2 CW
Encoder 2 CW
Encoder 2 CW
RUNTIMEDIAG pumps=6646249 events=60067 max=32 idle=1324583 queue=32
CLKDIAG ext_active=1 transport_run=1 rearm_pending=0 sync_lost=0 barbeat_valid=1 interval_samples=88 interval_avg_us=11352 interval_min_us=8286 interval_max_us=15204 interval_pkpk_us=6918 raw_bpm=220.6 est_window=24 est_observed=96 history_confidence=T est_valid=1 publication_ready=0 sync_state=RELOCK sync_state_age_ms=4793 holdover_ms=0 last_lock_age_ms=8183 last_transition=LOCKED->RELOCK transition_reason=LOCK_DEGRADED transition_age_ms=4793 transition_phase_err_us=-22519 transition_window=24 transition_observed=96 acq_ms_last=379 acq_ms_avg=578 acq_ms_max=777 relock_ms_last=340 relock_ms_avg=863 relock_ms_max=1779 lock_acquired=8 acquire_success=2 relock_success=6 lock_lost=1 holdover_entries=0 adapt_action=TRACK_DECAY adapt_action_age_ms=4033 adapt_last_rollback=1 adapt_prob_active=0 adapt_prob_action=NONE adapt_prob_windows=0 adapt_win_age_ms=1303 adapt_win_relock_ms=0 adapt_win_jitter_us=10818 adapt_win_jitter_samples=70 adapt_win_lock_lost=0 adapt_win_holdover=0 adapt_cd_windows=0 adapt_stable_windows=0 adapt_levels=0/1/0 adapt_gains=2/16/10/80 adapt_lock_div=5/3 adapt_lock_stable=12 phase_tick=540.000 phase_src=e live_lock=A pll_err_us=-3972 pll_phase_corr_us=-1986 pll_freq_corr_us=-220 rx_q_now=0 rx_q_peak=0 rx_q_lifetime_peak=0 rx_drop_interval=0 rx_drop_total=0 rx_latency_avg_us=0 rx_latency_max_us=0 rx_latency_samples=0 beat_service_avg_us=41 beat_service_max_us=42 beat_service_samples=4 tb_active=0 tb_phase_us=0 tb_phase_pct_x10=0 tb_eff_bpm_pct_x10=0 tb_vel_usps=0 tb_q_depth=0 tb_q_peak=0 tb_enq=0 tb_emit=0 tb_emit_iavg_us=0 tb_emit_imin_us=0 tb_emit_imax_us=0 tb_emit_isamples=0 tb_drop=0 tb_clamp_min=0 tb_clamp_max=0 tb_late_avg_us=0 tb_late_max_us=0 tb_late_samples=0 tb_miss=0 tb_cross_backlog_now=0 tb_cross_backlog_peak=0 tb_uart_q_now=0 tb_uart_q_peak=0 tb_phase_nonmono=0
BPMDIAG raw_bpm=220.8 raw_valid=1 source_bpm=220.8 source_valid=1 transport_qn_valid=1 transport_qn=23 ui_qn_rendered=22 ui_qn_gap=1 ui_render_count=125 est_window=24 history_confidence=T est_valid=1 publication_ready=0 sync_state=R live_lock=A display_bpm=55.0 display_external=0 sync_lost=0 display_age_ms=0 delta=0.0 hysteresis=0.0 hold=0 slew_pending=0
METDIAG en=1 src=1 beat=4 qint=274496us click=73/73us cs=4
Encoder 2 CCW
Encoder 2 CCW
Encoder 2 CCW
Encoder 2 CW
Encoder 2 CW
Encoder 2 CW
SYNCADAPT action=TRACK_NARROW rollback=0 probation_action=TRACK_NARROW probation_windows=2 relock_avg_ms=0 jitter_avg_us=9947 lock_lost=0 holdover_entries=0 levels=acq0,track2,hyst0 gains=ap2,af16,tp12,tf96 lock_div=enter5,exit3 lock_stable=12\r\nEncoder 2 CW
Encoder 2 CW
Encoder 2 CW
RUNTIMEDIAG pumps=6647521 events=60202 max=32 idle=1324583 queue=32
CLKDIAG ext_active=1 transport_run=1 rearm_pending=0 sync_lost=0 barbeat_valid=1 interval_samples=91 interval_avg_us=11371 interval_min_us=8148 interval_max_us=14976 interval_pkpk_us=6828 raw_bpm=218.2 est_window=24 est_observed=96 history_confidence=T est_valid=1 publication_ready=0 sync_state=RELOCK sync_state_age_ms=5825 holdover_ms=0 last_lock_age_ms=9215 last_transition=LOCKED->RELOCK transition_reason=LOCK_DEGRADED transition_age_ms=5825 transition_phase_err_us=-22519 transition_window=24 transition_observed=96 acq_ms_last=379 acq_ms_avg=578 acq_ms_max=777 relock_ms_last=340 relock_ms_avg=863 relock_ms_max=1779 lock_acquired=8 acquire_success=2 relock_success=6 lock_lost=1 holdover_entries=0 adapt_action=TRACK_NARROW adapt_action_age_ms=335 adapt_last_rollback=0 adapt_prob_active=1 adapt_prob_action=TRACK_NARROW adapt_prob_windows=2 adapt_win_age_ms=335 adapt_win_relock_ms=0 adapt_win_jitter_us=3069 adapt_win_jitter_samples=5 adapt_win_lock_lost=0 adapt_win_holdover=0 adapt_cd_windows=1 adapt_stable_windows=0 adapt_levels=0/2/0 adapt_gains=2/16/12/96 adapt_lock_div=5/3 adapt_lock_stable=12 phase_tick=647.918 phase_src=e live_lock=A pll_err_us=5696 pll_phase_corr_us=2848 pll_freq_corr_us=284 rx_q_now=0 rx_q_peak=0 rx_q_lifetime_peak=0 rx_drop_interval=0 rx_drop_total=0 rx_latency_avg_us=0 rx_latency_max_us=0 rx_latency_samples=0 beat_service_avg_us=41 beat_service_max_us=42 beat_service_samples=4 tb_active=0 tb_phase_us=0 tb_phase_pct_x10=0 tb_eff_bpm_pct_x10=0 tb_vel_usps=0 tb_q_depth=0 tb_q_peak=0 tb_enq=0 tb_emit=0 tb_emit_iavg_us=0 tb_emit_imin_us=0 tb_emit_imax_us=0 tb_emit_isamples=0 tb_drop=0 tb_clamp_min=0 tb_clamp_max=0 tb_late_avg_us=0 tb_late_max_us=0 tb_late_samples=0 tb_miss=0 tb_cross_backlog_now=0 tb_cross_backlog_peak=0 tb_uart_q_now=0 tb_uart_q_peak=0 tb_phase_nonmono=0
BPMDIAG raw_bpm=222.8 raw_valid=1 source_bpm=144.3 source_valid=1 transport_qn_valid=1 transport_qn=26 ui_qn_rendered=25 ui_qn_gap=1 ui_render_count=128 est_window=24 history_confidence=T est_valid=1 publication_ready=0 sync_state=R live_lock=A display_bpm=55.0 display_external=0 sync_lost=0 display_age_ms=0 delta=0.0 hysteresis=0.0 hold=0 slew_pending=0
METDIAG en=1 src=1 beat=4 qint=397136us click=107024/201786us cs=4
RUNTIMEDIAG pumps=6691532 events=60454 max=32 idle=1328730 queue=32
CLKDIAG ext_active=1 transport_run=1 rearm_pending=0 sync_lost=0 barbeat_valid=1 interval_samples=173 interval_avg_us=11352 interval_min_us=7292 interval_max_us=14736 interval_pkpk_us=7444 raw_bpm=220.2 est_window=24 est_observed=96 history_confidence=S est_valid=1 publication_ready=0 sync_state=RELOCK sync_state_age_ms=7786 holdover_ms=0 last_lock_age_ms=11176 last_transition=LOCKED->RELOCK transition_reason=LOCK_DEGRADED transition_age_ms=7786 transition_phase_err_us=-22519 transition_window=24 transition_observed=96 acq_ms_last=379 acq_ms_avg=578 acq_ms_max=777 relock_ms_last=340 relock_ms_avg=863 relock_ms_max=1779 lock_acquired=8 acquire_success=2 relock_success=6 lock_lost=1 holdover_entries=0 adapt_action=TRACK_NARROW adapt_action_age_ms=2296 adapt_last_rollback=0 adapt_prob_active=1 adapt_prob_action=TRACK_NARROW adapt_prob_windows=1 adapt_win_age_ms=296 adapt_win_relock_ms=0 adapt_win_jitter_us=1452 adapt_win_jitter_samples=24 adapt_win_lock_lost=0 adapt_win_holdover=0 adapt_cd_windows=1 adapt_stable_windows=0 adapt_levels=0/2/0 adapt_gains=2/16/12/96 adapt_lock_div=5/3 adapt_lock_stable=12 phase_tick=804.363 phase_src=e live_lock=A pll_err_us=145 pll_phase_corr_us=72 pll_freq_corr_us=9 rx_q_now=0 rx_q_peak=0 rx_q_lifetime_peak=0 rx_drop_interval=0 rx_drop_total=0 rx_latency_avg_us=0 rx_latency_max_us=0 rx_latency_samples=0 beat_service_avg_us=41 beat_service_max_us=43 beat_service_samples=7 tb_active=0 tb_phase_us=0 tb_phase_pct_x10=0 tb_eff_bpm_pct_x10=0 tb_vel_usps=0 tb_q_depth=0 tb_q_peak=0 tb_enq=0 tb_emit=0 tb_emit_iavg_us=0 tb_emit_imin_us=0 tb_emit_imax_us=0 tb_emit_isamples=0 tb_drop=0 tb_clamp_min=0 tb_clamp_max=0 tb_late_avg_us=0 tb_late_max_us=0 tb_late_samples=0 tb_miss=0 tb_cross_backlog_now=0 tb_cross_backlog_peak=0 tb_uart_q_now=0 tb_uart_q_peak=0 tb_phase_nonmono=0
BPMDIAG raw_bpm=217.9 raw_valid=1 source_bpm=219.7 source_valid=1 transport_qn_valid=1 transport_qn=34 ui_qn_rendered=33 ui_qn_gap=1 ui_render_count=135 est_window=24 history_confidence=S est_valid=1 publication_ready=0 sync_state=R live_lock=L display_bpm=55.0 display_external=0 sync_lost=0 display_age_ms=0 delta=0.0 hysteresis=0.0 hold=0 slew_pending=0
METDIAG en=1 src=1 beat=3 qint=273021us click=385/1445us cs=7
RUNTIMEDIAG pumps=6705938 events=60574 max=32 idle=1330235 queue=32
SYNCEVT event=SYNC_EVENT_RELOCK_COMPLETE from=RELOCK to=LOCKED reason=LOCK_CONFIRMED age_ms=666 phase_err_us=-248 window=27 observed=96 overflow_total=0
CLKDIAG ext_active=0 transport_run=0 rearm_pending=1 sync_lost=0 barbeat_valid=1 interval_samples=33 interval_avg_us=11434 interval_min_us=8060 interval_max_us=14438 interval_pkpk_us=6378 raw_bpm=0.0 est_window=28 est_observed=96 history_confidence=S est_valid=1 publication_ready=0 sync_state=REARM sync_state_age_ms=4294967281 holdover_ms=0 last_lock_age_ms=666 last_transition=LOCKED->REARM transition_reason=ENTER_REARM transition_age_ms=4294967281 transition_phase_err_us=1742 transition_window=28 transition_observed=96 acq_ms_last=379 acq_ms_avg=578 acq_ms_max=777 relock_ms_last=8120 relock_ms_avg=1900 relock_ms_max=8120 lock_acquired=9 acquire_success=2 relock_success=7 lock_lost=1 holdover_entries=0 adapt_action=TRACK_NARROW adapt_action_age_ms=3296 adapt_last_rollback=0 adapt_prob_active=1 adapt_prob_action=TRACK_NARROW adapt_prob_windows=1 adapt_win_age_ms=1296 adapt_win_relock_ms=8120 adapt_win_jitter_us=1368 adapt_win_jitter_samples=39 adapt_win_lock_lost=0 adapt_win_holdover=0 adapt_cd_windows=1 adapt_stable_windows=0 adapt_levels=0/2/0 adapt_gains=2/16/12/96 adapt_lock_div=5/3 adapt_lock_stable=12 phase_tick=893.865 phase_src=i live_lock=L pll_err_us=1742 pll_phase_corr_us=145 pll_freq_corr_us=18 rx_q_now=0 rx_q_peak=0 rx_q_lifetime_peak=0 rx_drop_interval=0 rx_drop_total=0 rx_latency_avg_us=0 rx_latency_max_us=0 rx_latency_samples=0 beat_service_avg_us=41 beat_service_max_us=41 beat_service_samples=1 tb_active=0 tb_phase_us=0 tb_phase_pct_x10=0 tb_eff_bpm_pct_x10=0 tb_vel_usps=0 tb_q_depth=0 tb_q_peak=0 tb_enq=0 tb_emit=0 tb_emit_iavg_us=0 tb_emit_imin_us=0 tb_emit_imax_us=0 tb_emit_isamples=0 tb_drop=0 tb_clamp_min=0 tb_clamp_max=0 tb_late_avg_us=0 tb_late_max_us=0 tb_late_samples=0 tb_miss=0 tb_cross_backlog_now=0 tb_cross_backlog_peak=0 tb_uart_q_now=0 tb_uart_q_peak=0 tb_phase_nonmono=0
RUNTIMEDIAG pumps=6727870 events=60695 max=32 idle=1332238 queue=32
SYNCEVT event=SYNC_EVENT_TRANSPORT_REARM from=LOCKED to=REARM reason=ENTER_REARM age_ms=985 phase_err_us=1742 window=28 observed=96 overflow_total=0
METDIAG en=1 src=0 beat=1 qint=271440us click=29/30us cs=6
RUNTIMEDIAG pumps=6756620 events=60816 max=32 idle=1334616 queue=32
RUNTIMEDIAG pumps=6785286 events=60937 max=32 idle=1337059 queue=32
METDIAG en=1 src=0 beat=1 qint=271440us click=29/31us cs=8
RUNTIMEDIAG pumps=6808451 events=61058 max=32 idle=1339638 queue=32
METDIAG en=1 src=0 beat=4 qint=271440us click=29/29us cs=3
RUNTIMEDIAG pumps=6837077 events=61179 max=32 idle=1342064 queue=32
METDIAG en=1 src=0 beat=4 qint=271440us click=29/29us cs=4
RUNTIMEDIAG pumps=6865822 events=61300 max=32 idle=1344491 queue=32
METDIAG en=1 src=0 beat=4 qint=271440us click=29/30us cs=4
RUNTIMEDIAG pumps=6888860 events=61421 max=32 idle=1347069 queue=32
METDIAG en=1 src=0 beat=3 qint=271440us click=29/29us cs=3
RUNTIMEDIAG pumps=6917756 events=61542 max=32 idle=1349493 queue=32
METDIAG en=1 src=0 beat=3 qint=271440us click=29/29us cs=4
RUNTIMEDIAG pumps=6946433 events=61663 max=32 idle=1351916 queue=32
METDIAG en=1 src=0 beat=3 qint=271440us click=29/31us cs=4
RUNTIMEDIAG pumps=6969842 events=61784 max=32 idle=1354491 queue=32
METDIAG en=1 src=0 beat=3 qint=271440us click=29/29us cs=4
RUNTIMEDIAG pumps=6996829 events=61905 max=32 idle=1356959 queue=32
METDIAG en=1 src=0 beat=2 qint=271440us click=29/29us cs=3
RUNTIMEDIAG pumps=7025627 events=62026 max=32 idle=1359387 queue=32
METDIAG en=1 src=0 beat=2 qint=271440us click=29/29us cs=4
RUNTIMEDIAG pumps=7050462 events=62147 max=32 idle=1361918 queue=32
METDIAG en=1 src=0 beat=2 qint=271440us click=29/30us cs=4
RUNTIMEDIAG pumps=7075885 events=62268 max=32 idle=1364429 queue=32
METDIAG en=1 src=0 beat=1 qint=271440us click=29/29us cs=3
RUNTIMEDIAG pumps=7104624 events=62389 max=32 idle=1366853 queue=32
METDIAG en=1 src=0 beat=1 qint=271440us click=29/29us cs=4
RUNTIMEDIAG pumps=7131209 events=62510 max=32 idle=1369341 queue=32
METDIAG en=1 src=0 beat=1 qint=271440us click=29/31us cs=4
RUNTIMEDIAG pumps=7155036 events=62631 max=32 idle=1371896 queue=32
METDIAG en=1 src=0 beat=4 qint=271440us click=29/29us cs=3
RUNTIMEDIAG pumps=7183718 events=62752 max=32 idle=1374321 queue=32
METDIAG en=1 src=0 beat=4 qint=271440us click=29/29us cs=4
RUNTIMEDIAG pumps=7211888 events=62873 max=32 idle=1376767 queue=32
METDIAG en=1 src=0 beat=4 qint=271440us click=29/30us cs=4
RUNTIMEDIAG pumps=7234970 events=62994 max=32 idle=1379346 queue=32
METDIAG en=1 src=0 beat=3 qint=271440us click=29/29us cs=3
RUNTIMEDIAG pumps=7263597 events=63115 max=32 idle=1381771 queue=32
METDIAG en=1 src=0 beat=3 qint=271440us click=29/29us cs=4
RUNTIMEDIAG pumps=7292171 events=63236 max=32 idle=1384195 queue=32
METDIAG en=1 src=0 beat=3 qint=271440us click=29/31us cs=4
RUNTIMEDIAG pumps=7315459 events=63357 max=32 idle=1386773 queue=32
METDIAG en=1 src=0 beat=2 qint=271440us click=29/29us cs=3
RUNTIMEDIAG pumps=7344199 events=63478 max=32 idle=1389199 queue=32
METDIAG en=1 src=0 beat=2 qint=271440us click=29/29us cs=4
RUNTIMEDIAG pumps=7373050 events=63599 max=32 idle=1391625 queue=32
METDIAG en=1 src=0 beat=2 qint=271440us click=29/29us cs=4
RUNTIMEDIAG pumps=7396052 events=63720 max=32 idle=1394204 queue=32
METDIAG en=1 src=0 beat=1 qint=271440us click=29/29us cs=3
RUNTIMEDIAG pumps=7424897 events=63841 max=32 idle=1396629 queue=32
METDIAG en=1 src=0 beat=1 qint=271440us click=29/29us cs=4
RUNTIMEDIAG pumps=7453529 events=63962 max=32 idle=1399055 queue=32
METDIAG en=1 src=0 beat=1 qint=271440us click=29/29us cs=4
RUNTIMEDIAG pumps=7476635 events=64083 max=32 idle=1401631 queue=32
METDIAG en=1 src=0 beat=1 qint=271440us click=29/31us cs=4
RUNTIMEDIAG pumps=7503828 events=64204 max=32 idle=1404097 queue=32
METDIAG en=1 src=0 beat=4 qint=271440us click=29/29us cs=3
RUNTIMEDIAG pumps=7532566 events=64325 max=32 idle=1406521 queue=32
METDIAG en=1 src=0 beat=4 qint=271440us click=29/29us cs=4
RUNTIMEDIAG pumps=7557597 events=64446 max=32 idle=1409056 queue=32
METDIAG en=1 src=0 beat=4 qint=271440us click=29/29us cs=4
RUNTIMEDIAG pumps=7583068 events=64567 max=32 idle=1411565 queue=32
METDIAG en=1 src=0 beat=3 qint=271440us click=29/30us cs=3
RUNTIMEDIAG pumps=7611756 events=64688 max=32 idle=1413992 queue=32
METDIAG en=1 src=0 beat=3 qint=271440us click=29/29us cs=4
RUNTIMEDIAG pumps=7638199 events=64809 max=32 idle=1416481 queue=32
METDIAG en=1 src=0 beat=3 qint=271440us click=29/29us cs=4
RUNTIMEDIAG pumps=7662229 events=64930 max=32 idle=1419031 queue=32
METDIAG en=1 src=0 beat=2 qint=271440us click=29/31us cs=3
RUNTIMEDIAG pumps=7690860 events=65051 max=32 idle=1421458 queue=32
METDIAG en=1 src=0 beat=2 qint=271440us click=29/29us cs=4
RUNTIMEDIAG pumps=7719050 events=65172 max=32 idle=1423903 queue=32
METDIAG en=1 src=0 beat=2 qint=271440us click=29/29us cs=4
RUNTIMEDIAG pumps=7742098 events=65293 max=32 idle=1426484 queue=32
METDIAG en=1 src=0 beat=1 qint=271440us click=29/29us cs=3
RUNTIMEDIAG pumps=7771005 events=65414 max=32 idle=1428910 queue=32
METDIAG en=1 src=0 beat=1 qint=271440us click=29/30us cs=4
RUNTIMEDIAG pumps=7799531 events=65535 max=32 idle=1431336 queue=32
METDIAG en=1 src=0 beat=1 qint=271440us click=29/29us cs=4
RUNTIMEDIAG pumps=7822611 events=65656 max=32 idle=1433913 queue=32
METDIAG en=1 src=0 beat=4 qint=271440us click=29/29us cs=3
RUNTIMEDIAG pumps=7851294 events=65777 max=32 idle=1436337 queue=32
METDIAG en=1 src=0 beat=4 qint=271440us click=29/31us cs=4
RUNTIMEDIAG pumps=7880088 events=65898 max=32 idle=1438761 queue=32
METDIAG en=1 src=0 beat=4 qint=271440us click=29/29us cs=4
RUNTIMEDIAG pumps=7903210 events=66019 max=32 idle=1441339 queue=32
METDIAG en=1 src=0 beat=3 qint=271440us click=29/29us cs=3
RUNTIMEDIAG pumps=7932012 events=66140 max=32 idle=1443768 queue=32
METDIAG en=1 src=0 beat=3 qint=271440us click=29/29us cs=4
RUNTIMEDIAG pumps=7960756 events=66261 max=32 idle=1446192 queue=32
METDIAG en=1 src=0 beat=3 qint=271440us click=29/30us cs=4
RUNTIMEDIAG pumps=7983924 events=66382 max=32 idle=1448772 queue=32
METDIAG en=1 src=0 beat=3 qint=271440us click=29/30us cs=4
RUNTIMEDIAG pumps=8010986 events=66503 max=32 idle=1451233 queue=32
METDIAG en=1 src=0 beat=2 qint=271440us click=29/29us cs=3
RUNTIMEDIAG pumps=8039673 events=66624 max=32 idle=1453658 queue=32
METDIAG en=1 src=0 beat=2 qint=271440us click=29/31us cs=4
RUNTIMEDIAG pumps=8064565 events=66745 max=32 idle=1456194 queue=32
METDIAG en=1 src=0 beat=2 qint=271440us click=29/29us cs=4
RUNTIMEDIAG pumps=8090081 events=66866 max=32 idle=1458701 queue=32
METDIAG en=1 src=0 beat=1 qint=271440us click=29/29us cs=3
RUNTIMEDIAG pumps=8118882 events=66987 max=32 idle=1461127 queue=32
METDIAG en=1 src=0 beat=1 qint=271440us click=29/29us cs=4
RUNTIMEDIAG pumps=8145196 events=67108 max=32 idle=1463621 queue=32
METDIAG en=1 src=0 beat=1 qint=271440us click=29/29us cs=4
RUNTIMEDIAG pumps=8169280 events=67229 max=32 idle=1466172 queue=32
METDIAG en=1 src=0 beat=4 qint=271440us click=29/29us cs=3
RUNTIMEDIAG pumps=8197852 events=67350 max=32 idle=1468596 queue=32
METDIAG en=1 src=0 beat=4 qint=271440us click=29/31us cs=4
RUNTIMEDIAG pumps=8225740 events=67471 max=32 idle=1471043 queue=32
METDIAG en=1 src=0 beat=4 qint=271440us click=29/29us cs=4
RUNTIMEDIAG pumps=8248912 events=67592 max=32 idle=1473622 queue=32
METDIAG en=1 src=0 beat=3 qint=271440us click=29/29us cs=3
RUNTIMEDIAG pumps=8277767 events=67713 max=32 idle=1476049 queue=32
METDIAG en=1 src=0 beat=3 qint=271440us click=29/29us cs=4
RUNTIMEDIAG pumps=8306572 events=67834 max=32 idle=1478475 queue=32
METDIAG en=1 src=0 beat=3 qint=271440us click=29/30us cs=4
RUNTIMEDIAG pumps=8329780 events=67955 max=32 idle=1481054 queue=32
METDIAG en=1 src=0 beat=2 qint=271440us click=29/29us cs=3
RUNTIMEDIAG pumps=8358411 events=68076 max=32 idle=1483479 queue=32
METDIAG en=1 src=0 beat=2 qint=271440us click=29/29us cs=4
RUNTIMEDIAG pumps=8387157 events=68197 max=32 idle=1485904 queue=32
METDIAG en=1 src=0 beat=2 qint=271440us click=29/31us cs=4
RUNTIMEDIAG pumps=8410240 events=68318 max=32 idle=1488481 queue=32
METDIAG en=1 src=0 beat=1 qint=271440us click=29/29us cs=3
RUNTIMEDIAG pumps=8438983 events=68439 max=32 idle=1490907 queue=32
METDIAG en=1 src=0 beat=1 qint=271440us click=29/29us cs=4
RUNTIMEDIAG pumps=8467842 events=68560 max=32 idle=1493332 queue=32
METDIAG en=1 src=0 beat=1 qint=271440us click=29/29us cs=4
RUNTIMEDIAG pumps=8490807 events=68681 max=32 idle=1495912 queue=32
METDIAG en=1 src=0 beat=1 qint=271440us click=29/30us cs=4
RUNTIMEDIAG pumps=8518252 events=68802 max=32 idle=1498374 queue=32
METDIAG en=1 src=0 beat=4 qint=271440us click=29/29us cs=3
RUNTIMEDIAG pumps=8546887 events=68923 max=32 idle=1500799 queue=32
METDIAG en=1 src=0 beat=4 qint=271440us click=29/29us cs=4
RUNTIMEDIAG pumps=8569685 events=69042 max=32 idle=1503195 queue=32
METDIAG en=1 src=0 beat=4 qint=271440us click=29/31us cs=4
RUNTIMEDIAG pumps=8617738 events=69297 max=32 idle=1506679 queue=32
METDIAG en=1 src=0 beat=3 qint=271440us click=29/30us cs=7
RUNTIMEDIAG pumps=8643180 events=69421 max=32 idle=1508738 queue=32
METDIAG en=1 src=0 beat=3 qint=271440us click=29/29us cs=4
RUNTIMEDIAG pumps=8666550 events=69544 max=32 idle=1510841 queue=32
METDIAG en=1 src=0 beat=2 qint=271440us click=29/30us cs=3
RUNTIMEDIAG pumps=8688791 events=69668 max=32 idle=1512974 queue=32
METDIAG en=1 src=0 beat=2 qint=271440us click=29/30us cs=4
RUNTIMEDIAG pumps=8711103 events=69792 max=32 idle=1515092 queue=32
METDIAG en=1 src=0 beat=2 qint=271440us click=29/30us cs=4
RUNTIMEDIAG pumps=8726562 events=69918 max=32 idle=1516921 queue=32
METDIAG en=1 src=0 beat=1 qint=271440us click=29/31us cs=3
RUNTIMEDIAG pumps=8754415 events=70044 max=32 idle=1518895 queue=32
METDIAG en=1 src=0 beat=2 qint=271440us click=29/30us cs=5
RUNTIMEDIAG pumps=8793125 events=70281 max=32 idle=1521962 queue=32
METDIAG en=1 src=0 beat=4 qint=271440us click=29/30us cs=6
MUTEDBG press        t=587595 pressed=1 pending=0 tapHeld=0 muteHeld=1
MUTEDBG armed        t=587595 pressed=1 pending=1 tapHeld=0 muteHeld=1
RUNTIMEDIAG pumps=8843130 events=70544 max=32 idle=1526093 queue=32
METDIAG en=1 src=0 beat=4 qint=271440us click=29/30us cs=8
MUTEDBG commit-up    t=587679 pressed=0 pending=0 tapHeld=0 muteHeld=1
RUNTIMEDIAG pumps=8862197 events=70669 max=32 idle=1528261 queue=32
METDIAG en=1 src=0 beat=4 qint=271440us click=29/31us cs=4
MUTEDBG press        t=589003 pressed=1 pending=0 tapHeld=0 muteHeld=1
MUTEDBG armed        t=589003 pressed=1 pending=1 tapHeld=0 muteHeld=1
MUTEDBG commit-up    t=589143 pressed=0 pending=0 tapHeld=0 muteHeld=0
MUTEDBG press        t=589937 pressed=1 pending=0 tapHeld=0 muteHeld=1
MUTEDBG armed        t=589937 pressed=1 pending=1 tapHeld=0 muteHeld=1
MUTEDBG commit-up    t=590022 pressed=0 pending=0 tapHeld=0 muteHeld=0
RUNTIMEDIAG pumps=8898314 events=70909 max=32 idle=1531417 queue=32
METDIAG en=1 src=0 beat=3 qint=271440us click=29/30us cs=7
MUTEDBG press        t=591053 pressed=1 pending=0 tapHeld=0 muteHeld=1
MUTEDBG armed        t=591053 pressed=1 pending=1 tapHeld=0 muteHeld=1
MUTEDBG commit-400   t=591460 pressed=1 pending=0 tapHeld=0 muteHeld=0
RUNTIMEDIAG pumps=8946365 events=71169 max=32 idle=1535429 queue=32
METDIAG en=1 src=0 beat=2 qint=271440us click=29/30us cs=7
MUTEDBG press        t=593456 pressed=1 pending=0 tapHeld=0 muteHeld=1
MUTEDBG armed        t=593456 pressed=1 pending=1 tapHeld=0 muteHeld=1
RUNTIMEDIAG pumps=8974864 events=71292 max=32 idle=1537814 queue=32
METDIAG en=1 src=0 beat=2 qint=271440us click=29/29us cs=4
MUTEDBG commit-400   t=593860 pressed=1 pending=0 tapHeld=0 muteHeld=1
RUNTIMEDIAG pumps=8997799 events=71418 max=32 idle=1539457 queue=32
METDIAG en=1 src=0 beat=2 qint=271440us click=29/29us cs=4
MUTEDBG press        t=594937 pressed=1 pending=0 tapHeld=0 muteHeld=1
MUTEDBG armed        t=594937 pressed=1 pending=1 tapHeld=0 muteHeld=1
MUTEDBG commit-400   t=595340 pressed=1 pending=0 tapHeld=0 muteHeld=0
RUNTIMEDIAG pumps=9016715 events=71542 max=32 idle=1541613 queue=32
METDIAG en=1 src=0 beat=1 qint=271440us click=29/31us cs=3
RUNTIMEDIAG pumps=9039039 events=71666 max=32 idle=1543745 queue=32
METDIAG en=1 src=0 beat=1 qint=271440us click=29/30us cs=4
RUNTIMEDIAG pumps=9065247 events=71789 max=32 idle=1546243 queue=32
METDIAG en=1 src=0 beat=1 qint=271440us click=29/29us cs=4
MUTEDBG press        t=598181 pressed=1 pending=0 tapHeld=0 muteHeld=1
MUTEDBG armed        t=598181 pressed=1 pending=1 tapHeld=0 muteHeld=1
MUTEDBG commit-up    t=598316 pressed=0 pending=0 tapHeld=0 muteHeld=0
RUNTIMEDIAG pumps=9082835 events=71913 max=32 idle=1548446 queue=32
METDIAG en=1 src=0 beat=4 qint=271440us click=29/30us cs=3
RUNTIMEDIAG pumps=9110726 events=72037 max=32 idle=1550426 queue=32
METDIAG en=1 src=0 beat=4 qint=271440us click=29/30us cs=4
RUNTIMEDIAG pumps=9125335 events=72164 max=32 idle=1552296 queue=32
METDIAG en=1 src=0 beat=4 qint=271440us click=29/30us cs=4
RUNTIMEDIAG pumps=9148589 events=72285 max=32 idle=1554874 queue=32
METDIAG en=1 src=0 beat=3 qint=271440us click=29/29us cs=3
RUNTIMEDIAG pumps=9177333 events=72406 max=32 idle=1557298 queue=32
METDIAG en=1 src=0 beat=3 qint=271440us click=29/31us cs=4
RUNTIMEDIAG pumps=9206028 events=72527 max=32 idle=1559722 queue=32
METDIAG en=1 src=0 beat=3 qint=271440us click=29/29us cs=4
RUNTIMEDIAG pumps=9229157 events=72648 max=32 idle=1562301 queue=32
METDIAG en=1 src=0 beat=2 qint=271440us click=29/29us cs=3
RUNTIMEDIAG pumps=9257854 events=72769 max=32 idle=1564727 queue=32
METDIAG en=1 src=0 beat=2 qint=271440us click=29/29us cs=4
RUNTIMEDIAG pumps=9286497 events=72890 max=32 idle=1567154 queue=32
METDIAG en=1 src=0 beat=2 qint=271440us click=29/30us cs=4
RUNTIMEDIAG pumps=9309835 events=73011 max=32 idle=1569733 queue=32
METDIAG en=1 src=0 beat=1 qint=271440us click=29/29us cs=3
RUNTIMEDIAG pumps=9338469 events=73132 max=32 idle=1572157 queue=32
METDIAG en=1 src=0 beat=1 qint=271440us click=29/29us cs=4
RUNTIMEDIAG pumps=9367381 events=73253 max=32 idle=1574579 queue=32
METDIAG en=1 src=0 beat=1 qint=271440us click=29/31us cs=4
RUNTIMEDIAG pumps=9390264 events=73374 max=32 idle=1577158 queue=32
METDIAG en=1 src=0 beat=1 qint=271440us click=29/29us cs=4
RUNTIMEDIAG pumps=9417789 events=73495 max=32 idle=1579614 queue=32
METDIAG en=1 src=0 beat=4 qint=271440us click=29/29us cs=3
RUNTIMEDIAG pumps=9446492 events=73616 max=32 idle=1582042 queue=32
METDIAG en=1 src=0 beat=4 qint=271440us click=29/29us cs=4
RUNTIMEDIAG pumps=9471139 events=73737 max=32 idle=1584587 queue=32
METDIAG en=1 src=0 beat=4 qint=271440us click=29/29us cs=4
RUNTIMEDIAG pumps=9496953 events=73858 max=32 idle=1587085 queue=32
METDIAG en=1 src=0 beat=3 qint=271440us click=29/29us cs=3
RUNTIMEDIAG pumps=9525752 events=73979 max=32 idle=1589508 queue=32
METDIAG en=1 src=0 beat=3 qint=271440us click=29/29us cs=4
RUNTIMEDIAG pumps=9551987 events=74100 max=32 idle=1592009 queue=32
METDIAG en=1 src=0 beat=3 qint=271440us click=29/31us cs=4
RUNTIMEDIAG pumps=9576363 events=74221 max=32 idle=1594552 queue=32
METDIAG en=1 src=0 beat=2 qint=271440us click=29/29us cs=3
RUNTIMEDIAG pumps=9604949 events=74342 max=32 idle=1596977 queue=32
METDIAG en=1 src=0 beat=2 qint=271440us click=29/29us cs=4
RUNTIMEDIAG pumps=9632609 events=74463 max=32 idle=1599436 queue=32
METDIAG en=1 src=0 beat=2 qint=271440us click=29/30us cs=4
RUNTIMEDIAG pumps=9655824 events=74584 max=32 idle=1602014 queue=32
METDIAG en=1 src=0 beat=1 qint=271440us click=29/29us cs=3
RUNTIMEDIAG pumps=9684519 events=74705 max=32 idle=1604439 queue=32
METDIAG en=1 src=0 beat=1 qint=271440us click=29/29us cs=4
RUNTIMEDIAG pumps=9713328 events=74826 max=32 idle=1606863 queue=32
METDIAG en=1 src=0 beat=1 qint=271440us click=29/31us cs=4
RUNTIMEDIAG pumps=9736255 events=74947 max=32 idle=1609442 queue=32
METDIAG en=1 src=0 beat=4 qint=271440us click=29/29us cs=3
RUNTIMEDIAG pumps=16373 events=117 max=3 idle=2739 queue=32
METDIAG en=1 src=0 beat=2 qint=499920us click=29/30us cs=2
RUNTIMEDIAG pumps=32568 events=238 max=4 idle=5443 queue=32
METDIAG en=1 src=0 beat=4 qint=499920us click=30/30us cs=2
RUNTIMEDIAG pumps=48883 events=359 max=4 idle=8148 queue=32
METDIAG en=1 src=0 beat=2 qint=499920us click=30/30us cs=2
RUNTIMEDIAG pumps=65085 events=480 max=4 idle=10852 queue=32
METDIAG en=1 src=0 beat=4 qint=499920us click=30/30us cs=2
RUNTIMEDIAG pumps=81398 events=601 max=4 idle=13553 queue=32
METDIAG en=1 src=0 beat=2 qint=499920us click=30/30us cs=2
RUNTIMEDIAG pumps=97603 events=722 max=4 idle=16255 queue=32
METDIAG en=1 src=0 beat=4 qint=499920us click=30/30us cs=2
RUNTIMEDIAG pumps=113927 events=843 max=4 idle=18959 queue=32
METDIAG en=1 src=0 beat=2 qint=499920us click=30/30us cs=2
RUNTIMEDIAG pumps=130139 events=964 max=4 idle=21662 queue=32
METDIAG en=1 src=0 beat=4 qint=499920us click=30/30us cs=2
RUNTIMEDIAG pumps=146471 events=1085 max=4 idle=24365 queue=32
METDIAG en=1 src=0 beat=2 qint=499920us click=30/31us cs=2
RUNTIMEDIAG pumps=162688 events=1206 max=4 idle=27066 queue=32
METDIAG en=1 src=0 beat=4 qint=499920us click=30/30us cs=2
RUNTIMEDIAG pumps=179027 events=1327 max=4 idle=29769 queue=32
METDIAG en=1 src=0 beat=2 qint=499920us click=30/30us cs=2
RUNTIMEDIAG pumps=195254 events=1448 max=4 idle=32470 queue=32
METDIAG en=1 src=0 beat=4 qint=499920us click=30/30us cs=2
RUNTIMEDIAG pumps=211596 events=1569 max=4 idle=35172 queue=32
METDIAG en=1 src=0 beat=2 qint=499920us click=30/30us cs=2
RUNTIMEDIAG pumps=227832 events=1690 max=4 idle=37874 queue=32
METDIAG en=1 src=0 beat=4 qint=499920us click=30/30us cs=2
RUNTIMEDIAG pumps=244180 events=1811 max=4 idle=40575 queue=32
METDIAG en=1 src=0 beat=2 qint=499920us click=30/30us cs=2
RUNTIMEDIAG pumps=260420 events=1932 max=4 idle=43276 queue=32
METDIAG en=1 src=0 beat=4 qint=499920us click=30/30us cs=2
RUNTIMEDIAG pumps=276663 events=2053 max=4 idle=45978 queue=32
METDIAG en=1 src=0 beat=2 qint=499920us click=30/30us cs=2
RUNTIMEDIAG pumps=292912 events=2174 max=4 idle=48680 queue=32
METDIAG en=1 src=0 beat=4 qint=499920us click=30/30us cs=2
RUNTIMEDIAG pumps=309166 events=2295 max=4 idle=51383 queue=32
METDIAG en=1 src=0 beat=2 qint=499920us click=30/30us cs=2
RUNTIMEDIAG pumps=325423 events=2416 max=4 idle=54085 queue=32
METDIAG en=1 src=0 beat=4 qint=499920us click=30/30us cs=2
RUNTIMEDIAG pumps=341681 events=2537 max=4 idle=56786 queue=32
METDIAG en=1 src=0 beat=2 qint=499920us click=30/31us cs=2
