---- Opened serial port COM4 at 115200 baud ----
---- Session log: C:\Users\Pete\Documents\Chattest\ChatTest\.\logs\serial_COM4_20260526_212744.log ----
---- Press Ctrl+C to stop capture ----
CLKDIAG ext_active=1 transport_run=1 rearm_pending=0 ss=0 t_servicmax_us=0 beat_service_samples=0 tb_active=1 tb_phase_us=0 tb_phase_pct_x10=0 tb_vel_usps=0 tb_q_depth=0 tb_q_peak=1 tb_enq=48 tb_emit=48 tb_drop=0 tb_clamp_min=0 tb_clamp_max=0 tb_late_avg_us=1 tb_late_max_us=1 tb_late_samples=48
BPMDIAG raw_bpm=109.9 raw_valid=1 source_bpm=0.0 source_valid=0 est_window=73 history_confidence=S est_valid=1 publication_ready=0 sync_state=I live_lock=L display_bpm=120.0 display_external=0 sync_lost=0 display_age_ms=0 delta=0.0 hysteresis=0.0 hold=0 slew_pending=0
METDIAG en=1 src=0 beat=0 qint=500000us click=0/0us cs=0
CLKDIAG ext_active=1 transport_run=0 rearm_pending=0 sync_lost=0 barbeat_valid=0 interval_samples=44 interval_avg_us=22740 interval_min_us=18844 interval_max_us=26572 interval_pkpk_us=7728 raw_bpm=110.1 est_window=91 est_observed=96 history_confidence=S est_valid=1 publication_ready=0 sync_state=IDLE sync_state_age_ms=13605 holdover_ms=0 last_lock_age_ms=0 last_transition=IDLE->IDLE transition_reason=NONE transition_age_ms=0 transition_phase_err_us=0 transition_window=0 transition_observed=0 acq_ms_last=0 acq_ms_avg=0 acq_ms_max=0 relock_ms_last=0 relock_ms_avg=0 relock_ms_max=0 lock_acquired=0 acquire_success=0 relock_success=0 lock_lost=0 holdover_entries=0 adapt_action=NONE adapt_action_age_ms=0 adapt_last_rollback=0 adapt_prob_active=0 adapt_prob_action=NONE adapt_prob_windows=0 adapt_win_age_ms=5172 adapt_win_relock_ms=0 adapt_win_jitter_us=0 adapt_win_jitter_samples=0 adapt_win_lock_lost=0 adapt_win_holdover=0 adapt_cd_windows=0 adapt_stable_windows=0 adapt_levels=0/0/0 adapt_gains=2/16/8/64 adapt_lock_div=5/3 adapt_lock_stable=12 phase_tick=0.000 phase_src=- live_lock=L pll_err_us=635 pll_phase_corr_us=79 pll_freq_corr_us=9 rx_q_now=0 rx_q_peak=0 rx_q_lifetime_peak=0 rx_drop_interval=0 rx_drop_total=0 rx_latency_avg_us=0 rx_latency_max_us=0 rx_latency_samples=0 beat_service_avg_us=0 beat_service_max_us=0 beat_service_samples=0 tb_active=1 tb_phase_us=0 tb_phase_pct_x10=0 tb_vel_usps=0 tb_q_depth=0 tb_q_peak=1 tb_enq=48 tb_emit=48 tb_drop=0 tb_clamp_min=0 tb_clamp_max=0 tb_late_avg_us=1 tb_late_max_us=2 tb_late_samples=48
BPMDIAG raw_bpm=110.0 raw_valid=1 source_bpm=0.0 source_valid=0 est_window=95 history_confidence=S est_valid=1 publication_ready=0 sync_state=I live_lock=L display_bpm=120.0 display_external=0 sync_lost=0 display_age_ms=0 delta=0.0 hysteresis=0.0 hold=0 slew_pending=0
METDIAG en=1 src=0 beat=0 qint=500000us click=0/0us cs=0
CLKDIAG ext_active=1 transport_run=0 rearm_pending=0 sync_lost=0 barbeat_valid=0 interval_samples=44 interval_avg_us=22720 interval_min_us=17944 interval_max_us=26332 interval_pkpk_us=8388 raw_bpm=110.1 est_window=96 est_observed=96 history_confidence=S est_valid=1 publication_ready=0 sync_state=IDLE sync_state_age_ms=14605 holdover_ms=0 last_lock_age_ms=0 last_transition=IDLE->IDLE transition_reason=NONE transition_age_ms=0 transition_phase_err_us=0 transition_window=0 transition_observed=0 acq_ms_last=0 acq_ms_avg=0 acq_ms_max=0 relock_ms_last=0 relock_ms_avg=0 relock_ms_max=0 lock_acquired=0 acquire_success=0 relock_success=0 lock_lost=0 holdover_entries=0 adapt_action=NONE adapt_action_age_ms=0 adapt_last_rollback=0 adapt_prob_active=0 adapt_prob_action=NONE adapt_prob_windows=0 adapt_win_age_ms=6172 adapt_win_relock_ms=0 adapt_win_jitter_us=0 adapt_win_jitter_samples=0 adapt_win_lock_lost=0 adapt_win_holdover=0 adapt_cd_windows=0 adapt_stable_windows=0 adapt_levels=0/0/0 adapt_gains=2/16/8/64 adapt_lock_div=5/3 adapt_lock_stable=12 phase_tick=0.000 phase_src=- live_lock=L pll_err_us=719 pll_phase_corr_us=89 pll_freq_corr_us=11 rx_q_now=0 rx_q_peak=0 rx_q_lifetime_peak=0 rx_drop_interval=0 rx_drop_total=0 rx_latency_avg_us=0 rx_latency_max_us=0 rx_latency_samples=0 beat_service_avg_us=0 beat_service_max_us=0 beat_service_samples=0 tb_active=1 tb_phase_us=0 tb_phase_pct_x10=0 tb_vel_usps=0 tb_q_depth=0 tb_q_peak=1 tb_enq=48 tb_emit=48 tb_drop=0 tb_clamp_min=0 tb_clamp_max=0 tb_late_avg_us=1 tb_late_max_us=1 tb_late_samples=48
BPMDIAG raw_bpm=109.9 raw_valid=1 source_bpm=0.0 source_valid=0 est_window=96 history_confidence=S est_valid=1 publication_ready=0 sync_state=I live_lock=L display_bpm=120.0 display_external=0 sync_lost=0 display_age_ms=0 delta=0.0 hysteresis=0.0 hold=0 slew_pending=0
METDIAG en=1 src=0 beat=0 qint=500000us click=0/0us cs=0
SYNCEVT event=SYNC_EVENT_STATE_TRANSITION from=IDLE to=REARM reason=ENTER_REARM age_ms=157 phase_err_us=1864 window=96 observed=96 overflow_total=0
CLKDIAG ext_active=0 transport_run=0 rearm_pending=1 sync_lost=0 barbeat_valid=0 interval_samples=39 interval_avg_us=22766 interval_min_us=18640 interval_max_us=25870 interval_pkpk_us=7230 raw_bpm=0.0 est_window=96 est_observed=96 history_confidence=S est_valid=1 publication_ready=0 sync_state=REARM sync_state_age_ms=157 holdover_ms=0 last_lock_age_ms=0 last_transition=IDLE->REARM transition_reason=ENTER_REARM transition_age_ms=157 transition_phase_err_us=1864 transition_window=96 transition_observed=96 acq_ms_last=0 acq_ms_avg=0 acq_ms_max=0 relock_ms_last=0 relock_ms_avg=0 relock_ms_max=0 lock_acquired=0 acquire_success=0 relock_success=0 lock_lost=0 holdover_entries=0 adapt_action=NONE adapt_action_age_ms=0 adapt_last_rollback=0 adapt_prob_active=0 adapt_prob_action=NONE adapt_prob_windows=0 adapt_win_age_ms=7207 adapt_win_relock_ms=0 adapt_win_jitter_us=0 adapt_win_jitter_samples=0 adapt_win_lock_lost=0 adapt_win_holdover=0 adapt_cd_windows=0 adapt_stable_windows=0 adapt_levels=0/0/0 adapt_gains=2/16/8/64 adapt_lock_div=5/3 adapt_lock_stable=12 phase_tick=0.000 phase_src=- live_lock=L pll_err_us=1864 pll_phase_corr_us=233 pll_freq_corr_us=29 rx_q_now=0 rx_q_peak=0 rx_q_lifetime_peak=0 rx_drop_interval=0 rx_drop_total=0 rx_latency_avg_us=0 rx_latency_max_us=0 rx_latency_samples=0 beat_service_avg_us=0 beat_service_max_us=0 beat_service_samples=0 tb_active=1 tb_phase_us=0 tb_phase_pct_x10=0 tb_vel_usps=0 tb_q_depth=0 tb_q_peak=1 tb_enq=50 tb_emit=50 tb_drop=0 tb_clamp_min=0 tb_clamp_max=0 tb_late_avg_us=1 tb_late_max_us=1 tb_late_samples=50
METDIAG en=1 src=0 beat=0 qint=500000us click=0/0us cs=0
SYNCEVT event=SYNC_EVENT_STATE_TRANSITION from=REARM to=ACQUIRE reason=TRANSPORT_ARMED age_ms=172 phase_err_us=6834 window=1 observed=6 overflow_total=0
CLKDIAG ext_active=1 transport_run=1 rearm_pending=0 sync_lost=0 barbeat_valid=1 interval_samples=26 interval_avg_us=22580 interval_min_us=18134 interval_max_us=26284 interval_pkpk_us=8150 raw_bpm=112.1 est_window=2 est_observed=26 history_confidence=O est_valid=0 publication_ready=0 sync_state=ACQUIRE sync_state_age_ms=463 holdover_ms=0 last_lock_age_ms=0 last_transition=REARM->ACQUIRE transition_reason=TRANSPORT_ARMED transition_age_ms=463 transition_phase_err_us=6834 transition_window=1 transition_observed=6 acq_ms_last=0 acq_ms_avg=0 acq_ms_max=0 relock_ms_last=0 relock_ms_avg=0 relock_ms_max=0 lock_acquired=0 acquire_success=0 relock_success=0 lock_lost=0 holdover_entries=0 adapt_action=NONE adapt_action_age_ms=0 adapt_last_rollback=0 adapt_prob_active=0 adapt_prob_action=NONE adapt_prob_windows=0 adapt_win_age_ms=463 adapt_win_relock_ms=0 adapt_win_jitter_us=0 adapt_win_jitter_samples=0 adapt_win_lock_lost=0 adapt_win_holdover=0 adapt_cd_windows=0 adapt_stable_windows=0 adapt_levels=0/0/0 adapt_gains=2/16/8/64 adapt_lock_div=5/3 adapt_lock_stable=12 phase_tick=27.760 phase_src=e live_lock=A pll_err_us=-1303 pll_phase_corr_us=-651 pll_freq_corr_us=-81 rx_q_now=0 rx_q_peak=0 rx_q_lifetime_peak=0 rx_drop_interval=0 rx_drop_total=0 rx_latency_avg_us=0 rx_latency_max_us=0 rx_latency_samples=0 beat_service_avg_us=22 beat_service_max_us=22 beat_service_samples=1 tb_active=1 tb_phase_us=0 tb_phase_pct_x10=0 tb_vel_usps=0 tb_q_depth=0 tb_q_peak=1 tb_enq=47 tb_emit=47 tb_drop=0 tb_clamp_min=0 tb_clamp_max=0 tb_late_avg_us=1 tb_late_max_us=2 tb_late_samples=47
BPMDIAG raw_bpm=107.9 raw_valid=1 source_bpm=0.0 source_valid=0 est_window=4 history_confidence=T est_valid=1 publication_ready=0 sync_state=A live_lock=L display_bpm=120.0 display_external=0 sync_lost=0 display_age_ms=0 delta=0.0 hysteresis=0.0 hold=0 slew_pending=0
METDIAG en=1 src=1 beat=2 qint=520392us click=46/57us cs=3
SYNCEVT event=SYNC_EVENT_STATE_TRANSITION from=ACQUIRE to=TRACKING reason=TRACKING_READY age_ms=0 phase_err_us=-785 window=6 observed=38 overflow_total=0
SYNCEVT event=SYNC_EVENT_LOCK_ACQUIRED from=TRACKING to=LOCKED reason=LOCK_CONFIRMED age_ms=20 phase_err_us=-2302 window=10 observed=48 overflow_total=0
CLKDIAG ext_active=1 transport_run=1 rearm_pending=0 sync_lost=0 barbeat_valid=1 interval_samples=44 interval_avg_us=22753 interval_min_us=18259 interval_max_us=25804 interval_pkpk_us=7545 raw_bpm=110.4 est_window=23 est_observed=70 history_confidence=S est_valid=1 publication_ready=1 sync_state=LOCKED sync_state_age_ms=497 holdover_ms=0 last_lock_age_ms=497 last_transition=TRACKING->LOCKED transition_reason=LOCK_CONFIRMED transition_age_ms=497 transition_phase_err_us=-2302 transition_window=10 transition_observed=48 acq_ms_last=966 acq_ms_avg=966 acq_ms_max=966 relock_ms_last=0 relock_ms_avg=0 relock_ms_max=0 lock_acquired=1 acquire_success=1 relock_success=0 lock_lost=0 holdover_entries=0 adapt_action=NONE adapt_action_age_ms=0 adapt_last_rollback=0 adapt_prob_active=0 adapt_prob_action=NONE adapt_prob_windows=0 adapt_win_age_ms=1463 adapt_win_relock_ms=0 adapt_win_jitter_us=1717 adapt_win_jitter_samples=37 adapt_win_lock_lost=0 adapt_win_holdover=0 adapt_cd_windows=0 adapt_stable_windows=0 adapt_levels=0/0/0 adapt_gains=2/16/8/64 adapt_lock_div=5/3 adapt_lock_stable=12 phase_tick=71.716 phase_src=e live_lock=L pll_err_us=-451 pll_phase_corr_us=-56 pll_freq_corr_us=-7 rx_q_now=0 rx_q_peak=0 rx_q_lifetime_peak=0 rx_drop_interval=0 rx_drop_total=0 rx_latency_avg_us=0 rx_latency_max_us=0 rx_latency_samples=0 beat_service_avg_us=35 beat_service_max_us=35 beat_service_samples=1 tb_active=1 tb_phase_us=0 tb_phase_pct_x10=0 tb_vel_usps=0 tb_q_depth=0 tb_q_peak=1 tb_enq=45 tb_emit=45 tb_drop=0 tb_clamp_min=0 tb_clamp_max=0 tb_late_avg_us=2 tb_late_max_us=46 tb_late_samples=45
BPMDIAG raw_bpm=109.7 raw_valid=1 source_bpm=109.8 source_valid=1 est_window=26 history_confidence=S est_valid=1 publication_ready=1 sync_state=L live_lock=L display_bpm=110.0 display_external=1 sync_lost=0 display_age_ms=657 delta=0.2 hysteresis=0.2 hold=1 slew_pending=0
METDIAG en=1 src=1 beat=4 qint=544320us click=735/1397us cs=2
SYNCADAPT action=TRACK_NARROW rollback=0 probation_action=TRACK_NARROW probation_windows=2 relock_avg_ms=0 jitter_avg_us=1539 lock_lost=0 holdover_entries=0 levels=acq0,track1,hyst0 gains=ap2,af16,tp10,tf80 lock_div=enter5,exit3 lock_stable=12\r\nCLKDIAG ext_active=1 transport_run=1 rearm_pending=0 sync_lost=0 barbeat_valid=1 interval_samples=44 interval_avg_us=22689 interval_min_us=18282 interval_max_us=25644 interval_pkpk_us=7362 raw_bpm=110.4 est_window=45 est_observed=96 history_confidence=S est_valid=1 publication_ready=1 sync_state=LOCKED sync_state_age_ms=1497 holdover_ms=0 last_lock_age_ms=1497 last_transition=TRACKING->LOCKED transition_reason=LOCK_CONFIRMED transition_age_ms=1497 transition_phase_err_us=-2302 transition_window=10 transition_observed=48 acq_ms_last=966 acq_ms_avg=966 acq_ms_max=966 relock_ms_last=0 relock_ms_avg=0 relock_ms_max=0 lock_acquired=1 acquire_success=1 relock_success=0 lock_lost=0 holdover_entries=0 adapt_action=TRACK_NARROW adapt_action_age_ms=463 adapt_last_rollback=0 adapt_prob_active=1 adapt_prob_action=TRACK_NARROW adapt_prob_windows=2 adapt_win_age_ms=463 adapt_win_relock_ms=0 adapt_win_jitter_us=1218 adapt_win_jitter_samples=20 adapt_win_lock_lost=0 adapt_win_holdover=0 adapt_cd_windows=1 adapt_stable_windows=0 adapt_levels=0/1/0 adapt_gains=2/16/10/80 adapt_lock_div=5/3 adapt_lock_stable=12 phase_tick=115.726 phase_src=e live_lock=L pll_err_us=-2072 pll_phase_corr_us=-207 pll_freq_corr_us=-25 rx_q_now=0 rx_q_peak=0 rx_q_lifetime_peak=0 rx_drop_interval=0 rx_drop_total=0 rx_latency_avg_us=0 rx_latency_max_us=0 rx_latency_samples=0 beat_service_avg_us=43 beat_service_max_us=46 beat_service_samples=2 tb_active=1 tb_phase_us=0 tb_phase_pct_x10=0 tb_vel_usps=0 tb_q_depth=0 tb_q_peak=1 tb_enq=44 tb_emit=44 tb_drop=0 tb_clamp_min=0 tb_clamp_max=0 tb_late_avg_us=1 tb_late_max_us=2 tb_late_samples=44
BPMDIAG raw_bpm=109.9 raw_valid=1 source_bpm=110.0 source_valid=1 est_window=48 history_confidence=S est_valid=1 publication_ready=1 sync_state=L live_lock=L display_bpm=110.0 display_external=1 sync_lost=0 display_age_ms=1669 delta=0.0 hysteresis=0.2 hold=1 slew_pending=0
METDIAG en=1 src=1 beat=2 qint=546502us click=565/1053us cs=2
CLKDIAG ext_active=1 transport_run=1 rearm_pending=0 sync_lost=0 barbeat_valid=1 interval_samples=44 interval_avg_us=22725 interval_min_us=18468 interval_max_us=25558 interval_pkpk_us=7090 raw_bpm=110.3 est_window=64 est_observed=96 history_confidence=S est_valid=1 publication_ready=1 sync_state=LOCKED sync_state_age_ms=2497 holdover_ms=0 last_lock_age_ms=2497 last_transition=TRACKING->LOCKED transition_reason=LOCK_CONFIRMED transition_age_ms=2497 transition_phase_err_us=-2302 transition_window=10 transition_observed=48 acq_ms_last=966 acq_ms_avg=966 acq_ms_max=966 relock_ms_last=0 relock_ms_avg=0 relock_ms_max=0 lock_acquired=1 acquire_success=1 relock_success=0 lock_lost=0 holdover_entries=0 adapt_action=TRACK_NARROW adapt_action_age_ms=1463 adapt_last_rollback=0 adapt_prob_active=1 adapt_prob_action=TRACK_NARROW adapt_prob_windows=2 adapt_win_age_ms=1463 adapt_win_relock_ms=0 adapt_win_jitter_us=1150 adapt_win_jitter_samples=56 adapt_win_lock_lost=0 adapt_win_holdover=0 adapt_cd_windows=1 adapt_stable_windows=0 adapt_levels=0/1/0 adapt_gains=2/16/10/80 adapt_lock_div=5/3 adapt_lock_stable=12 phase_tick=159.724 phase_src=e live_lock=L pll_err_us=-2255 pll_phase_corr_us=-225 pll_freq_corr_us=-28 rx_q_now=0 rx_q_peak=0 rx_q_lifetime_peak=0 rx_drop_interval=0 rx_drop_total=0 rx_latency_avg_us=0 rx_latency_max_us=0 rx_latency_samples=0 beat_service_avg_us=52 beat_service_max_us=55 beat_service_samples=2 tb_active=1 tb_phase_us=0 tb_phase_pct_x10=0 tb_vel_usps=0 tb_q_depth=0 tb_q_peak=1 tb_enq=44 tb_emit=44 tb_drop=0 tb_clamp_min=0 tb_clamp_max=0 tb_late_avg_us=1 tb_late_max_us=1 tb_late_samples=44
Encoder 2 CW
Encoder 2 CW
BPMDIAG raw_bpm=109.9 raw_valid=1 source_bpm=110.1 source_valid=1 est_window=67 history_confidence=S est_valid=1 publication_ready=1 sync_state=L live_lock=L display_bpm=110.0 display_external=1 sync_lost=0 display_age_ms=2669 delta=0.1 hysteresis=0.2 hold=1 slew_pending=0
Encoder 2 CW
METDIAG en=1 src=1 beat=4 qint=544501us click=242/395us cs=2
Encoder 2 CW
Encoder 2 CW
Encoder 2 CW
Encoder 2 CW
Encoder 2 CW
Encoder 2 CW
Encoder 2 CW
Encoder 2 CW
Encoder 2 CW
Encoder 2 CW
Encoder 2 CW
Encoder 2 CW
Encoder 2 CW
Encoder 2 CW
Encoder 2 CW
Encoder 2 CCW
Encoder 2 CCW
Encoder 2 CCW
Encoder 2 CCW
Encoder 2 CCW
Encoder 2 CCW
CLKDIAG ext_active=1 transport_run=1 rearm_pending=0 sync_lost=0 barbeat_valid=1 interval_samples=44 interval_avg_us=22728 interval_min_us=18120 interval_max_us=25448 interval_pkpk_us=7328 raw_bpm=110.0 est_window=82 est_observed=96 history_confidence=S est_valid=1 publication_ready=1 sync_state=LOCKED sync_state_age_ms=3497 holdover_ms=0 last_lock_age_ms=3497 last_transition=TRACKING->LOCKED transition_reason=LOCK_CONFIRMED transition_age_ms=3497 transition_phase_err_us=-2302 transition_window=10 transition_observed=48 acq_ms_last=966 acq_ms_avg=966 acq_ms_max=966 relock_ms_last=0 relock_ms_avg=0 relock_ms_max=0 lock_acquired=1 acquire_success=1 relock_success=0 lock_lost=0 holdover_entries=0 adapt_action=TRACK_NARROW adapt_action_age_ms=2463 adapt_last_rollback=0 adapt_prob_active=1 adapt_prob_action=TRACK_NARROW adapt_prob_windows=2 adapt_win_age_ms=2463 adapt_win_relock_ms=0 adapt_win_jitter_us=1167 adapt_win_jitter_samples=94 adapt_win_lock_lost=0 adapt_win_holdover=0 adapt_cd_windows=1 adapt_stable_windows=0 adapt_levels=0/1/0 adapt_gains=2/16/10/80 adapt_lock_div=5/3 adapt_lock_stable=12 phase_tick=203.730 phase_src=e live_lock=L pll_err_us=-2053 pll_phase_corr_us=-205 pll_freq_corr_us=-25 rx_q_now=0 rx_q_peak=0 rx_q_lifetime_peak=0 rx_drop_interval=0 rx_drop_total=0 rx_latency_avg_us=0 rx_latency_max_us=0 rx_latency_samples=0 beat_service_avg_us=60 beat_service_max_us=63 beat_service_samples=2 tb_active=1 tb_phase_us=7633 tb_phase_pct_x10=336 tb_vel_usps=5089 tb_q_depth=0 tb_q_peak=1 tb_enq=44 tb_emit=44 tb_drop=0 tb_clamp_min=0 tb_clamp_max=0 tb_late_avg_us=1 tb_late_max_us=3 tb_late_samples=44
Encoder 2 CCW
Encoder 2 CCW
BPMDIAG raw_bpm=109.9 raw_valid=1 source_bpm=110.1 source_valid=1 est_window=87 history_confidence=S est_valid=1 publication_ready=1 sync_state=L live_lock=L display_bpm=110.0 display_external=1 sync_lost=0 display_age_ms=3669 delta=0.1 hysteresis=0.2 hold=1 slew_pending=0
Encoder 2 CCW
Encoder 2 CCW
Encoder 2 CCW
METDIAG en=1 src=1 beat=1 qint=546747us click=2701/2701us cs=1
Encoder 2 CCW
Encoder 2 CCW
Encoder 2 CCW
CLKDIAG ext_active=1 transport_run=1 rearm_pending=0 sync_lost=0 barbeat_valid=1 interval_samples=44 interval_avg_us=22754 interval_min_us=18460 interval_max_us=25640 interval_pkpk_us=7180 raw_bpm=110.1 est_window=96 est_observed=96 history_confidence=S est_valid=1 publication_ready=1 sync_state=LOCKED sync_state_age_ms=4497 holdover_ms=0 last_lock_age_ms=4497 last_transition=TRACKING->LOCKED transition_reason=LOCK_CONFIRMED transition_age_ms=4497 transition_phase_err_us=-2302 transition_window=10 transition_observed=48 acq_ms_last=966 acq_ms_avg=966 acq_ms_max=966 relock_ms_last=0 relock_ms_avg=0 relock_ms_max=0 lock_acquired=1 acquire_success=1 relock_success=0 lock_lost=0 holdover_entries=0 adapt_action=TRACK_NARROW adapt_action_age_ms=3463 adapt_last_rollback=0 adapt_prob_active=1 adapt_prob_action=TRACK_NARROW adapt_prob_windows=2 adapt_win_age_ms=3463 adapt_win_relock_ms=0 adapt_win_jitter_us=1161 adapt_win_jitter_samples=132 adapt_win_lock_lost=0 adapt_win_holdover=0 adapt_cd_windows=1 adapt_stable_windows=0 adapt_levels=0/1/0 adapt_gains=2/16/10/80 adapt_lock_div=5/3 adapt_lock_stable=12 phase_tick=247.716 phase_src=e live_lock=L pll_err_us=-1006 pll_phase_corr_us=-100 pll_freq_corr_us=-12 rx_q_now=0 rx_q_peak=0 rx_q_lifetime_peak=0 rx_drop_interval=0 rx_drop_total=0 rx_latency_avg_us=0 rx_latency_max_us=0 rx_latency_samples=0 beat_service_avg_us=49 beat_service_max_us=66 beat_service_samples=2 tb_active=1 tb_phase_us=1897 tb_phase_pct_x10=83 tb_vel_usps=-2819 tb_q_depth=0 tb_q_peak=1 tb_enq=44 tb_emit=44 tb_drop=0 tb_clamp_min=0 tb_clamp_max=0 tb_late_avg_us=1 tb_late_max_us=1 tb_late_samples=44
BPMDIAG raw_bpm=109.8 raw_valid=1 source_bpm=110.1 source_valid=1 est_window=96 history_confidence=S est_valid=1 publication_ready=1 sync_state=L live_lock=L display_bpm=110.0 display_external=1 sync_lost=0 display_age_ms=22 delta=0.1 hysteresis=0.2 hold=1 slew_pending=0
METDIAG en=1 src=1 beat=3 qint=543420us click=194/325us cs=2
CLKDIAG ext_active=1 transport_run=1 rearm_pending=0 sync_lost=0 barbeat_valid=1 interval_samples=44 interval_avg_us=22721 interval_min_us=18460 interval_max_us=25680 interval_pkpk_us=7220 raw_bpm=110.2 est_window=96 est_observed=96 history_confidence=S est_valid=1 publication_ready=1 sync_state=LOCKED sync_state_age_ms=5497 holdover_ms=0 last_lock_age_ms=5497 last_transition=TRACKING->LOCKED transition_reason=LOCK_CONFIRMED transition_age_ms=5497 transition_phase_err_us=-2302 transition_window=10 transition_observed=48 acq_ms_last=966 acq_ms_avg=966 acq_ms_max=966 relock_ms_last=0 relock_ms_avg=0 relock_ms_max=0 lock_acquired=1 acquire_success=1 relock_success=0 lock_lost=0 holdover_entries=0 adapt_action=TRACK_NARROW adapt_action_age_ms=4463 adapt_last_rollback=0 adapt_prob_active=1 adapt_prob_action=TRACK_NARROW adapt_prob_windows=2 adapt_win_age_ms=4463 adapt_win_relock_ms=0 adapt_win_jitter_us=1176 adapt_win_jitter_samples=170 adapt_win_lock_lost=0 adapt_win_holdover=0 adapt_cd_windows=1 adapt_stable_windows=0 adapt_levels=0/1/0 adapt_gains=2/16/10/80 adapt_lock_div=5/3 adapt_lock_stable=12 phase_tick=291.703 phase_src=e live_lock=L pll_err_us=-1488 pll_phase_corr_us=-148 pll_freq_corr_us=-18 rx_q_now=0 rx_q_peak=0 rx_q_lifetime_peak=0 rx_drop_interval=0 rx_drop_total=0 rx_latency_avg_us=0 rx_latency_max_us=0 rx_latency_samples=0 beat_service_avg_us=31 beat_service_max_us=32 beat_service_samples=2 tb_active=1 tb_phase_us=-56 tb_phase_pct_x10=-2 tb_vel_usps=-214 tb_q_depth=0 tb_q_peak=1 tb_enq=44 tb_emit=44 tb_drop=0 tb_clamp_min=0 tb_clamp_max=0 tb_late_avg_us=1 tb_late_max_us=2 tb_late_samples=44
BPMDIAG raw_bpm=109.8 raw_valid=1 source_bpm=109.9 source_valid=1 est_window=96 history_confidence=S est_valid=1 publication_ready=1 sync_state=L live_lock=L display_bpm=109.9 display_external=1 sync_lost=0 display_age_ms=272 delta=0.0 hysteresis=0.2 hold=1 slew_pending=0
METDIAG en=1 src=1 beat=1 qint=544566us click=630/1197us cs=2
Encoder 2 CW
Encoder 2 CW
Encoder 2 CW
Encoder 2 CW
Encoder 2 CW
Encoder 2 CW
Encoder 2 CW
Encoder 2 CW
Encoder 2 CW
Encoder 2 CW
CLKDIAG ext_active=1 transport_run=1 rearm_pending=0 sync_lost=0 barbeat_valid=1 interval_samples=44 interval_avg_us=22723 interval_min_us=18068 interval_max_us=25996 interval_pkpk_us=7928 raw_bpm=110.1 est_window=96 est_observed=96 history_confidence=S est_valid=1 publication_ready=1 sync_state=LOCKED sync_state_age_ms=6497 holdover_ms=0 last_lock_age_ms=6497 last_transition=TRACKING->LOCKED transition_reason=LOCK_CONFIRMED transition_age_ms=6497 transition_phase_err_us=-2302 transition_window=10 transition_observed=48 acq_ms_last=966 acq_ms_avg=966 acq_ms_max=966 relock_ms_last=0 relock_ms_avg=0 relock_ms_max=0 lock_acquired=1 acquire_success=1 relock_success=0 lock_lost=0 holdover_entries=0 adapt_action=TRACK_NARROW adapt_action_age_ms=5463 adapt_last_rollback=0 adapt_prob_active=1 adapt_prob_action=TRACK_NARROW adapt_prob_windows=2 adapt_win_age_ms=5463 adapt_win_relock_ms=0 adapt_win_jitter_us=1187 adapt_win_jitter_samples=205 adapt_win_lock_lost=0 adapt_win_holdover=0 adapt_cd_windows=1 adapt_stable_windows=0 adapt_levels=0/1/0 adapt_gains=2/16/10/80 adapt_lock_div=5/3 adapt_lock_stable=12 phase_tick=335.730 phase_src=e live_lock=L pll_err_us=-1053 pll_phase_corr_us=-105 pll_freq_corr_us=-13 rx_q_now=0 rx_q_peak=0 rx_q_lifetime_peak=0 rx_drop_interval=0 rx_drop_total=0 rx_latency_avg_us=0 rx_latency_max_us=0 rx_latency_samples=0 beat_service_avg_us=31 beat_service_max_us=31 beat_service_samples=1 tb_active=1 tb_phase_us=688 tb_phase_pct_x10=30 tb_vel_usps=8364 tb_q_depth=0 tb_q_peak=1 tb_enq=44 tb_emit=44 tb_drop=0 tb_clamp_min=0 tb_clamp_max=0 tb_late_avg_us=1 tb_late_max_us=1 tb_late_samples=44
Encoder 2 CW
Encoder 2 CW
BPMDIAG raw_bpm=109.8 raw_valid=1 source_bpm=110.0 source_valid=1 est_window=96 history_confidence=S est_valid=1 publication_ready=1 sync_state=L live_lock=L display_bpm=110.0 display_external=1 sync_lost=0 display_age_ms=522 delta=0.0 hysteresis=0.2 hold=1 slew_pending=0
Encoder 2 CW
Encoder 2 CW
Encoder 2 CW
METDIAG en=1 src=1 beat=3 qint=544498us click=1158/1487us cs=2
Encoder 2 CW
Encoder 2 CW
Encoder 2 CW
Encoder 2 CW
CLKDIAG ext_active=1 transport_run=1 rearm_pending=0 sync_lost=0 barbeat_valid=1 interval_samples=44 interval_avg_us=22721 interval_min_us=18028 interval_max_us=26570 interval_pkpk_us=8542 raw_bpm=110.2 est_window=96 est_observed=96 history_confidence=S est_valid=1 publication_ready=1 sync_state=LOCKED sync_state_age_ms=7497 holdover_ms=0 last_lock_age_ms=7497 last_transition=TRACKING->LOCKED transition_reason=LOCK_CONFIRMED transition_age_ms=7497 transition_phase_err_us=-2302 transition_window=10 transition_observed=48 acq_ms_last=966 acq_ms_avg=966 acq_ms_max=966 relock_ms_last=0 relock_ms_avg=0 relock_ms_max=0 lock_acquired=1 acquire_success=1 relock_success=0 lock_lost=0 holdover_entries=0 adapt_action=TRACK_NARROW adapt_action_age_ms=6463 adapt_last_rollback=0 adapt_prob_active=1 adapt_prob_action=TRACK_NARROW adapt_prob_windows=2 adapt_win_age_ms=6463 adapt_win_relock_ms=0 adapt_win_jitter_us=1195 adapt_win_jitter_samples=243 adapt_win_lock_lost=0 adapt_win_holdover=0 adapt_cd_windows=1 adapt_stable_windows=0 adapt_levels=0/1/0 adapt_gains=2/16/10/80 adapt_lock_div=5/3 adapt_lock_stable=12 phase_tick=379.721 phase_src=e live_lock=L pll_err_us=-1562 pll_phase_corr_us=-156 pll_freq_corr_us=-19 rx_q_now=0 rx_q_peak=0 rx_q_lifetime_peak=0 rx_drop_interval=0 rx_drop_total=0 rx_latency_avg_us=0 rx_latency_max_us=0 rx_latency_samples=0 beat_service_avg_us=31 beat_service_max_us=32 beat_service_samples=2 tb_active=1 tb_phase_us=7074 tb_phase_pct_x10=311 tb_vel_usps=4478 tb_q_depth=0 tb_q_peak=1 tb_enq=44 tb_emit=44 tb_drop=0 tb_clamp_min=0 tb_clamp_max=0 tb_late_avg_us=1 tb_late_max_us=3 tb_late_samples=44
BPMDIAG raw_bpm=109.8 raw_valid=1 source_bpm=109.8 source_valid=1 est_window=96 history_confidence=S est_valid=1 publication_ready=1 sync_state=L live_lock=L display_bpm=109.9 display_external=1 sync_lost=0 display_age_ms=772 delta=0.1 hysteresis=0.2 hold=1 slew_pending=0
METDIAG en=1 src=1 beat=1 qint=545927us click=606/1150us cs=2
Encoder 2 CW
Encoder 2 CW
Encoder 2 CW
Encoder 2 CW
Encoder 2 CW
Encoder 2 CW
CLKDIAG ext_active=1 transport_run=1 rearm_pending=0 sync_lost=0 barbeat_valid=1 interval_samples=44 interval_avg_us=22733 interval_min_us=17972 interval_max_us=25934 interval_pkpk_us=7962 raw_bpm=110.2 est_window=96 est_observed=96 history_confidence=S est_valid=1 publication_ready=1 sync_state=LOCKED sync_state_age_ms=8497 holdover_ms=0 last_lock_age_ms=8497 last_transition=TRACKING->LOCKED transition_reason=LOCK_CONFIRMED transition_age_ms=8497 transition_phase_err_us=-2302 transition_window=10 transition_observed=48 acq_ms_last=966 acq_ms_avg=966 acq_ms_max=966 relock_ms_last=0 relock_ms_avg=0 relock_ms_max=0 lock_acquired=1 acquire_success=1 relock_success=0 lock_lost=0 holdover_entries=0 adapt_action=TRACK_NARROW adapt_action_age_ms=7463 adapt_last_rollback=0 adapt_prob_active=1 adapt_prob_action=TRACK_NARROW adapt_prob_windows=2 adapt_win_age_ms=7463 adapt_win_relock_ms=0 adapt_win_jitter_us=1198 adapt_win_jitter_samples=281 adapt_win_lock_lost=0 adapt_win_holdover=0 adapt_cd_windows=1 adapt_stable_windows=0 adapt_levels=0/1/0 adapt_gains=2/16/10/80 adapt_lock_div=5/3 adapt_lock_stable=12 phase_tick=423.708 phase_src=e live_lock=L pll_err_us=-1634 pll_phase_corr_us=-163 pll_freq_corr_us=-20 rx_q_now=0 rx_q_peak=0 rx_q_lifetime_peak=0 rx_drop_interval=0 rx_drop_total=0 rx_latency_avg_us=0 rx_latency_max_us=0 rx_latency_samples=0 beat_service_avg_us=31 beat_service_max_us=31 beat_service_samples=2 tb_active=1 tb_phase_us=1536 tb_phase_pct_x10=68 tb_vel_usps=3536 tb_q_depth=0 tb_q_peak=1 tb_enq=44 tb_emit=44 tb_drop=0 tb_clamp_min=0 tb_clamp_max=0 tb_late_avg_us=1 tb_late_max_us=1 tb_late_samples=44
Encoder 2 CW
Encoder 2 CW
BPMDIAG raw_bpm=109.8 raw_valid=1 source_bpm=109.9 source_valid=1 est_window=96 history_confidence=S est_valid=1 publication_ready=1 sync_state=L live_lock=L display_bpm=110.0 display_external=1 sync_lost=0 display_age_ms=698 delta=0.1 hysteresis=0.2 hold=1 slew_pending=0
Encoder 2 CW
Encoder 2 CW
METDIAG en=1 src=1 beat=3 qint=544130us click=158/253us cs=2
Encoder 2 CW
Encoder 2 CW
Encoder 2 CW
Encoder 2 CW
Encoder 2 CW
Encoder 2 CW
CLKDIAG ext_active=1 transport_run=1 rearm_pending=0 sync_lost=0 barbeat_valid=1 interval_samples=44 interval_avg_us=22730 interval_min_us=18736 interval_max_us=25674 interval_pkpk_us=6938 raw_bpm=110.1 est_window=96 est_observed=96 history_confidence=S est_valid=1 publication_ready=1 sync_state=LOCKED sync_state_age_ms=9497 holdover_ms=0 last_lock_age_ms=9497 last_transition=TRACKING->LOCKED transition_reason=LOCK_CONFIRMED transition_age_ms=9497 transition_phase_err_us=-2302 transition_window=10 transition_observed=48 acq_ms_last=966 acq_ms_avg=966 acq_ms_max=966 relock_ms_last=0 relock_ms_avg=0 relock_ms_max=0 lock_acquired=1 acquire_success=1 relock_success=0 lock_lost=0 holdover_entries=0 adapt_action=TRACK_NARROW adapt_action_age_ms=8463 adapt_last_rollback=0 adapt_prob_active=1 adapt_prob_action=TRACK_NARROW adapt_prob_windows=2 adapt_win_age_ms=8463 adapt_win_relock_ms=0 adapt_win_jitter_us=1196 adapt_win_jitter_samples=319 adapt_win_lock_lost=0 adapt_win_holdover=0 adapt_cd_windows=1 adapt_stable_windows=0 adapt_levels=0/1/0 adapt_gains=2/16/10/80 adapt_lock_div=5/3 adapt_lock_stable=12 phase_tick=467.687 phase_src=e live_lock=L pll_err_us=-1994 pll_phase_corr_us=-199 pll_freq_corr_us=-24 rx_q_now=0 rx_q_peak=0 rx_q_lifetime_peak=0 rx_drop_interval=0 rx_drop_total=0 rx_latency_avg_us=0 rx_latency_max_us=0 rx_latency_samples=0 beat_service_avg_us=31 beat_service_max_us=32 beat_service_samples=2 tb_active=1 tb_phase_us=4883 tb_phase_pct_x10=215 tb_vel_usps=2841 tb_q_depth=0 tb_q_peak=1 tb_enq=44 tb_emit=44 tb_drop=0 tb_clamp_min=0 tb_clamp_max=0 tb_late_avg_us=1 tb_late_max_us=1 tb_late_samples=44
BPMDIAG raw_bpm=109.9 raw_valid=1 source_bpm=110.0 source_valid=1 est_window=96 history_confidence=S est_valid=1 publication_ready=1 sync_state=L live_lock=L display_bpm=110.0 display_external=1 sync_lost=0 display_age_ms=1698 delta=0.0 hysteresis=0.2 hold=1 slew_pending=0
METDIAG en=1 src=1 beat=4 qint=547660us click=2215/2215us cs=1
CLKDIAG ext_active=1 transport_run=1 rearm_pending=0 sync_lost=0 barbeat_valid=1 interval_samples=44 interval_avg_us=22681 interval_min_us=18398 interval_max_us=26184 interval_pkpk_us=7786 raw_bpm=110.3 est_window=96 est_observed=96 history_confidence=S est_valid=1 publication_ready=1 sync_state=LOCKED sync_state_age_ms=10497 holdover_ms=0 last_lock_age_ms=10497 last_transition=TRACKING->LOCKED transition_reason=LOCK_CONFIRMED transition_age_ms=10497 transition_phase_err_us=-2302 transition_window=10 transition_observed=48 acq_ms_last=966 acq_ms_avg=966 acq_ms_max=966 relock_ms_last=0 relock_ms_avg=0 relock_ms_max=0 lock_acquired=1 acquire_success=1 relock_success=0 lock_lost=0 holdover_entries=0 adapt_action=TRACK_NARROW adapt_action_age_ms=9463 adapt_last_rollback=0 adapt_prob_active=1 adapt_prob_action=TRACK_NARROW adapt_prob_windows=2 adapt_win_age_ms=9463 adapt_win_relock_ms=0 adapt_win_jitter_us=1196 adapt_win_jitter_samples=357 adapt_win_lock_lost=0 adapt_win_holdover=0 adapt_cd_windows=1 adapt_stable_windows=0 adapt_levels=0/1/0 adapt_gains=2/16/10/80 adapt_lock_div=5/3 adapt_lock_stable=12 phase_tick=511.740 phase_src=e live_lock=L pll_err_us=-2921 pll_phase_corr_us=-292 pll_freq_corr_us=-36 rx_q_now=0 rx_q_peak=0 rx_q_lifetime_peak=0 rx_drop_interval=0 rx_drop_total=0 rx_latency_avg_us=0 rx_latency_max_us=0 rx_latency_samples=0 beat_service_avg_us=32 beat_service_max_us=32 beat_service_samples=2 tb_active=1 tb_phase_us=654 tb_phase_pct_x10=29 tb_vel_usps=-235 tb_q_depth=0 tb_q_peak=1 tb_enq=44 tb_emit=44 tb_drop=0 tb_clamp_min=0 tb_clamp_max=0 tb_late_avg_us=1 tb_late_max_us=21 tb_late_samples=44
BPMDIAG raw_bpm=109.9 raw_valid=1 source_bpm=109.8 source_valid=1 est_window=96 history_confidence=S est_valid=1 publication_ready=1 sync_state=L live_lock=L display_bpm=110.0 display_external=1 sync_lost=0 display_age_ms=2698 delta=0.2 hysteresis=0.2 hold=1 slew_pending=0
METDIAG en=1 src=1 beat=2 qint=544642us click=70/78us cs=2
CLKDIAG ext_active=1 transport_run=1 rearm_pending=0 sync_lost=0 barbeat_valid=1 interval_samples=47 interval_avg_us=22763 interval_min_us=18832 interval_max_us=26518 interval_pkpk_us=7686 raw_bpm=110.1 est_window=96 est_observed=96 history_confidence=S est_valid=1 publication_ready=1 sync_state=LOCKED sync_state_age_ms=11566 holdover_ms=0 last_lock_age_ms=11566 last_transition=TRACKING->LOCKED transition_reason=LOCK_CONFIRMED transition_age_ms=11566 transition_phase_err_us=-2302 transition_window=10 transition_observed=48 acq_ms_last=966 acq_ms_avg=966 acq_ms_max=966 relock_ms_last=0 relock_ms_avg=0 relock_ms_max=0 lock_acquired=1 acquire_success=1 relock_success=0 lock_lost=0 holdover_entries=0 adapt_action=TRACK_NARROW adapt_action_age_ms=10532 adapt_last_rollback=0 adapt_prob_active=1 adapt_prob_action=TRACK_NARROW adapt_prob_windows=1 adapt_win_age_ms=532 adapt_win_relock_ms=0 adapt_win_jitter_us=1222 adapt_win_jitter_samples=20 adapt_win_lock_lost=0 adapt_win_holdover=0 adapt_cd_windows=1 adapt_stable_windows=0 adapt_levels=0/1/0 adapt_gains=2/16/10/80 adapt_lock_div=5/3 adapt_lock_stable=12 phase_tick=558.760 phase_src=e live_lock=L pll_err_us=-1891 pll_phase_corr_us=-189 pll_freq_corr_us=-23 rx_q_now=0 rx_q_peak=0 rx_q_lifetime_peak=0 rx_drop_interval=0 rx_drop_total=0 rx_latency_avg_us=0 rx_latency_max_us=0 rx_latency_samples=0 beat_service_avg_us=31 beat_service_max_us=32 beat_service_samples=2 tb_active=1 tb_phase_us=31 tb_phase_pct_x10=1 tb_vel_usps=-44 tb_q_depth=0 tb_q_peak=1 tb_enq=47 tb_emit=47 tb_drop=0 tb_clamp_min=0 tb_clamp_max=0 tb_late_avg_us=1 tb_late_max_us=3 tb_late_samples=47
BPMDIAG raw_bpm=110.1 raw_valid=1 source_bpm=110.1 source_valid=1 est_window=96 history_confidence=S est_valid=1 publication_ready=1 sync_state=L live_lock=L display_bpm=110.0 display_external=1 sync_lost=0 display_age_ms=3745 delta=0.1 hysteresis=0.2 hold=1 slew_pending=0
METDIAG en=1 src=1 beat=4 qint=544137us click=292/522us cs=2
CLKDIAG ext_active=1 transport_run=1 rearm_pending=0 sync_lost=0 barbeat_valid=1 interval_samples=44 interval_avg_us=22724 interval_min_us=17662 interval_max_us=26590 interval_pkpk_us=8928 raw_bpm=110.1 est_window=96 est_observed=96 history_confidence=S est_valid=1 publication_ready=1 sync_state=LOCKED sync_state_age_ms=12566 holdover_ms=0 last_lock_age_ms=12566 last_transition=TRACKING->LOCKED transition_reason=LOCK_CONFIRMED transition_age_ms=12566 transition_phase_err_us=-2302 transition_window=10 transition_observed=48 acq_ms_last=966 acq_ms_avg=966 acq_ms_max=966 relock_ms_last=0 relock_ms_avg=0 relock_ms_max=0 lock_acquired=1 acquire_success=1 relock_success=0 lock_lost=0 holdover_entries=0 adapt_action=TRACK_NARROW adapt_action_age_ms=11532 adapt_last_rollback=0 adapt_prob_active=1 adapt_prob_action=TRACK_NARROW adapt_prob_windows=1 adapt_win_age_ms=1532 adapt_win_relock_ms=0 adapt_win_jitter_us=1119 adapt_win_jitter_samples=57 adapt_win_lock_lost=0 adapt_win_holdover=0 adapt_cd_windows=1 adapt_stable_windows=0 adapt_levels=0/1/0 adapt_gains=2/16/10/80 adapt_lock_div=5/3 adapt_lock_stable=12 phase_tick=602.771 phase_src=e live_lock=L pll_err_us=-1256 pll_phase_corr_us=-125 pll_freq_corr_us=-15 rx_q_now=0 rx_q_peak=0 rx_q_lifetime_peak=0 rx_drop_interval=0 rx_drop_total=0 rx_latency_avg_us=0 rx_latency_max_us=0 rx_latency_samples=0 beat_service_avg_us=31 beat_service_max_us=32 beat_service_samples=2 tb_active=1 tb_phase_us=0 tb_phase_pct_x10=0 tb_vel_usps=0 tb_q_depth=0 tb_q_peak=1 tb_enq=44 tb_emit=44 tb_drop=0 tb_clamp_min=0 tb_clamp_max=0 tb_late_avg_us=1 tb_late_max_us=2 tb_late_samples=44
BPMDIAG raw_bpm=110.1 raw_valid=1 source_bpm=110.0 source_valid=1 est_window=96 history_confidence=S est_valid=1 publication_ready=1 sync_state=L live_lock=L display_bpm=110.0 display_external=1 sync_lost=0 display_age_ms=4745 delta=0.0 hysteresis=0.2 hold=1 slew_pending=0
METDIAG en=1 src=1 beat=2 qint=544724us click=307/551us cs=2
---- Closed serial port COM4 ----
