---- Opened serial port COM4 at 115200 baud ----
---- Session log: C:\Users\Pete\Documents\Chattest\ChatTest\.\logs\serial_COM4_20260526_215158.log ----
---- Press Ctrl+C to stop capture ----
BPMDIAG raw_bpm=110.1 raw_valid=1 source_bpm=0.0 source_valid=0 est_window=96 history_confidence=S est_valid=1 publication_ready=0 sync_state=I live_locMETDIAG en=1 src=1 beat=3 qint=544314us click=1006/1545us cs=2
CLKDIAG ext_active=1 transport_run=1 rearm_pending=0 sync_lost=0 barbeat_valid=1 interval_samples=44 interval_avg_us=22722 interval_min_us=18246 interval_max_us=25800 interval_pkpk_us=7554 raw_bpm=110.0 est_window=60 est_observed=96 history_confidence=S est_valid=1 publication_ready=1 sync_state=LOCKED sync_state_age_ms=2544 holdover_ms=0 last_lock_age_ms=2544 last_transition=TRACKING->LOCKED transition_reason=LOCK_CONFIRMED transition_age_ms=2544 transition_phase_err_us=3123 transition_window=10 transition_observed=43 acq_ms_last=840 acq_ms_avg=840 acq_ms_max=840 relock_ms_last=0 relock_ms_avg=0 relock_ms_max=0 lock_acquired=1 acquire_success=1 relock_success=0 lock_lost=0 holdover_entries=0 adapt_action=TRACK_NARROW adapt_action_age_ms=1384 adapt_last_rollback=0 adapt_prob_active=1 adapt_prob_action=TRACK_NARROW adapt_prob_windows=2 adapt_win_age_ms=1384 adapt_win_relock_ms=0 adapt_win_jitter_us=1242 adapt_win_jitter_samples=54 adapt_win_lock_lost=0 adapt_win_holdover=0 adapt_cd_windows=1 adapt_stable_windows=0 adapt_levels=0/1/0 adapt_gains=2/16/10/80 adapt_lock_div=5/3 adapt_lock_stable=12 phase_tick=156.266 phase_src=e live_lock=L pll_err_us=-2226 pll_phase_corr_us=-222 pll_freq_corr_us=-27 rx_q_now=0 rx_q_peak=0 rx_q_lifetime_peak=0 rx_drop_interval=0 rx_drop_total=0 rx_latency_avg_us=0 rx_latency_max_us=0 rx_latency_samples=0 beat_service_avg_us=52 beat_service_max_us=53 beat_service_samples=2 tb_active=1 tb_phase_us=0 tb_phase_pct_x10=0 tb_eff_bpm_pct_x10=0 tb_vel_usps=0 tb_q_depth=0 tb_q_peak=1 tb_enq=44 tb_emit=44 tb_emit_iavg_us=22730 tb_emit_imin_us=22729 tb_emit_imax_us=22731 tb_emit_isamples=44 tb_drop=0 tb_clamp_min=0 tb_clamp_max=0 tb_late_avg_us=1 tb_late_max_us=2 tb_late_samples=44
BPMDIAG raw_bpm=110.1 raw_valid=1 source_bpm=110.0 source_valid=1 est_window=65 history_confidence=S est_valid=1 publication_ready=1 sync_state=L live_lock=L display_bpm=110.0 display_external=1 sync_lost=0 display_age_ms=675 delta=0.0 hysteresis=0.2 hold=1 slew_pending=0
METDIAG en=1 src=1 beat=1 qint=547237us click=480/870us cs=2
CLKDIAG ext_active=1 transport_run=1 rearm_pending=0 sync_lost=0 barbeat_valid=1 interval_samples=44 interval_avg_us=22755 interval_min_us=18970 interval_max_us=25708 interval_pkpk_us=6738 raw_bpm=110.2 est_window=80 est_observed=96 history_confidence=S est_valid=1 publication_ready=1 sync_state=LOCKED sync_state_age_ms=3544 holdover_ms=0 last_lock_age_ms=3544 last_transition=TRACKING->LOCKED transition_reason=LOCK_CONFIRMED transition_age_ms=3544 transition_phase_err_us=3123 transition_window=10 transition_observed=43 acq_ms_last=840 acq_ms_avg=840 acq_ms_max=840 relock_ms_last=0 relock_ms_avg=0 relock_ms_max=0 lock_acquired=1 acquire_success=1 relock_success=0 lock_lost=0 holdover_entries=0 adapt_action=TRACK_NARROW adapt_action_age_ms=2384 adapt_last_rollback=0 adapt_prob_active=1 adapt_prob_action=TRACK_NARROW adapt_prob_windows=2 adapt_win_age_ms=2384 adapt_win_relock_ms=0 adapt_win_jitter_us=1235 adapt_win_jitter_samples=92 adapt_win_lock_lost=0 adapt_win_holdover=0 adapt_cd_windows=1 adapt_stable_windows=0 adapt_levels=0/1/0 adapt_gains=2/16/10/80 adapt_lock_div=5/3 adapt_lock_stable=12 phase_tick=200.258 phase_src=e live_lock=L pll_err_us=-1016 pll_phase_corr_us=-101 pll_freq_corr_us=-12 rx_q_now=0 rx_q_peak=0 rx_q_lifetime_peak=0 rx_drop_interval=0 rx_drop_total=0 rx_latency_avg_us=0 rx_latency_max_us=0 rx_latency_samples=0 beat_service_avg_us=60 beat_service_max_us=62 beat_service_samples=2 tb_active=1 tb_phase_us=0 tb_phase_pct_x10=0 tb_eff_bpm_pct_x10=1 tb_vel_usps=0 tb_q_depth=0 tb_q_peak=1 tb_enq=44 tb_emit=44 tb_emit_iavg_us=22730 tb_emit_imin_us=22730 tb_emit_imax_us=22730 tb_emit_isamples=44 tb_drop=0 tb_clamp_min=0 tb_clamp_max=0 tb_late_avg_us=1 tb_late_max_us=1 tb_late_samples=44
BPMDIAG raw_bpm=110.1 raw_valid=1 source_bpm=110.1 source_valid=1 est_window=84 history_confidence=S est_valid=1 publication_ready=1 sync_state=L live_lock=L display_bpm=110.0 display_external=1 sync_lost=0 display_age_ms=1675 delta=0.1 hysteresis=0.2 hold=1 slew_pending=0
Encoder 2 CW
METDIAG en=1 src=1 beat=3 qint=545166us click=80/98us cs=2
Encoder 2 CW
CLKDIAG ext_active=1 transport_run=1 rearm_pending=0 sync_lost=0 barbeat_valid=1 interval_samples=44 interval_avg_us=22700 interval_min_us=18818 interval_max_us=26432 interval_pkpk_us=7614 raw_bpm=110.2 est_window=96 est_observed=96 history_confidence=S est_valid=1 publication_ready=1 sync_state=LOCKED sync_state_age_ms=4544 holdover_ms=0 last_lock_age_ms=4544 last_transition=TRACKING->LOCKED transition_reason=LOCK_CONFIRMED transition_age_ms=4544 transition_phase_err_us=3123 transition_window=10 transition_observed=43 acq_ms_last=840 acq_ms_avg=840 acq_ms_max=840 relock_ms_last=0 relock_ms_avg=0 relock_ms_max=0 lock_acquired=1 acquire_success=1 relock_success=0 lock_lost=0 holdover_entries=0 adapt_action=TRACK_NARROW adapt_action_age_ms=3384 adapt_last_rollback=0 adapt_prob_active=1 adapt_prob_action=TRACK_NARROW adapt_prob_windows=2 adapt_win_age_ms=3384 adapt_win_relock_ms=0 adapt_win_jitter_us=1193 adapt_win_jitter_samples=130 adapt_win_lock_lost=0 adapt_win_holdover=0 adapt_cd_windows=1 adapt_stable_windows=0 adapt_levels=0/1/0 adapt_gains=2/16/10/80 adapt_lock_div=5/3 adapt_lock_stable=12 phase_tick=244.241 phase_src=e live_lock=L pll_err_us=-2785 pll_phase_corr_us=-278 pll_freq_corr_us=-34 rx_q_now=0 rx_q_peak=0 rx_q_lifetime_peak=0 rx_drop_interval=0 rx_drop_total=0 rx_latency_avg_us=0 rx_latency_max_us=0 rx_latency_samples=0 beat_service_avg_us=49 beat_service_max_us=66 beat_service_samples=2 tb_active=1 tb_phase_us=-745 tb_phase_pct_x10=-33 tb_eff_bpm_pct_x10=-1 tb_vel_usps=-17856 tb_q_depth=0 tb_q_peak=1 tb_enq=44 tb_emit=44 tb_emit_iavg_us=22730 tb_emit_imin_us=22729 tb_emit_imax_us=22731 tb_emit_isamples=44 tb_drop=0 tb_clamp_min=0 tb_clamp_max=0 tb_late_avg_us=1 tb_late_max_us=1 tb_late_samples=44
Encoder 2 CW
Encoder 2 CW
Encoder 2 CW
Encoder 2 CW
Encoder 2 CW
BPMDIAG raw_bpm=110.1 raw_valid=1 source_bpm=110.2 source_valid=1 est_window=96 history_confidence=S est_valid=1 publication_ready=1 sync_state=L live_lock=L display_bpm=109.9 display_external=1 sync_lost=0 display_age_ms=256 delta=0.3 hysteresis=0.2 hold=1 slew_pending=1
Encoder 2 CW
Encoder 2 CW
Encoder 2 CW
Encoder 2 CW
Encoder 2 CW
Encoder 2 CW
Encoder 2 CW
Encoder 2 CW
Encoder 2 CW
Encoder 2 CW
Encoder 2 CW
Encoder 2 CW
Encoder 2 CW
Encoder 2 CW
Encoder 2 CW
Encoder 2 CCW
Encoder 2 CCW
Encoder 2 CCW
Encoder 2 CCW
Encoder 2 CCW
Encoder 2 CCW
Encoder 2 CCW
Encoder 2 CCW
Encoder 2 CCW
Encoder 2 CCW
Encoder 2 CCW
Encoder 2 CCW
Encoder 2 CCW
Encoder 2 CCW
METDIAG en=1 src=1 beat=4 qint=546154us click=675/675us cs=1
Encoder 2 CCW
CLKDIAG ext_active=1 transport_run=1 rearm_pending=0 sync_lost=0 barbeat_valid=1 interval_samples=44 interval_avg_us=22724 interval_min_us=18128 interval_max_us=26700 interval_pkpk_us=8572 raw_bpm=110.2 est_window=96 est_observed=96 history_confidence=S est_valid=1 publication_ready=1 sync_state=LOCKED sync_state_age_ms=5549 holdover_ms=0 last_lock_age_ms=5549 last_transition=TRACKING->LOCKED transition_reason=LOCK_CONFIRMED transition_age_ms=5549 transition_phase_err_us=3123 transition_window=10 transition_observed=43 acq_ms_last=840 acq_ms_avg=840 acq_ms_max=840 relock_ms_last=0 relock_ms_avg=0 relock_ms_max=0 lock_acquired=1 acquire_success=1 relock_success=0 lock_lost=0 holdover_entries=0 adapt_action=TRACK_NARROW adapt_action_age_ms=4389 adapt_last_rollback=0 adapt_prob_active=1 adapt_prob_action=TRACK_NARROW adapt_prob_windows=2 adapt_win_age_ms=4389 adapt_win_relock_ms=0 adapt_win_jitter_us=1203 adapt_win_jitter_samples=168 adapt_win_lock_lost=0 adapt_win_holdover=0 adapt_cd_windows=1 adapt_stable_windows=0 adapt_levels=0/1/0 adapt_gains=2/16/10/80 adapt_lock_div=5/3 adapt_lock_stable=12 phase_tick=288.508 phase_src=e live_lock=L pll_err_us=-2104 pll_phase_corr_us=-210 pll_freq_corr_us=-26 rx_q_now=0 rx_q_peak=0 rx_q_lifetime_peak=0 rx_drop_interval=0 rx_drop_total=0 rx_latency_avg_us=0 rx_latency_max_us=0 rx_latency_samples=0 beat_service_avg_us=32 beat_service_max_us=32 beat_service_samples=2 tb_active=1 tb_phase_us=-6836 tb_phase_pct_x10=-301 tb_eff_bpm_pct_x10=0 tb_vel_usps=17856 tb_q_depth=0 tb_q_peak=1 tb_enq=44 tb_emit=44 tb_emit_iavg_us=22730 tb_emit_imin_us=22729 tb_emit_imax_us=22731 tb_emit_isamples=44 tb_drop=0 tb_clamp_min=0 tb_clamp_max=0 tb_late_avg_us=1 tb_late_max_us=2 tb_late_samples=44
Encoder 2 CCW
Encoder 2 CCW
Encoder 2 CCW
Encoder 2 CCW
BPMDIAG raw_bpm=110.0 raw_valid=1 source_bpm=110.0 source_valid=1 est_window=96 history_confidence=S est_valid=1 publication_ready=1 sync_state=L live_lock=L display_bpm=110.0 display_external=1 sync_lost=0 display_age_ms=377 delta=0.0 hysteresis=0.2 hold=1 slew_pending=0
Encoder 2 CCW
Encoder 2 CCW
Encoder 2 CCW
Encoder 2 CCW
Encoder 2 CCW
Encoder 2 CCW
Encoder 2 CCW
Encoder 2 CCW
Encoder 2 CCW
Encoder 2 CCW
Encoder 2 CCW
Encoder 2 CCW
Encoder 2 CW
Encoder 2 CW
Encoder 2 CW
Encoder 2 CW
Encoder 2 CW
Encoder 2 CW
Encoder 2 CW
Encoder 2 CW
Encoder 2 CW
Encoder 2 CW
Encoder 2 CW
Encoder 2 CW
Encoder 2 CW
Encoder 2 CW
Encoder 2 CW
Encoder 2 CW
Encoder 2 CW
Encoder 2 CW
Encoder 2 CW
Encoder 2 CW
Encoder 2 CW
Encoder 2 CW
Encoder 2 CW
Encoder 2 CW
METDIAG en=1 src=1 beat=2 qint=547972us click=525/987us cs=2
Encoder 2 CW
Encoder 2 CW
CLKDIAG ext_active=1 transport_run=1 rearm_pending=0 sync_lost=0 barbeat_valid=1 interval_samples=44 interval_avg_us=22730 interval_min_us=17846 interval_max_us=26056 interval_pkpk_us=8210 raw_bpm=110.2 est_window=96 est_observed=96 history_confidence=S est_valid=1 publication_ready=1 sync_state=LOCKED sync_state_age_ms=6549 holdover_ms=0 last_lock_age_ms=6549 last_transition=TRACKING->LOCKED transition_reason=LOCK_CONFIRMED transition_age_ms=6549 transition_phase_err_us=3123 transition_window=10 transition_observed=43 acq_ms_last=840 acq_ms_avg=840 acq_ms_max=840 relock_ms_last=0 relock_ms_avg=0 relock_ms_max=0 lock_acquired=1 acquire_success=1 relock_success=0 lock_lost=0 holdover_entries=0 adapt_action=TRACK_NARROW adapt_action_age_ms=5389 adapt_last_rollback=0 adapt_prob_active=1 adapt_prob_action=TRACK_NARROW adapt_prob_windows=2 adapt_win_age_ms=5389 adapt_win_relock_ms=0 adapt_win_jitter_us=1199 adapt_win_jitter_samples=206 adapt_win_lock_lost=0 adapt_win_holdover=0 adapt_cd_windows=1 adapt_stable_windows=0 adapt_levels=0/1/0 adapt_gains=2/16/10/80 adapt_lock_div=5/3 adapt_lock_stable=12 phase_tick=332.491 phase_src=e live_lock=L pll_err_us=-1989 pll_phase_corr_us=-198 pll_freq_corr_us=-24 rx_q_now=0 rx_q_peak=0 rx_q_lifetime_peak=0 rx_drop_interval=0 rx_drop_total=0 rx_latency_avg_us=0 rx_latency_max_us=0 rx_latency_samples=0 beat_service_avg_us=33 beat_service_max_us=33 beat_service_samples=1 tb_active=1 tb_phase_us=-443 tb_phase_pct_x10=-19 tb_eff_bpm_pct_x10=0 tb_vel_usps=-17856 tb_q_depth=0 tb_q_peak=1 tb_enq=44 tb_emit=44 tb_emit_iavg_us=22730 tb_emit_imin_us=22324 tb_emit_imax_us=23136 tb_emit_isamples=44 tb_drop=0 tb_clamp_min=0 tb_clamp_max=0 tb_late_avg_us=1 tb_late_max_us=1 tb_late_samples=44
Encoder 2 CW
Encoder 2 CW
Encoder 2 CW
Encoder 2 CW
BPMDIAG raw_bpm=110.1 raw_valid=1 source_bpm=110.0 source_valid=1 est_window=96 history_confidence=S est_valid=1 publication_ready=1 sync_state=L live_lock=L display_bpm=110.0 display_external=1 sync_lost=0 display_age_ms=1377 delta=0.0 hysteresis=0.2 hold=1 slew_pending=0
Encoder 2 CCW
Encoder 2 CCW
Encoder 2 CCW
Encoder 2 CCW
Encoder 2 CCW
Encoder 2 CCW
Encoder 2 CCW
Encoder 2 CCW
Encoder 2 CCW
Encoder 2 CCW
Encoder 2 CCW
Encoder 2 CCW
Encoder 2 CCW
Encoder 2 CCW
Encoder 2 CCW
Encoder 2 CCW
Encoder 2 CCW
Encoder 2 CCW
Encoder 2 CCW
Encoder 2 CCW
Encoder 2 CCW
Encoder 2 CCW
Encoder 2 CCW
Encoder 2 CCW
Encoder 2 CCW
Encoder 2 CCW
Encoder 2 CCW
Encoder 2 CCW
Encoder 2 CCW
Encoder 2 CCW
Encoder 2 CCW
METDIAG en=1 src=1 beat=4 qint=544286us click=63/63us cs=2
Encoder 2 CCW
Encoder 2 CCW
CLKDIAG ext_active=1 transport_run=1 rearm_pending=0 sync_lost=0 barbeat_valid=1 interval_samples=44 interval_avg_us=22733 interval_min_us=18256 interval_max_us=26260 interval_pkpk_us=8004 raw_bpm=110.2 est_window=96 est_observed=96 history_confidence=S est_valid=1 publication_ready=1 sync_state=LOCKED sync_state_age_ms=7549 holdover_ms=0 last_lock_age_ms=7549 last_transition=TRACKING->LOCKED transition_reason=LOCK_CONFIRMED transition_age_ms=7549 transition_phase_err_us=3123 transition_window=10 transition_observed=43 acq_ms_last=840 acq_ms_avg=840 acq_ms_max=840 relock_ms_last=0 relock_ms_avg=0 relock_ms_max=0 lock_acquired=1 acquire_success=1 relock_success=0 lock_lost=0 holdover_entries=0 adapt_action=TRACK_NARROW adapt_action_age_ms=6389 adapt_last_rollback=0 adapt_prob_active=1 adapt_prob_action=TRACK_NARROW adapt_prob_windows=2 adapt_win_age_ms=6389 adapt_win_relock_ms=0 adapt_win_jitter_us=1213 adapt_win_jitter_samples=244 adapt_win_lock_lost=0 adapt_win_holdover=0 adapt_cd_windows=1 adapt_stable_windows=0 adapt_levels=0/1/0 adapt_gains=2/16/10/80 adapt_lock_div=5/3 adapt_lock_stable=12 phase_tick=376.477 phase_src=e live_lock=L pll_err_us=-2060 pll_phase_corr_us=-206 pll_freq_corr_us=-25 rx_q_now=0 rx_q_peak=0 rx_q_lifetime_peak=0 rx_drop_interval=0 rx_drop_total=0 rx_latency_avg_us=0 rx_latency_max_us=0 rx_latency_samples=0 beat_service_avg_us=32 beat_service_max_us=32 beat_service_samples=2 tb_active=1 tb_phase_us=3533 tb_phase_pct_x10=155 tb_eff_bpm_pct_x10=-3 tb_vel_usps=17856 tb_q_depth=0 tb_q_peak=1 tb_enq=44 tb_emit=44 tb_emit_iavg_us=22804 tb_emit_imin_us=22729 tb_emit_imax_us=23136 tb_emit_isamples=44 tb_drop=0 tb_clamp_min=0 tb_clamp_max=0 tb_late_avg_us=1 tb_late_max_us=2 tb_late_samples=44
Encoder 2 CCW
Encoder 2 CW
BPMDIAG raw_bpm=110.1 raw_valid=1 source_bpm=110.1 source_valid=1 est_window=96 history_confidence=S est_valid=1 publication_ready=1 sync_state=L live_lock=L display_bpm=109.9 display_external=1 sync_lost=0 display_age_ms=783 delta=0.2 hysteresis=0.2 hold=1 slew_pending=0
Encoder 2 CW
Encoder 2 CW
Encoder 2 CW
Encoder 2 CW
Encoder 2 CW
Encoder 2 CW
Encoder 2 CW
Encoder 2 CW
Encoder 2 CW
Encoder 2 CW
Encoder 2 CW
Encoder 2 CW
Encoder 2 CW
Encoder 2 CW
Encoder 2 CW
Encoder 2 CW
Encoder 2 CW
Encoder 2 CW
Encoder 2 CW
Encoder 2 CW
Encoder 2 CW
Encoder 2 CW
Encoder 2 CW
Encoder 2 CW
Encoder 2 CW
Encoder 2 CW
Encoder 2 CW
Encoder 2 CW
Encoder 2 CW
Encoder 2 CW
Encoder 2 CW
Encoder 2 CW
Encoder 2 CW
Encoder 2 CW
Encoder 2 CW
Encoder 2 CW
Encoder 2 CCW
Encoder 2 CCW
Encoder 2 CCW
Encoder 2 CCW
Encoder 2 CCW
Encoder 2 CCW
Encoder 2 CCW
Encoder 2 CCW
Encoder 2 CCW
Encoder 2 CCW
Encoder 2 CCW
Encoder 2 CCW
Encoder 2 CCW
METDIAG en=1 src=1 beat=2 qint=544961us click=981/1071us cs=2
Encoder 2 CCW
Encoder 2 CCW
CLKDIAG ext_active=1 transport_run=1 rearm_pending=0 sync_lost=0 barbeat_valid=1 interval_samples=44 interval_avg_us=22728 interval_min_us=18642 interval_max_us=26474 interval_pkpk_us=7832 raw_bpm=110.1 est_window=96 est_observed=96 history_confidence=S est_valid=1 publication_ready=1 sync_state=LOCKED sync_state_age_ms=8549 holdover_ms=0 last_lock_age_ms=8549 last_transition=TRACKING->LOCKED transition_reason=LOCK_CONFIRMED transition_age_ms=8549 transition_phase_err_us=3123 transition_window=10 transition_observed=43 acq_ms_last=840 acq_ms_avg=840 acq_ms_max=840 relock_ms_last=0 relock_ms_avg=0 relock_ms_max=0 lock_acquired=1 acquire_success=1 relock_success=0 lock_lost=0 holdover_entries=0 adapt_action=TRACK_NARROW adapt_action_age_ms=7389 adapt_last_rollback=0 adapt_prob_active=1 adapt_prob_action=TRACK_NARROW adapt_prob_windows=2 adapt_win_age_ms=7389 adapt_win_relock_ms=0 adapt_win_jitter_us=1210 adapt_win_jitter_samples=282 adapt_win_lock_lost=0 adapt_win_holdover=0 adapt_cd_windows=1 adapt_stable_windows=0 adapt_levels=0/1/0 adapt_gains=2/16/10/80 adapt_lock_div=5/3 adapt_lock_stable=12 phase_tick=420.458 phase_src=e live_lock=L pll_err_us=-2319 pll_phase_corr_us=-231 pll_freq_corr_us=-28 rx_q_now=0 rx_q_peak=0 rx_q_lifetime_peak=0 rx_drop_interval=0 rx_drop_total=0 rx_latency_avg_us=0 rx_latency_max_us=0 rx_latency_samples=0 beat_service_avg_us=31 beat_service_max_us=31 beat_service_samples=2 tb_active=1 tb_phase_us=908 tb_phase_pct_x10=40 tb_eff_bpm_pct_x10=3 tb_vel_usps=17856 tb_q_depth=0 tb_q_peak=1 tb_enq=44 tb_emit=44 tb_emit_iavg_us=22668 tb_emit_imin_us=22321 tb_emit_imax_us=23136 tb_emit_isamples=44 tb_drop=0 tb_clamp_min=0 tb_clamp_max=0 tb_late_avg_us=1 tb_late_max_us=4 tb_late_samples=44
Encoder 2 CCW
Encoder 2 CCW
BPMDIAG raw_bpm=110.0 raw_valid=1 source_bpm=110.0 source_valid=1 est_window=96 history_confidence=S est_valid=1 publication_ready=1 sync_state=L live_lock=L display_bpm=110.0 display_external=1 sync_lost=0 display_age_ms=945 delta=0.0 hysteresis=0.2 hold=1 slew_pending=0
METDIAG en=1 src=1 beat=4 qint=547130us click=1089/2115us cs=2
CLKDIAG ext_active=1 transport_run=1 rearm_pending=0 sync_lost=0 barbeat_valid=1 interval_samples=44 interval_avg_us=22725 interval_min_us=18060 interval_max_us=26036 interval_pkpk_us=7976 raw_bpm=110.1 est_window=96 est_observed=96 history_confidence=S est_valid=1 publication_ready=1 sync_state=LOCKED sync_state_age_ms=9549 holdover_ms=0 last_lock_age_ms=9549 last_transition=TRACKING->LOCKED transition_reason=LOCK_CONFIRMED transition_age_ms=9549 transition_phase_err_us=3123 transition_window=10 transition_observed=43 acq_ms_last=840 acq_ms_avg=840 acq_ms_max=840 relock_ms_last=0 relock_ms_avg=0 relock_ms_max=0 lock_acquired=1 acquire_success=1 relock_success=0 lock_lost=0 holdover_entries=0 adapt_action=TRACK_NARROW adapt_action_age_ms=8389 adapt_last_rollback=0 adapt_prob_active=1 adapt_prob_action=TRACK_NARROW adapt_prob_windows=2 adapt_win_age_ms=8389 adapt_win_relock_ms=0 adapt_win_jitter_us=1203 adapt_win_jitter_samples=320 adapt_win_lock_lost=0 adapt_win_holdover=0 adapt_cd_windows=1 adapt_stable_windows=0 adapt_levels=0/1/0 adapt_gains=2/16/10/80 adapt_lock_div=5/3 adapt_lock_stable=12 phase_tick=464.467 phase_src=e live_lock=L pll_err_us=-2333 pll_phase_corr_us=-233 pll_freq_corr_us=-29 rx_q_now=0 rx_q_peak=0 rx_q_lifetime_peak=0 rx_drop_interval=0 rx_drop_total=0 rx_latency_avg_us=0 rx_latency_max_us=0 rx_latency_samples=0 beat_service_avg_us=31 beat_service_max_us=32 beat_service_samples=2 tb_active=1 tb_phase_us=4720 tb_phase_pct_x10=208 tb_eff_bpm_pct_x10=-4 tb_vel_usps=2000 tb_q_depth=0 tb_q_peak=1 tb_enq=44 tb_emit=44 tb_emit_iavg_us=22822 tb_emit_imin_us=22539 tb_emit_imax_us=23136 tb_emit_isamples=44 tb_drop=0 tb_clamp_min=0 tb_clamp_max=0 tb_late_avg_us=1 tb_late_max_us=1 tb_late_samples=44
BPMDIAG raw_bpm=110.1 raw_valid=1 source_bpm=110.2 source_valid=1 est_window=96 history_confidence=S est_valid=1 publication_ready=1 sync_state=L live_lock=L display_bpm=110.0 display_external=1 sync_lost=0 display_age_ms=1945 delta=0.2 hysteresis=0.2 hold=1 slew_pending=0
METDIAG en=1 src=1 beat=2 qint=544150us click=63/63us cs=2
CLKDIAG ext_active=1 transport_run=1 rearm_pending=0 sync_lost=0 barbeat_valid=1 interval_samples=44 interval_avg_us=22741 interval_min_us=18058 interval_max_us=25790 interval_pkpk_us=7732 raw_bpm=110.2 est_window=96 est_observed=96 history_confidence=S est_valid=1 publication_ready=1 sync_state=LOCKED sync_state_age_ms=10549 holdover_ms=0 last_lock_age_ms=10549 last_transition=TRACKING->LOCKED transition_reason=LOCK_CONFIRMED transition_age_ms=10549 transition_phase_err_us=3123 transition_window=10 transition_observed=43 acq_ms_last=840 acq_ms_avg=840 acq_ms_max=840 relock_ms_last=0 relock_ms_avg=0 relock_ms_max=0 lock_acquired=1 acquire_success=1 relock_success=0 lock_lost=0 holdover_entries=0 adapt_action=TRACK_NARROW adapt_action_age_ms=9389 adapt_last_rollback=0 adapt_prob_active=1 adapt_prob_action=TRACK_NARROW adapt_prob_windows=2 adapt_win_age_ms=9389 adapt_win_relock_ms=0 adapt_win_jitter_us=1210 adapt_win_jitter_samples=358 adapt_win_lock_lost=0 adapt_win_holdover=0 adapt_cd_windows=1 adapt_stable_windows=0 adapt_levels=0/1/0 adapt_gains=2/16/10/80 adapt_lock_div=5/3 adapt_lock_stable=12 phase_tick=508.462 phase_src=e live_lock=L pll_err_us=-1711 pll_phase_corr_us=-171 pll_freq_corr_us=-21 rx_q_now=0 rx_q_peak=0 rx_q_lifetime_peak=0 rx_drop_interval=0 rx_drop_total=0 rx_latency_avg_us=0 rx_latency_max_us=0 rx_latency_samples=0 beat_service_avg_us=32 beat_service_max_us=32 beat_service_samples=2 tb_active=1 tb_phase_us=573 tb_phase_pct_x10=25 tb_eff_bpm_pct_x10=5 tb_vel_usps=-251 tb_q_depth=0 tb_q_peak=1 tb_enq=44 tb_emit=44 tb_emit_iavg_us=22635 tb_emit_imin_us=22557 tb_emit_imax_us=22696 tb_emit_isamples=44 tb_drop=0 tb_clamp_min=0 tb_clamp_max=0 tb_late_avg_us=1 tb_late_max_us=1 tb_late_samples=44
BPMDIAG raw_bpm=109.9 raw_valid=1 source_bpm=110.0 source_valid=1 est_window=96 history_confidence=S est_valid=1 publication_ready=1 sync_state=L live_lock=L display_bpm=110.0 display_external=1 sync_lost=0 display_age_ms=2945 delta=0.0 hysteresis=0.2 hold=1 slew_pending=0
CLKDIAG ext_active=1 transport_run=1 rearm_pending=0 sync_lost=0 barbeat_valid=1 interval_samples=46 interval_avg_us=22773 interval_min_us=19022 interval_max_us=26190 interval_pkpk_us=7168 raw_bpm=110.0 est_window=96 est_observed=96 history_confidence=S est_valid=1 publication_ready=1 sync_state=LOCKED sync_state_age_ms=11601 holdover_ms=0 last_lock_age_ms=11601 last_transition=TRACKING->LOCKED transition_reason=LOCK_CONFIRMED transition_age_ms=11601 transition_phase_err_us=3123 transition_window=10 transition_observed=43 acq_ms_last=840 acq_ms_avg=840 acq_ms_max=840 relock_ms_last=0 relock_ms_avg=0 relock_ms_max=0 lock_acquired=1 acquire_success=1 relock_success=0 lock_lost=0 holdover_entries=0 adapt_action=TRACK_NARROW adapt_action_age_ms=10441 adapt_last_rollback=0 adapt_prob_active=1 adapt_prob_action=TRACK_NARROW adapt_prob_windows=1 adapt_win_age_ms=441 adapt_win_relock_ms=0 adapt_win_jitter_us=1086 adapt_win_jitter_samples=16 adapt_win_lock_lost=0 adapt_win_holdover=0 adapt_cd_windows=1 adapt_stable_windows=0 adapt_levels=0/1/0 adapt_gains=2/16/10/80 adapt_lock_div=5/3 adapt_lock_stable=12 phase_tick=554.754 phase_src=e live_lock=L pll_err_us=849 pll_phase_corr_us=84 pll_freq_corr_us=10 rx_q_now=0 rx_q_peak=0 rx_q_lifetime_peak=0 rx_drop_interval=0 rx_drop_total=0 rx_latency_avg_us=0 rx_latency_max_us=0 rx_latency_samples=0 beat_service_avg_us=32 beat_service_max_us=32 beat_service_samples=2 tb_active=1 tb_phase_us=0 tb_phase_pct_x10=0 tb_eff_bpm_pct_x10=2 tb_vel_usps=0 tb_q_depth=0 tb_q_peak=1 tb_enq=47 tb_emit=47 tb_emit_iavg_us=22719 tb_emit_imin_us=22699 tb_emit_imax_us=22731 tb_emit_isamples=47 tb_drop=0 tb_clamp_min=0 tb_clamp_max=0 tb_late_avg_us=1 tb_late_max_us=2 tb_late_samples=47
METDIAG en=1 src=1 beat=4 qint=544405us click=1247/2432us cs=2
BPMDIAG raw_bpm=110.1 raw_valid=1 source_bpm=110.0 source_valid=1 est_window=96 history_confidence=S est_valid=1 publication_ready=1 sync_state=L live_lock=L display_bpm=110.0 display_external=1 sync_lost=0 display_age_ms=3945 delta=0.0 hysteresis=0.2 hold=1 slew_pending=0
---- Closed serial port COM4 ----
