---- Opened serial port COM4 at 115200 baud ----
---- Session log: C:\Users\Pete\Documents\Chattest\ChatTest\.\logs\serial_COM4_20260526_210029.log ----
---- Press Ctrl+C to stop capture ----
METDIAG en=1 src=0 beat=2 qint=499921us click=29/30us cs=2
METDIAG en=1 src=0 beat=4 qint=499920us click=29/30us cs=2
METDIAG en=1 src=0 beat=2 qint=499920us click=29/30us cs=2
METDIAG en=1 src=0 beat=4 qint=499920us click=29/30us cs=2
METDIAG en=1 src=0 beat=2 qint=4999METDIAG en=1 src=0 beat=1 qint=499920us click=30/31us cs=2
METDIAG en=1 src=0 beat=3 qint=499921us click=29/30us cs=2
METDIAG en=1 src=0 beat=1 qint=499921us click=29/30us cs=2
Encoder 2 CW
Encoder 2 CW
Encoder 2 CW
METDIAG en=1 src=0 beat=3 qint=499920us click=30/30us cs=2
Encoder 2 CW
Encoder 2 CW
Encoder 2 CW
Encoder 2 CW
Encoder 2 CW
Encoder 2 CW
Encoder 2 CW
METDIAG en=1 src=0 beat=1 qint=499919us click=30/31us cs=2
Encoder 2 CW
Encoder 2 CCW
Encoder 2 CCW
Encoder 2 CCW
Encoder 2 CCW
Encoder 2 CCW
Encoder 2 CCW
Encoder 2 CCW
METDIAG en=1 src=0 beat=3 qint=499921us click=30/31us cs=2
Encoder 2 CCW
METDIAG en=1 src=0 beat=1 qint=499920us click=29/29us cs=2
METDIAG en=1 src=0 beat=3 qint=499920us click=30/30us cs=2
METDIAG en=1 src=0 beat=1 qint=499920us click=29/30us cs=2
METDIAG en=1 src=0 beat=3 qint=499920us click=29/30us cs=2
METDIAG en=1 src=0 beat=1 qint=499919us click=29/30us cs=2
METDIAG en=1 src=0 beat=3 qint=499920us click=30/30us cs=2
METDIAG en=1 src=0 beat=1 qint=499920us click=29/30us cs=2
METDIAG en=1 src=0 beat=3 qint=499920us click=30/30us cs=2
---- Closed serial port COM4 ----
