---- Opened serial port COM4 at 115200 baud ----
---- Session log: C:\Users\Pete\Documents\Chattest\ChatTest\.\logs\serial_COM4_20260526_215352.log ----
---- Press Ctrl+C to stop capture ----
CLKDIAGeCLKDIAG ext_active=1 transport_run=0 rearm_pending=0 sync_lost=0 barbeat_valid=0 interval_samples=44 interval_avg_us=22709 interval_min_us=18290 interval_max_us=27126 interval_pkpk_us=8836 raw_bpm=110.1 est_window=96 est_observed=96 history_confidence=S est_valid=1 publication_ready=0 sync_state=IDLE sync_state_age_ms=39605 holdover_ms=0 last_lock_age_ms=0 last_transition=IDLE->IDLE transition_reason=NONE transition_age_ms=0 transition_phase_err_us=0 transition_window=0 transition_observed=0 acq_ms_last=0 acq_ms_avg=0 acq_ms_max=0 relock_ms_last=0 relock_ms_avg=0 relock_ms_max=0 lock_acquired=0 acquire_success=0 relock_success=0 lock_lost=0 holdover_entries=0 adapt_action=NONE adapt_action_age_ms=0 adapt_last_rollback=0 adapt_prob_active=0 adapt_prob_action=NONE adapt_prob_windows=0 adapt_win_age_ms=31172 adapt_win_relock_ms=0 adapt_win_jitter_us=0 adapt_win_jitter_samples=0 adapt_win_lock_lost=0 adapt_win_holdover=0 adapt_cd_windows=0 adapt_stable_windows=0 adapt_levels=0/0/0 adapt_gains=2/16/8/64 adapt_lock_div=5/3 adapt_lock_stable=12 phase_tick=0.000 phase_src=- live_lock=L pll_err_us=-741 pll_phase_corr_us=-92 pll_freq_corr_us=-11 rx_q_now=0 rx_q_peak=0 rx_q_lifetime_peak=0 rx_drop_interval=0 rx_drop_total=0 rx_latency_avg_us=0 rx_latency_max_us=0 rx_latency_samples=0 beat_service_avg_us=0 beat_service_max_us=0 beat_service_samples=0 tb_active=1 tb_phase_us=0 tb_phase_pct_x10=0 tb_eff_bpm_pct_x10=90 tb_vel_usps=0 tb_q_depth=0 tb_q_peak=1 tb_enq=48 tb_emit=48 tb_emit_iavg_us=20830 tb_emit_imin_us=20830 tb_emit_imax_us=20830 tb_emit_isamples=48 tb_drop=0 tb_clamp_min=0 tb_clamp_max=0 tb_late_avg_us=1 tb_late_max_us=1 tb_late_samples=48
BPMDIAG raw_bpm=110.0 raw_valid=1 source_bpm=0.0 source_valid=0 est_window=96 history_confidence=S est_valid=1 publication_ready=0 sync_state=I live_lock=L display_bpm=120.0 display_external=0 sync_lost=0 display_age_ms=0 delta=0.0 hysteresis=0.0 hold=0 slew_pending=0
METDIAG en=1 src=0 beat=0 qint=500000us click=0/0us cs=0
CLKDIAG ext_active=1 transport_run=0 rearm_pending=0 sync_lost=0 barbeat_valid=0 interval_samples=44 interval_avg_us=22709 interval_min_us=19342 interval_max_us=25772 interval_pkpk_us=6430 raw_bpm=109.9 est_window=96 est_observed=96 history_confidence=S est_valid=1 publication_ready=0 sync_state=IDLE sync_state_age_ms=40605 holdover_ms=0 last_lock_age_ms=0 last_transition=IDLE->IDLE transition_reason=NONE transition_age_ms=0 transition_phase_err_us=0 transition_window=0 transition_observed=0 acq_ms_last=0 acq_ms_avg=0 acq_ms_max=0 relock_ms_last=0 relock_ms_avg=0 relock_ms_max=0 lock_acquired=0 acquire_success=0 relock_success=0 lock_lost=0 holdover_entries=0 adapt_action=NONE adapt_action_age_ms=0 adapt_last_rollback=0 adapt_prob_active=0 adapt_prob_action=NONE adapt_prob_windows=0 adapt_win_age_ms=32172 adapt_win_relock_ms=0 adapt_win_jitter_us=0 adapt_win_jitter_samples=0 adapt_win_lock_lost=0 adapt_win_holdover=0 adapt_cd_windows=0 adapt_stable_windows=0 adapt_levels=0/0/0 adapt_gains=2/16/8/64 adapt_lock_div=5/3 adapt_lock_stable=12 phase_tick=0.000 phase_src=- live_lock=L pll_err_us=-1122 pll_phase_corr_us=-140 pll_freq_corr_us=-17 rx_q_now=0 rx_q_peak=0 rx_q_lifetime_peak=0 rx_drop_interval=0 rx_drop_total=0 rx_latency_avg_us=0 rx_latency_max_us=0 rx_latency_samples=0 beat_service_avg_us=0 beat_service_max_us=0 beat_service_samples=0 tb_active=1 tb_phase_us=0 tb_phase_pct_x10=0 tb_eff_bpm_pct_x10=90 tb_vel_usps=0 tb_q_depth=0 tb_q_peak=1 tb_enq=48 tb_emit=48 tb_emit_iavg_us=20830 tb_emit_imin_us=20829 tb_emit_imax_us=20831 tb_emit_isamples=48 tb_drop=0 tb_clamp_min=0 tb_clamp_max=0 tb_late_avg_us=1 tb_late_max_us=1 tb_late_samples=48
BPMDIAG raw_bpm=110.1 raw_valid=1 source_bpm=0.0 source_valid=0 est_window=96 history_confidence=S est_valid=1 publication_ready=0 sync_state=I live_lock=L display_bpm=120.0 display_external=0 sync_lost=0 display_age_ms=0 delta=0.0 hysteresis=0.0 hold=0 slew_pending=0
METDIAG en=1 src=0 beat=0 qint=500000us click=0/0us cs=0
Encoder 2 CW
Encoder 2 CW
Encoder 2 CW
Encoder 2 CW
Encoder 2 CW
Encoder 2 CW
Encoder 2 CW
Encoder 2 CW
Encoder 2 CW
Encoder 2 CW
CLKDIAG ext_active=1 transport_run=0 rearm_pending=0 sync_lost=0 barbeat_valid=0 interval_samples=45 interval_avg_us=22778 interval_min_us=18524 interval_max_us=27396 interval_pkpk_us=8872 raw_bpm=109.9 est_window=96 est_observed=96 history_confidence=S est_valid=1 publication_ready=0 sync_state=IDLE sync_state_age_ms=41605 holdover_ms=0 last_lock_age_ms=0 last_transition=IDLE->IDLE transition_reason=NONE transition_age_ms=0 transition_phase_err_us=0 transition_window=0 transition_observed=0 acq_ms_last=0 acq_ms_avg=0 acq_ms_max=0 relock_ms_last=0 relock_ms_avg=0 relock_ms_max=0 lock_acquired=0 acquire_success=0 relock_success=0 lock_lost=0 holdover_entries=0 adapt_action=NONE adapt_action_age_ms=0 adapt_last_rollback=0 adapt_prob_active=0 adapt_prob_action=NONE adapt_prob_windows=0 adapt_win_age_ms=33172 adapt_win_relock_ms=0 adapt_win_jitter_us=0 adapt_win_jitter_samples=0 adapt_win_lock_lost=0 adapt_win_holdover=0 adapt_cd_windows=0 adapt_stable_windows=0 adapt_levels=0/0/0 adapt_gains=2/16/8/64 adapt_lock_div=5/3 adapt_lock_stable=12 phase_tick=0.000 phase_src=- live_lock=L pll_err_us=1539 pll_phase_corr_us=192 pll_freq_corr_us=24 rx_q_now=0 rx_q_peak=0 rx_q_lifetime_peak=0 rx_drop_interval=0 rx_drop_total=0 rx_latency_avg_us=0 rx_latency_max_us=0 rx_latency_samples=0 beat_service_avg_us=0 beat_service_max_us=0 beat_service_samples=0 tb_active=1 tb_phase_us=-3541 tb_phase_pct_x10=-155 tb_eff_bpm_pct_x10=94 tb_vel_usps=-17856 tb_q_depth=0 tb_q_peak=1 tb_enq=48 tb_emit=48 tb_emit_iavg_us=20830 tb_emit_imin_us=20829 tb_emit_imax_us=20831 tb_emit_isamples=48 tb_drop=0 tb_clamp_min=0 tb_clamp_max=0 tb_late_avg_us=1 tb_late_max_us=2 tb_late_samples=48
BPMDIAG raw_bpm=110.1 raw_valid=1 source_bpm=0.0 source_valid=0 est_window=96 history_confidence=S est_valid=1 publication_ready=0 sync_state=I live_lock=L display_bpm=120.0 display_external=0 sync_lost=0 display_age_ms=0 delta=0.0 hysteresis=0.0 hold=0 slew_pending=0
METDIAG en=1 src=0 beat=0 qint=500000us click=0/0us cs=0
Encoder 2 CW
Encoder 2 CW
Encoder 2 CW
Encoder 2 CW
Encoder 2 CW
Encoder 2 CW
Encoder 2 CW
Encoder 2 CW
Encoder 2 CW
Encoder 2 CW
Encoder 2 CW
Encoder 2 CW
Encoder 2 CW
Encoder 2 CCW
Encoder 2 CCW
Encoder 2 CCW
Encoder 2 CCW
Encoder 2 CCW
Encoder 2 CCW
Encoder 2 CCW
Encoder 2 CCW
Encoder 2 CCW
Encoder 2 CCW
Encoder 2 CCW
Encoder 2 CCW
Encoder 2 CCW
Encoder 2 CCW
Encoder 2 CCW
Encoder 2 CCW
Encoder 2 CCW
Encoder 2 CCW
Encoder 2 CCW
CLKDIAG ext_active=1 transport_run=0 rearm_pending=0 sync_lost=0 barbeat_valid=0 interval_samples=44 interval_avg_us=22718 interval_min_us=18578 interval_max_us=26100 interval_pkpk_us=7522 raw_bpm=109.9 est_window=96 est_observed=96 history_confidence=S est_valid=1 publication_ready=0 sync_state=IDLE sync_state_age_ms=42605 holdover_ms=0 last_lock_age_ms=0 last_transition=IDLE->IDLE transition_reason=NONE transition_age_ms=0 transition_phase_err_us=0 transition_window=0 transition_observed=0 acq_ms_last=0 acq_ms_avg=0 acq_ms_max=0 relock_ms_last=0 relock_ms_avg=0 relock_ms_max=0 lock_acquired=0 acquire_success=0 relock_success=0 lock_lost=0 holdover_entries=0 adapt_action=NONE adapt_action_age_ms=0 adapt_last_rollback=0 adapt_prob_active=0 adapt_prob_action=NONE adapt_prob_windows=0 adapt_win_age_ms=34172 adapt_win_relock_ms=0 adapt_win_jitter_us=0 adapt_win_jitter_samples=0 adapt_win_lock_lost=0 adapt_win_holdover=0 adapt_cd_windows=0 adapt_stable_windows=0 adapt_levels=0/0/0 adapt_gains=2/16/8/64 adapt_lock_div=5/3 adapt_lock_stable=12 phase_tick=0.000 phase_src=- live_lock=L pll_err_us=576 pll_phase_corr_us=72 pll_freq_corr_us=9 rx_q_now=0 rx_q_peak=0 rx_q_lifetime_peak=0 rx_drop_interval=0 rx_drop_total=0 rx_latency_avg_us=0 rx_latency_max_us=0 rx_latency_samples=0 beat_service_avg_us=0 beat_service_max_us=0 beat_service_samples=0 tb_active=1 tb_phase_us=-1819 tb_phase_pct_x10=-80 tb_eff_bpm_pct_x10=91 tb_vel_usps=17856 tb_q_depth=0 tb_q_peak=1 tb_enq=48 tb_emit=48 tb_emit_iavg_us=20830 tb_emit_imin_us=20829 tb_emit_imax_us=20831 tb_emit_isamples=48 tb_drop=0 tb_clamp_min=0 tb_clamp_max=0 tb_late_avg_us=1 tb_late_max_us=1 tb_late_samples=48
Encoder 2 CCW
BPMDIAG raw_bpm=110.0 raw_valid=1 source_bpm=0.0 source_valid=0 est_window=96 history_confidence=S est_valid=1 publication_ready=0 sync_state=I live_lock=L display_bpm=120.0 display_external=0 sync_lost=0 display_age_ms=0 delta=0.0 hysteresis=0.0 hold=0 slew_pending=0
METDIAG en=1 src=0 beat=0 qint=500000us click=0/0us cs=0
Encoder 2 CCW
Encoder 2 CCW
Encoder 2 CCW
Encoder 2 CCW
Encoder 2 CCW
Encoder 2 CCW
Encoder 2 CCW
Encoder 2 CCW
Encoder 2 CCW
Encoder 2 CCW
Encoder 2 CCW
Encoder 2 CW
Encoder 2 CW
Encoder 2 CW
Encoder 2 CW
Encoder 2 CW
Encoder 2 CW
Encoder 2 CW
Encoder 2 CW
Encoder 2 CW
Encoder 2 CW
Encoder 2 CW
Encoder 2 CW
Encoder 2 CW
Encoder 2 CW
Encoder 2 CW
Encoder 2 CW
Encoder 2 CW
Encoder 2 CW
Encoder 2 CW
Encoder 2 CW
Encoder 2 CW
Encoder 2 CW
Encoder 2 CW
Encoder 2 CW
Encoder 2 CW
Encoder 2 CW
CLKDIAG ext_active=1 transport_run=0 rearm_pending=0 sync_lost=0 barbeat_valid=0 interval_samples=44 interval_avg_us=22732 interval_min_us=18678 interval_max_us=26268 interval_pkpk_us=7590 raw_bpm=109.9 est_window=96 est_observed=96 history_confidence=S est_valid=1 publication_ready=0 sync_state=IDLE sync_state_age_ms=43605 holdover_ms=0 last_lock_age_ms=0 last_transition=IDLE->IDLE transition_reason=NONE transition_age_ms=0 transition_phase_err_us=0 transition_window=0 transition_observed=0 acq_ms_last=0 acq_ms_avg=0 acq_ms_max=0 relock_ms_last=0 relock_ms_avg=0 relock_ms_max=0 lock_acquired=0 acquire_success=0 relock_success=0 lock_lost=0 holdover_entries=0 adapt_action=NONE adapt_action_age_ms=0 adapt_last_rollback=0 adapt_prob_active=0 adapt_prob_action=NONE adapt_prob_windows=0 adapt_win_age_ms=35172 adapt_win_relock_ms=0 adapt_win_jitter_us=0 adapt_win_jitter_samples=0 adapt_win_lock_lost=0 adapt_win_holdover=0 adapt_cd_windows=0 adapt_stable_windows=0 adapt_levels=0/0/0 adapt_gains=2/16/8/64 adapt_lock_div=5/3 adapt_lock_stable=12 phase_tick=0.000 phase_src=- live_lock=L pll_err_us=913 pll_phase_corr_us=114 pll_freq_corr_us=14 rx_q_now=0 rx_q_peak=0 rx_q_lifetime_peak=0 rx_drop_interval=0 rx_drop_total=0 rx_latency_avg_us=0 rx_latency_max_us=0 rx_latency_samples=0 beat_service_avg_us=0 beat_service_max_us=0 beat_service_samples=0 tb_active=1 tb_phase_us=2522 tb_phase_pct_x10=111 tb_eff_bpm_pct_x10=89 tb_vel_usps=-17856 tb_q_depth=0 tb_q_peak=1 tb_enq=48 tb_emit=48 tb_emit_iavg_us=20882 tb_emit_imin_us=20458 tb_emit_imax_us=21202 tb_emit_isamples=48 tb_drop=0 tb_clamp_min=0 tb_clamp_max=0 tb_late_avg_us=1 tb_late_max_us=1 tb_late_samples=48
Encoder 2 CW
BPMDIAG raw_bpm=110.0 raw_valid=1 source_bpm=0.0 source_valid=0 est_window=96 history_confidence=S est_valid=1 publication_ready=0 sync_state=I live_lock=L display_bpm=120.0 display_external=0 sync_lost=0 display_age_ms=0 delta=0.0 hysteresis=0.0 hold=0 slew_pending=0
METDIAG en=1 src=0 beat=0 qint=500000us click=0/0us cs=0
Encoder 2 CW
Encoder 2 CW
Encoder 2 CW
Encoder 2 CW
Encoder 2 CW
Encoder 2 CCW
Encoder 2 CCW
Encoder 2 CCW
Encoder 2 CCW
Encoder 2 CCW
Encoder 2 CCW
Encoder 2 CCW
Encoder 2 CCW
Encoder 2 CCW
Encoder 2 CCW
Encoder 2 CCW
Encoder 2 CCW
Encoder 2 CCW
Encoder 2 CCW
Encoder 2 CCW
Encoder 2 CCW
Encoder 2 CCW
Encoder 2 CCW
Encoder 2 CCW
Encoder 2 CCW
Encoder 2 CCW
Encoder 2 CCW
Encoder 2 CCW
Encoder 2 CCW
Encoder 2 CCW
Encoder 2 CCW
Encoder 2 CCW
Encoder 2 CCW
Encoder 2 CCW
Encoder 2 CCW
CLKDIAG ext_active=1 transport_run=0 rearm_pending=0 sync_lost=0 barbeat_valid=0 interval_samples=43 interval_avg_us=22696 interval_min_us=18712 interval_max_us=25696 interval_pkpk_us=6984 raw_bpm=110.1 est_window=96 est_observed=96 history_confidence=S est_valid=1 publication_ready=0 sync_state=IDLE sync_state_age_ms=44605 holdover_ms=0 last_lock_age_ms=0 last_transition=IDLE->IDLE transition_reason=NONE transition_age_ms=0 transition_phase_err_us=0 transition_window=0 transition_observed=0 acq_ms_last=0 acq_ms_avg=0 acq_ms_max=0 relock_ms_last=0 relock_ms_avg=0 relock_ms_max=0 lock_acquired=0 acquire_success=0 relock_success=0 lock_lost=0 holdover_entries=0 adapt_action=NONE adapt_action_age_ms=0 adapt_last_rollback=0 adapt_prob_active=0 adapt_prob_action=NONE adapt_prob_windows=0 adapt_win_age_ms=36172 adapt_win_relock_ms=0 adapt_win_jitter_us=0 adapt_win_jitter_samples=0 adapt_win_lock_lost=0 adapt_win_holdover=0 adapt_cd_windows=0 adapt_stable_windows=0 adapt_levels=0/0/0 adapt_gains=2/16/8/64 adapt_lock_div=5/3 adapt_lock_stable=12 phase_tick=0.000 phase_src=- live_lock=L pll_err_us=-151 pll_phase_corr_us=-18 pll_freq_corr_us=-2 rx_q_now=0 rx_q_peak=0 rx_q_lifetime_peak=0 rx_drop_interval=0 rx_drop_total=0 rx_latency_avg_us=0 rx_latency_max_us=0 rx_latency_samples=0 beat_service_avg_us=0 beat_service_max_us=0 beat_service_samples=0 tb_active=1 tb_phase_us=3597 tb_phase_pct_x10=158 tb_eff_bpm_pct_x10=89 tb_vel_usps=17856 tb_q_depth=0 tb_q_peak=1 tb_enq=48 tb_emit=48 tb_emit_iavg_us=20845 tb_emit_imin_us=20458 tb_emit_imax_us=21202 tb_emit_isamples=48 tb_drop=0 tb_clamp_min=0 tb_clamp_max=0 tb_late_avg_us=1 tb_late_max_us=1 tb_late_samples=48
Encoder 2 CCW
BPMDIAG raw_bpm=110.0 raw_valid=1 source_bpm=0.0 source_valid=0 est_window=96 history_confidence=S est_valid=1 publication_ready=0 sync_state=I live_lock=L display_bpm=120.0 display_external=0 sync_lost=0 display_age_ms=0 delta=0.0 hysteresis=0.0 hold=0 slew_pending=0
METDIAG en=1 src=0 beat=0 qint=500000us click=0/0us cs=0
Encoder 2 CW
Encoder 2 CW
Encoder 2 CW
Encoder 2 CW
Encoder 2 CW
Encoder 2 CW
Encoder 2 CW
Encoder 2 CW
Encoder 2 CW
Encoder 2 CW
Encoder 2 CW
Encoder 2 CW
Encoder 2 CW
Encoder 2 CW
Encoder 2 CW
Encoder 2 CW
Encoder 2 CW
Encoder 2 CW
Encoder 2 CW
Encoder 2 CW
Encoder 2 CW
Encoder 2 CW
Encoder 2 CW
Encoder 2 CW
Encoder 2 CW
Encoder 2 CW
Encoder 2 CW
Encoder 2 CW
Encoder 2 CW
Encoder 2 CW
Encoder 2 CW
Encoder 2 CW
Encoder 2 CW
Encoder 2 CW
Encoder 2 CW
Encoder 2 CW
Encoder 2 CW
CLKDIAG ext_active=1 transport_run=0 rearm_pending=0 sync_lost=0 barbeat_valid=0 interval_samples=44 interval_avg_us=22737 interval_min_us=18624 interval_max_us=26340 interval_pkpk_us=7716 raw_bpm=110.0 est_window=96 est_observed=96 history_confidence=S est_valid=1 publication_ready=0 sync_state=IDLE sync_state_age_ms=45605 holdover_ms=0 last_lock_age_ms=0 last_transition=IDLE->IDLE transition_reason=NONE transition_age_ms=0 transition_phase_err_us=0 transition_window=0 transition_observed=0 acq_ms_last=0 acq_ms_avg=0 acq_ms_max=0 relock_ms_last=0 relock_ms_avg=0 relock_ms_max=0 lock_acquired=0 acquire_success=0 relock_success=0 lock_lost=0 holdover_entries=0 adapt_action=NONE adapt_action_age_ms=0 adapt_last_rollback=0 adapt_prob_active=0 adapt_prob_action=NONE adapt_prob_windows=0 adapt_win_age_ms=37172 adapt_win_relock_ms=0 adapt_win_jitter_us=0 adapt_win_jitter_samples=0 adapt_win_lock_lost=0 adapt_win_holdover=0 adapt_cd_windows=0 adapt_stable_windows=0 adapt_levels=0/0/0 adapt_gains=2/16/8/64 adapt_lock_div=5/3 adapt_lock_stable=12 phase_tick=0.000 phase_src=- live_lock=L pll_err_us=32 pll_phase_corr_us=4 pll_freq_corr_us=1 rx_q_now=0 rx_q_peak=0 rx_q_lifetime_peak=0 rx_drop_interval=0 rx_drop_total=0 rx_latency_avg_us=0 rx_latency_max_us=0 rx_latency_samples=0 beat_service_avg_us=0 beat_service_max_us=0 beat_service_samples=0 tb_active=1 tb_phase_us=-6460 tb_phase_pct_x10=-284 tb_eff_bpm_pct_x10=95 tb_vel_usps=-17282 tb_q_depth=0 tb_q_peak=1 tb_enq=48 tb_emit=48 tb_emit_iavg_us=20762 tb_emit_imin_us=20458 tb_emit_imax_us=21202 tb_emit_isamples=48 tb_drop=0 tb_clamp_min=0 tb_clamp_max=0 tb_late_avg_us=1 tb_late_max_us=1 tb_late_samples=48
BPMDIAG raw_bpm=110.0 raw_valid=1 source_bpm=0.0 source_valid=0 est_window=96 history_confidence=S est_valid=1 publication_ready=0 sync_state=I live_lock=L display_bpm=120.0 display_external=0 sync_lost=0 display_age_ms=0 delta=0.0 hysteresis=0.0 hold=0 slew_pending=0
METDIAG en=1 src=0 beat=0 qint=500000us click=0/0us cs=0
CLKDIAG ext_active=1 transport_run=0 rearm_pending=0 sync_lost=0 barbeat_valid=0 interval_samples=45 interval_avg_us=22740 interval_min_us=17176 interval_max_us=26410 interval_pkpk_us=9234 raw_bpm=109.9 est_window=96 est_observed=96 history_confidence=S est_valid=1 publication_ready=0 sync_state=IDLE sync_state_age_ms=46605 holdover_ms=0 last_lock_age_ms=0 last_transition=IDLE->IDLE transition_reason=NONE transition_age_ms=0 transition_phase_err_us=0 transition_window=0 transition_observed=0 acq_ms_last=0 acq_ms_avg=0 acq_ms_max=0 relock_ms_last=0 relock_ms_avg=0 relock_ms_max=0 lock_acquired=0 acquire_success=0 relock_success=0 lock_lost=0 holdover_entries=0 adapt_action=NONE adapt_action_age_ms=0 adapt_last_rollback=0 adapt_prob_active=0 adapt_prob_action=NONE adapt_prob_windows=0 adapt_win_age_ms=38172 adapt_win_relock_ms=0 adapt_win_jitter_us=0 adapt_win_jitter_samples=0 adapt_win_lock_lost=0 adapt_win_holdover=0 adapt_cd_windows=0 adapt_stable_windows=0 adapt_levels=0/0/0 adapt_gains=2/16/8/64 adapt_lock_div=5/3 adapt_lock_stable=12 phase_tick=0.000 phase_src=- live_lock=L pll_err_us=782 pll_phase_corr_us=97 pll_freq_corr_us=12 rx_q_now=0 rx_q_peak=0 rx_q_lifetime_peak=0 rx_drop_interval=0 rx_drop_total=0 rx_latency_avg_us=0 rx_latency_max_us=0 rx_latency_samples=0 beat_service_avg_us=0 beat_service_max_us=0 beat_service_samples=0 tb_active=1 tb_phase_us=-2444 tb_phase_pct_x10=-107 tb_eff_bpm_pct_x10=92 tb_vel_usps=-159 tb_q_depth=0 tb_q_peak=1 tb_enq=48 tb_emit=48 tb_emit_iavg_us=20830 tb_emit_imin_us=20829 tb_emit_imax_us=20831 tb_emit_isamples=48 tb_drop=0 tb_clamp_min=0 tb_clamp_max=0 tb_late_avg_us=1 tb_late_max_us=1 tb_late_samples=48
BPMDIAG raw_bpm=110.1 raw_valid=1 source_bpm=0.0 source_valid=0 est_window=96 history_confidence=S est_valid=1 publication_ready=0 sync_state=I live_lock=L display_bpm=120.0 display_external=0 sync_lost=0 display_age_ms=0 delta=0.0 hysteresis=0.0 hold=0 slew_pending=0
METDIAG en=1 src=0 beat=0 qint=500000us click=0/0us cs=0
CLKDIAG ext_active=1 transport_run=0 rearm_pending=0 sync_lost=0 barbeat_valid=0 interval_samples=43 interval_avg_us=22702 interval_min_us=18556 interval_max_us=25496 interval_pkpk_us=6940 raw_bpm=110.1 est_window=96 est_observed=96 history_confidence=S est_valid=1 publication_ready=0 sync_state=IDLE sync_state_age_ms=47605 holdover_ms=0 last_lock_age_ms=0 last_transition=IDLE->IDLE transition_reason=NONE transition_age_ms=0 transition_phase_err_us=0 transition_window=0 transition_observed=0 acq_ms_last=0 acq_ms_avg=0 acq_ms_max=0 relock_ms_last=0 relock_ms_avg=0 relock_ms_max=0 lock_acquired=0 acquire_success=0 relock_success=0 lock_lost=0 holdover_entries=0 adapt_action=NONE adapt_action_age_ms=0 adapt_last_rollback=0 adapt_prob_active=0 adapt_prob_action=NONE adapt_prob_windows=0 adapt_win_age_ms=39172 adapt_win_relock_ms=0 adapt_win_jitter_us=0 adapt_win_jitter_samples=0 adapt_win_lock_lost=0 adapt_win_holdover=0 adapt_cd_windows=0 adapt_stable_windows=0 adapt_levels=0/0/0 adapt_gains=2/16/8/64 adapt_lock_div=5/3 adapt_lock_stable=12 phase_tick=0.000 phase_src=- live_lock=L pll_err_us=-23 pll_phase_corr_us=-2 pll_freq_corr_us=-1 rx_q_now=0 rx_q_peak=0 rx_q_lifetime_peak=0 rx_drop_interval=0 rx_drop_total=0 rx_latency_avg_us=0 rx_latency_max_us=0 rx_latency_samples=0 beat_service_avg_us=0 beat_service_max_us=0 beat_service_samples=0 tb_active=1 tb_phase_us=-229 tb_phase_pct_x10=-10 tb_eff_bpm_pct_x10=90 tb_vel_usps=157 tb_q_depth=0 tb_q_peak=1 tb_enq=48 tb_emit=48 tb_emit_iavg_us=20830 tb_emit_imin_us=20818 tb_emit_imax_us=20842 tb_emit_isamples=48 tb_drop=0 tb_clamp_min=0 tb_clamp_max=0 tb_late_avg_us=1 tb_late_max_us=13 tb_late_samples=48
BPMDIAG raw_bpm=110.0 raw_valid=1 source_bpm=0.0 source_valid=0 est_window=96 history_confidence=S est_valid=1 publication_ready=0 sync_state=I live_lock=L display_bpm=120.0 display_external=0 sync_lost=0 display_age_ms=0 delta=0.0 hysteresis=0.0 hold=0 slew_pending=0
METDIAG en=1 src=0 beat=0 qint=500000us click=0/0us cs=0
CLKDIAG ext_active=1 transport_run=0 rearm_pending=0 sync_lost=0 barbeat_valid=0 interval_samples=45 interval_avg_us=22747 interval_min_us=17876 interval_max_us=26668 interval_pkpk_us=8792 raw_bpm=109.8 est_window=96 est_observed=96 history_confidence=S est_valid=1 publication_ready=0 sync_state=IDLE sync_state_age_ms=48605 holdover_ms=0 last_lock_age_ms=0 last_transition=IDLE->IDLE transition_reason=NONE transition_age_ms=0 transition_phase_err_us=0 transition_window=0 transition_observed=0 acq_ms_last=0 acq_ms_avg=0 acq_ms_max=0 relock_ms_last=0 relock_ms_avg=0 relock_ms_max=0 lock_acquired=0 acquire_success=0 relock_success=0 lock_lost=0 holdover_entries=0 adapt_action=NONE adapt_action_age_ms=0 adapt_last_rollback=0 adapt_prob_active=0 adapt_prob_action=NONE adapt_prob_windows=0 adapt_win_age_ms=40172 adapt_win_relock_ms=0 adapt_win_jitter_us=0 adapt_win_jitter_samples=0 adapt_win_lock_lost=0 adapt_win_holdover=0 adapt_cd_windows=0 adapt_stable_windows=0 adapt_levels=0/0/0 adapt_gains=2/16/8/64 adapt_lock_div=5/3 adapt_lock_stable=12 phase_tick=0.000 phase_src=- live_lock=L pll_err_us=764 pll_phase_corr_us=95 pll_freq_corr_us=11 rx_q_now=0 rx_q_peak=0 rx_q_lifetime_peak=0 rx_drop_interval=0 rx_drop_total=0 rx_latency_avg_us=0 rx_latency_max_us=0 rx_latency_samples=0 beat_service_avg_us=0 beat_service_max_us=0 beat_service_samples=0 tb_active=1 tb_phase_us=0 tb_phase_pct_x10=0 tb_eff_bpm_pct_x10=92 tb_vel_usps=0 tb_q_depth=0 tb_q_peak=1 tb_enq=48 tb_emit=48 tb_emit_iavg_us=20830 tb_emit_imin_us=20829 tb_emit_imax_us=20831 tb_emit_isamples=48 tb_drop=0 tb_clamp_min=0 tb_clamp_max=0 tb_late_avg_us=1 tb_late_max_us=1 tb_late_samples=48
BPMDIAG raw_bpm=110.0 raw_valid=1 source_bpm=0.0 source_valid=0 est_window=96 history_confidence=S est_valid=1 publication_ready=0 sync_state=I live_lock=L display_bpm=120.0 display_external=0 sync_lost=0 display_age_ms=0 delta=0.0 hysteresis=0.0 hold=0 slew_pending=0
METDIAG en=1 src=0 beat=0 qint=500000us click=0/0us cs=0
CLKDIAG ext_active=1 transport_run=0 rearm_pending=0 sync_lost=0 barbeat_valid=0 interval_samples=44 interval_avg_us=22728 interval_min_us=18262 interval_max_us=25926 interval_pkpk_us=7664 raw_bpm=109.9 est_window=96 est_observed=96 history_confidence=S est_valid=1 publication_ready=0 sync_state=IDLE sync_state_age_ms=49605 holdover_ms=0 last_lock_age_ms=0 last_transition=IDLE->IDLE transition_reason=NONE transition_age_ms=0 transition_phase_err_us=0 transition_window=0 transition_observed=0 acq_ms_last=0 acq_ms_avg=0 acq_ms_max=0 relock_ms_last=0 relock_ms_avg=0 relock_ms_max=0 lock_acquired=0 acquire_success=0 relock_success=0 lock_lost=0 holdover_entries=0 adapt_action=NONE adapt_action_age_ms=0 adapt_last_rollback=0 adapt_prob_active=0 adapt_prob_action=NONE adapt_prob_windows=0 adapt_win_age_ms=41172 adapt_win_relock_ms=0 adapt_win_jitter_us=0 adapt_win_jitter_samples=0 adapt_win_lock_lost=0 adapt_win_holdover=0 adapt_cd_windows=0 adapt_stable_windows=0 adapt_levels=0/0/0 adapt_gains=2/16/8/64 adapt_lock_div=5/3 adapt_lock_stable=12 phase_tick=0.000 phase_src=- live_lock=L pll_err_us=895 pll_phase_corr_us=111 pll_freq_corr_us=13 rx_q_now=0 rx_q_peak=0 rx_q_lifetime_peak=0 rx_drop_interval=0 rx_drop_total=0 rx_latency_avg_us=0 rx_latency_max_us=0 rx_latency_samples=0 beat_service_avg_us=0 beat_service_max_us=0 beat_service_samples=0 tb_active=1 tb_phase_us=0 tb_phase_pct_x10=0 tb_eff_bpm_pct_x10=91 tb_vel_usps=0 tb_q_depth=0 tb_q_peak=1 tb_enq=48 tb_emit=48 tb_emit_iavg_us=20830 tb_emit_imin_us=20800 tb_emit_imax_us=20860 tb_emit_isamples=48 tb_drop=0 tb_clamp_min=0 tb_clamp_max=0 tb_late_avg_us=1 tb_late_max_us=31 tb_late_samples=48
BPMDIAG raw_bpm=110.0 raw_valid=1 source_bpm=0.0 source_valid=0 est_window=96 history_confidence=S est_valid=1 publication_ready=0 sync_state=I live_lock=L display_bpm=120.0 display_external=0 sync_lost=0 display_age_ms=0 delta=0.0 hysteresis=0.0 hold=0 slew_pending=0
METDIAG en=1 src=0 beat=0 qint=500000us click=0/0us cs=0
CLKDIAG ext_active=1 transport_run=0 rearm_pending=0 sync_lost=0 barbeat_valid=0 interval_samples=44 interval_avg_us=22721 interval_min_us=18302 interval_max_us=26382 interval_pkpk_us=8080 raw_bpm=109.9 est_window=96 est_observed=96 history_confidence=S est_valid=1 publication_ready=0 sync_state=IDLE sync_state_age_ms=50605 holdover_ms=0 last_lock_age_ms=0 last_transition=IDLE->IDLE transition_reason=NONE transition_age_ms=0 transition_phase_err_us=0 transition_window=0 transition_observed=0 acq_ms_last=0 acq_ms_avg=0 acq_ms_max=0 relock_ms_last=0 relock_ms_avg=0 relock_ms_max=0 lock_acquired=0 acquire_success=0 relock_success=0 lock_lost=0 holdover_entries=0 adapt_action=NONE adapt_action_age_ms=0 adapt_last_rollback=0 adapt_prob_active=0 adapt_prob_action=NONE adapt_prob_windows=0 adapt_win_age_ms=42172 adapt_win_relock_ms=0 adapt_win_jitter_us=0 adapt_win_jitter_samples=0 adapt_win_lock_lost=0 adapt_win_holdover=0 adapt_cd_windows=0 adapt_stable_windows=0 adapt_levels=0/0/0 adapt_gains=2/16/8/64 adapt_lock_div=5/3 adapt_lock_stable=12 phase_tick=0.000 phase_src=- live_lock=L pll_err_us=894 pll_phase_corr_us=111 pll_freq_corr_us=13 rx_q_now=0 rx_q_peak=0 rx_q_lifetime_peak=0 rx_drop_interval=0 rx_drop_total=0 rx_latency_avg_us=0 rx_latency_max_us=0 rx_latency_samples=0 beat_service_avg_us=0 beat_service_max_us=0 beat_service_samples=0 tb_active=1 tb_phase_us=0 tb_phase_pct_x10=0 tb_eff_bpm_pct_x10=91 tb_vel_usps=0 tb_q_depth=0 tb_q_peak=1 tb_enq=48 tb_emit=48 tb_emit_iavg_us=20830 tb_emit_imin_us=20820 tb_emit_imax_us=20840 tb_emit_isamples=48 tb_drop=0 tb_clamp_min=0 tb_clamp_max=0 tb_late_avg_us=1 tb_late_max_us=11 tb_late_samples=48
BPMDIAG raw_bpm=110.1 raw_valid=1 source_bpm=0.0 source_valid=0 est_window=96 history_confidence=S est_valid=1 publication_ready=0 sync_state=I live_lock=L display_bpm=120.0 display_external=0 sync_lost=0 display_age_ms=0 delta=0.0 hysteresis=0.0 hold=0 slew_pending=0
METDIAG en=1 src=0 beat=0 qint=500000us click=0/0us cs=0
Encoder 2 CW
Encoder 2 CW
Encoder 2 CW
CLKDIAG ext_active=1 transport_run=0 rearm_pending=0 sync_lost=0 barbeat_valid=0 interval_samples=44 interval_avg_us=22728 interval_min_us=18376 interval_max_us=25304 interval_pkpk_us=6928 raw_bpm=109.9 est_window=96 est_observed=96 history_confidence=S est_valid=1 publication_ready=0 sync_state=IDLE sync_state_age_ms=51605 holdover_ms=0 last_lock_age_ms=0 last_transition=IDLE->IDLE transition_reason=NONE transition_age_ms=0 transition_phase_err_us=0 transition_window=0 transition_observed=0 acq_ms_last=0 acq_ms_avg=0 acq_ms_max=0 relock_ms_last=0 relock_ms_avg=0 relock_ms_max=0 lock_acquired=0 acquire_success=0 relock_success=0 lock_lost=0 holdover_entries=0 adapt_action=NONE adapt_action_age_ms=0 adapt_last_rollback=0 adapt_prob_active=0 adapt_prob_action=NONE adapt_prob_windows=0 adapt_win_age_ms=43172 adapt_win_relock_ms=0 adapt_win_jitter_us=0 adapt_win_jitter_samples=0 adapt_win_lock_lost=0 adapt_win_holdover=0 adapt_cd_windows=0 adapt_stable_windows=0 adapt_levels=0/0/0 adapt_gains=2/16/8/64 adapt_lock_div=5/3 adapt_lock_stable=12 phase_tick=0.000 phase_src=- live_lock=L pll_err_us=967 pll_phase_corr_us=120 pll_freq_corr_us=15 rx_q_now=0 rx_q_peak=0 rx_q_lifetime_peak=0 rx_drop_interval=0 rx_drop_total=0 rx_latency_avg_us=0 rx_latency_max_us=0 rx_latency_samples=0 beat_service_avg_us=0 beat_service_max_us=0 beat_service_samples=0 tb_active=1 tb_phase_us=-1219 tb_phase_pct_x10=-54 tb_eff_bpm_pct_x10=91 tb_vel_usps=-17856 tb_q_depth=0 tb_q_peak=1 tb_enq=48 tb_emit=48 tb_emit_iavg_us=20830 tb_emit_imin_us=20829 tb_emit_imax_us=20831 tb_emit_isamples=48 tb_drop=0 tb_clamp_min=0 tb_clamp_max=0 tb_late_avg_us=1 tb_late_max_us=2 tb_late_samples=48
Encoder 2 CW
BPMDIAG raw_bpm=110.0 raw_valid=1 source_bpm=0.0 source_valid=0 est_window=96 history_confidence=S est_valid=1 publication_ready=0 sync_state=I live_lock=L display_bpm=120.0 display_external=0 sync_lost=0 display_age_ms=0 delta=0.0 hysteresis=0.0 hold=0 slew_pending=0
METDIAG en=1 src=0 beat=0 qint=500000us click=0/0us cs=0
Encoder 2 CW
Encoder 2 CW
Encoder 2 CW
Encoder 2 CW
Encoder 2 CW
Encoder 2 CW
Encoder 2 CW
Encoder 2 CW
Encoder 2 CW
Encoder 2 CW
Encoder 2 CW
Encoder 2 CW
CLKDIAG ext_active=1 transport_run=0 rearm_pending=0 sync_lost=0 barbeat_valid=0 interval_samples=44 interval_avg_us=22709 interval_min_us=18076 interval_max_us=26468 interval_pkpk_us=8392 raw_bpm=109.9 est_window=96 est_observed=96 history_confidence=S est_valid=1 publication_ready=0 sync_state=IDLE sync_state_age_ms=52605 holdover_ms=0 last_lock_age_ms=0 last_transition=IDLE->IDLE transition_reason=NONE transition_age_ms=0 transition_phase_err_us=0 transition_window=0 transition_observed=0 acq_ms_last=0 acq_ms_avg=0 acq_ms_max=0 relock_ms_last=0 relock_ms_avg=0 relock_ms_max=0 lock_acquired=0 acquire_success=0 relock_success=0 lock_lost=0 holdover_entries=0 adapt_action=NONE adapt_action_age_ms=0 adapt_last_rollback=0 adapt_prob_active=0 adapt_prob_action=NONE adapt_prob_windows=0 adapt_win_age_ms=44172 adapt_win_relock_ms=0 adapt_win_jitter_us=0 adapt_win_jitter_samples=0 adapt_win_lock_lost=0 adapt_win_holdover=0 adapt_cd_windows=0 adapt_stable_windows=0 adapt_levels=0/0/0 adapt_gains=2/16/8/64 adapt_lock_div=5/3 adapt_lock_stable=12 phase_tick=0.000 phase_src=- live_lock=L pll_err_us=-367 pll_phase_corr_us=-45 pll_freq_corr_us=-5 rx_q_now=0 rx_q_peak=0 rx_q_lifetime_peak=0 rx_drop_interval=0 rx_drop_total=0 rx_latency_avg_us=0 rx_latency_max_us=0 rx_latency_samples=0 beat_service_avg_us=0 beat_service_max_us=0 beat_service_samples=0 tb_active=1 tb_phase_us=-8894 tb_phase_pct_x10=-392 tb_eff_bpm_pct_x10=90 tb_vel_usps=1049 tb_q_depth=0 tb_q_peak=1 tb_enq=48 tb_emit=48 tb_emit_iavg_us=20830 tb_emit_imin_us=20822 tb_emit_imax_us=20838 tb_emit_isamples=48 tb_drop=0 tb_clamp_min=0 tb_clamp_max=0 tb_late_avg_us=1 tb_late_max_us=1 tb_late_samples=48
BPMDIAG raw_bpm=110.0 raw_valid=1 source_bpm=0.0 source_valid=0 est_window=96 history_confidence=S est_valid=1 publication_ready=0 sync_state=I live_lock=L display_bpm=120.0 display_external=0 sync_lost=0 display_age_ms=0 delta=0.0 hysteresis=0.0 hold=0 slew_pending=0
METDIAG en=1 src=0 beat=0 qint=500000us click=0/0us cs=0
CLKDIAG ext_active=1 transport_run=0 rearm_pending=0 sync_lost=0 barbeat_valid=0 interval_samples=44 interval_avg_us=22729 interval_min_us=17724 interval_max_us=26364 interval_pkpk_us=8640 raw_bpm=109.9 est_window=96 est_observed=96 history_confidence=S est_valid=1 publication_ready=0 sync_state=IDLE sync_state_age_ms=53605 holdover_ms=0 last_lock_age_ms=0 last_transition=IDLE->IDLE transition_reason=NONE transition_age_ms=0 transition_phase_err_us=0 transition_window=0 transition_observed=0 acq_ms_last=0 acq_ms_avg=0 acq_ms_max=0 relock_ms_last=0 relock_ms_avg=0 relock_ms_max=0 lock_acquired=0 acquire_success=0 relock_success=0 lock_lost=0 holdover_entries=0 adapt_action=NONE adapt_action_age_ms=0 adapt_last_rollback=0 adapt_prob_active=0 adapt_prob_action=NONE adapt_prob_windows=0 adapt_win_age_ms=45172 adapt_win_relock_ms=0 adapt_win_jitter_us=0 adapt_win_jitter_samples=0 adapt_win_lock_lost=0 adapt_win_holdover=0 adapt_cd_windows=0 adapt_stable_windows=0 adapt_levels=0/0/0 adapt_gains=2/16/8/64 adapt_lock_div=5/3 adapt_lock_stable=12 phase_tick=0.000 phase_src=- live_lock=L pll_err_us=-399 pll_phase_corr_us=-49 pll_freq_corr_us=-6 rx_q_now=0 rx_q_peak=0 rx_q_lifetime_peak=0 rx_drop_interval=0 rx_drop_total=0 rx_latency_avg_us=0 rx_latency_max_us=0 rx_latency_samples=0 beat_service_avg_us=0 beat_service_max_us=0 beat_service_samples=0 tb_active=1 tb_phase_us=-705 tb_phase_pct_x10=-31 tb_eff_bpm_pct_x10=91 tb_vel_usps=624 tb_q_depth=0 tb_q_peak=1 tb_enq=48 tb_emit=48 tb_emit_iavg_us=20830 tb_emit_imin_us=20816 tb_emit_imax_us=20844 tb_emit_isamples=48 tb_drop=0 tb_clamp_min=0 tb_clamp_max=0 tb_late_avg_us=1 tb_late_max_us=15 tb_late_samples=48
BPMDIAG raw_bpm=110.0 raw_valid=1 source_bpm=0.0 source_valid=0 est_window=96 history_confidence=S est_valid=1 publication_ready=0 sync_state=I live_lock=L display_bpm=120.0 display_external=0 sync_lost=0 display_age_ms=0 delta=0.0 hysteresis=0.0 hold=0 slew_pending=0
METDIAG en=1 src=0 beat=0 qint=500000us click=0/0us cs=0
CLKDIAG ext_active=1 transport_run=0 rearm_pending=0 sync_lost=0 barbeat_valid=0 interval_samples=43 interval_avg_us=22730 interval_min_us=18210 interval_max_us=25612 interval_pkpk_us=7402 raw_bpm=110.1 est_window=96 est_observed=96 history_confidence=S est_valid=1 publication_ready=0 sync_state=IDLE sync_state_age_ms=54605 holdover_ms=0 last_lock_age_ms=0 last_transition=IDLE->IDLE transition_reason=NONE transition_age_ms=0 transition_phase_err_us=0 transition_window=0 transition_observed=0 acq_ms_last=0 acq_ms_avg=0 acq_ms_max=0 relock_ms_last=0 relock_ms_avg=0 relock_ms_max=0 lock_acquired=0 acquire_success=0 relock_success=0 lock_lost=0 holdover_entries=0 adapt_action=NONE adapt_action_age_ms=0 adapt_last_rollback=0 adapt_prob_active=0 adapt_prob_action=NONE adapt_prob_windows=0 adapt_win_age_ms=46172 adapt_win_relock_ms=0 adapt_win_jitter_us=0 adapt_win_jitter_samples=0 adapt_win_lock_lost=0 adapt_win_holdover=0 adapt_cd_windows=0 adapt_stable_windows=0 adapt_levels=0/0/0 adapt_gains=2/16/8/64 adapt_lock_div=5/3 adapt_lock_stable=12 phase_tick=0.000 phase_src=- live_lock=L pll_err_us=756 pll_phase_corr_us=94 pll_freq_corr_us=11 rx_q_now=0 rx_q_peak=0 rx_q_lifetime_peak=0 rx_drop_interval=0 rx_drop_total=0 rx_latency_avg_us=0 rx_latency_max_us=0 rx_latency_samples=0 beat_service_avg_us=0 beat_service_max_us=0 beat_service_samples=0 tb_active=1 tb_phase_us=0 tb_phase_pct_x10=0 tb_eff_bpm_pct_x10=91 tb_vel_usps=0 tb_q_depth=0 tb_q_peak=1 tb_enq=48 tb_emit=48 tb_emit_iavg_us=20830 tb_emit_imin_us=20830 tb_emit_imax_us=20830 tb_emit_isamples=48 tb_drop=0 tb_clamp_min=0 tb_clamp_max=0 tb_late_avg_us=1 tb_late_max_us=1 tb_late_samples=48
BPMDIAG raw_bpm=110.0 raw_valid=1 source_bpm=0.0 source_valid=0 est_window=96 history_confidence=S est_valid=1 publication_ready=0 sync_state=I live_lock=L display_bpm=120.0 display_external=0 sync_lost=0 display_age_ms=0 delta=0.0 hysteresis=0.0 hold=0 slew_pending=0
METDIAG en=1 src=0 beat=0 qint=500000us click=0/0us cs=0
CLKDIAG ext_active=1 transport_run=0 rearm_pending=0 sync_lost=0 barbeat_valid=0 interval_samples=45 interval_avg_us=22736 interval_min_us=18360 interval_max_us=26878 interval_pkpk_us=8518 raw_bpm=109.9 est_window=96 est_observed=96 history_confidence=S est_valid=1 publication_ready=0 sync_state=IDLE sync_state_age_ms=55605 holdover_ms=0 last_lock_age_ms=0 last_transition=IDLE->IDLE transition_reason=NONE transition_age_ms=0 transition_phase_err_us=0 transition_window=0 transition_observed=0 acq_ms_last=0 acq_ms_avg=0 acq_ms_max=0 relock_ms_last=0 relock_ms_avg=0 relock_ms_max=0 lock_acquired=0 acquire_success=0 relock_success=0 lock_lost=0 holdover_entries=0 adapt_action=NONE adapt_action_age_ms=0 adapt_last_rollback=0 adapt_prob_active=0 adapt_prob_action=NONE adapt_prob_windows=0 adapt_win_age_ms=47172 adapt_win_relock_ms=0 adapt_win_jitter_us=0 adapt_win_jitter_samples=0 adapt_win_lock_lost=0 adapt_win_holdover=0 adapt_cd_windows=0 adapt_stable_windows=0 adapt_levels=0/0/0 adapt_gains=2/16/8/64 adapt_lock_div=5/3 adapt_lock_stable=12 phase_tick=0.000 phase_src=- live_lock=L pll_err_us=70 pll_phase_corr_us=8 pll_freq_corr_us=1 rx_q_now=0 rx_q_peak=0 rx_q_lifetime_peak=0 rx_drop_interval=0 rx_drop_total=0 rx_latency_avg_us=0 rx_latency_max_us=0 rx_latency_samples=0 beat_service_avg_us=0 beat_service_max_us=0 beat_service_samples=0 tb_active=1 tb_phase_us=0 tb_phase_pct_x10=0 tb_eff_bpm_pct_x10=92 tb_vel_usps=0 tb_q_depth=0 tb_q_peak=1 tb_enq=48 tb_emit=48 tb_emit_iavg_us=20830 tb_emit_imin_us=20829 tb_emit_imax_us=20831 tb_emit_isamples=48 tb_drop=0 tb_clamp_min=0 tb_clamp_max=0 tb_late_avg_us=1 tb_late_max_us=2 tb_late_samples=48
BPMDIAG raw_bpm=110.1 raw_valid=1 source_bpm=0.0 source_valid=0 est_window=96 history_confidence=S est_valid=1 publication_ready=0 sync_state=I live_lock=L display_bpm=120.0 display_external=0 sync_lost=0 display_age_ms=0 delta=0.0 hysteresis=0.0 hold=0 slew_pending=0
METDIAG en=1 src=0 beat=0 qint=500000us click=0/0us cs=0
CLKDIAG ext_active=1 transport_run=0 rearm_pending=0 sync_lost=0 barbeat_valid=0 interval_samples=44 interval_avg_us=22743 interval_min_us=17294 interval_max_us=25928 interval_pkpk_us=8634 raw_bpm=109.8 est_window=96 est_observed=96 history_confidence=S est_valid=1 publication_ready=0 sync_state=IDLE sync_state_age_ms=56605 holdover_ms=0 last_lock_age_ms=0 last_transition=IDLE->IDLE transition_reason=NONE transition_age_ms=0 transition_phase_err_us=0 transition_window=0 transition_observed=0 acq_ms_last=0 acq_ms_avg=0 acq_ms_max=0 relock_ms_last=0 relock_ms_avg=0 relock_ms_max=0 lock_acquired=0 acquire_success=0 relock_success=0 lock_lost=0 holdover_entries=0 adapt_action=NONE adapt_action_age_ms=0 adapt_last_rollback=0 adapt_prob_active=0 adapt_prob_action=NONE adapt_prob_windows=0 adapt_win_age_ms=48172 adapt_win_relock_ms=0 adapt_win_jitter_us=0 adapt_win_jitter_samples=0 adapt_win_lock_lost=0 adapt_win_holdover=0 adapt_cd_windows=0 adapt_stable_windows=0 adapt_levels=0/0/0 adapt_gains=2/16/8/64 adapt_lock_div=5/3 adapt_lock_stable=12 phase_tick=0.000 phase_src=- live_lock=L pll_err_us=943 pll_phase_corr_us=117 pll_freq_corr_us=14 rx_q_now=0 rx_q_peak=0 rx_q_lifetime_peak=0 rx_drop_interval=0 rx_drop_total=0 rx_latency_avg_us=0 rx_latency_max_us=0 rx_latency_samples=0 beat_service_avg_us=0 beat_service_max_us=0 beat_service_samples=0 tb_active=1 tb_phase_us=0 tb_phase_pct_x10=0 tb_eff_bpm_pct_x10=92 tb_vel_usps=0 tb_q_depth=0 tb_q_peak=1 tb_enq=48 tb_emit=48 tb_emit_iavg_us=20830 tb_emit_imin_us=20828 tb_emit_imax_us=20832 tb_emit_isamples=48 tb_drop=0 tb_clamp_min=0 tb_clamp_max=0 tb_late_avg_us=1 tb_late_max_us=3 tb_late_samples=48
BPMDIAG raw_bpm=110.0 raw_valid=1 source_bpm=0.0 source_valid=0 est_window=96 history_confidence=S est_valid=1 publication_ready=0 sync_state=I live_lock=L display_bpm=120.0 display_external=0 sync_lost=0 display_age_ms=0 delta=0.0 hysteresis=0.0 hold=0 slew_pending=0
METDIAG en=1 src=0 beat=0 qint=500000us click=0/0us cs=0
CLKDIAG ext_active=1 transport_run=0 rearm_pending=0 sync_lost=0 barbeat_valid=0 interval_samples=44 interval_avg_us=22670 interval_min_us=18856 interval_max_us=26064 interval_pkpk_us=7208 raw_bpm=110.0 est_window=96 est_observed=96 history_confidence=S est_valid=1 publication_ready=0 sync_state=IDLE sync_state_age_ms=57605 holdover_ms=0 last_lock_age_ms=0 last_transition=IDLE->IDLE transition_reason=NONE transition_age_ms=0 transition_phase_err_us=0 transition_window=0 transition_observed=0 acq_ms_last=0 acq_ms_avg=0 acq_ms_max=0 relock_ms_last=0 relock_ms_avg=0 relock_ms_max=0 lock_acquired=0 acquire_success=0 relock_success=0 lock_lost=0 holdover_entries=0 adapt_action=NONE adapt_action_age_ms=0 adapt_last_rollback=0 adapt_prob_active=0 adapt_prob_action=NONE adapt_prob_windows=0 adapt_win_age_ms=49172 adapt_win_relock_ms=0 adapt_win_jitter_us=0 adapt_win_jitter_samples=0 adapt_win_lock_lost=0 adapt_win_holdover=0 adapt_cd_windows=0 adapt_stable_windows=0 adapt_levels=0/0/0 adapt_gains=2/16/8/64 adapt_lock_div=5/3 adapt_lock_stable=12 phase_tick=0.000 phase_src=- live_lock=L pll_err_us=-219 pll_phase_corr_us=-27 pll_freq_corr_us=-3 rx_q_now=0 rx_q_peak=0 rx_q_lifetime_peak=0 rx_drop_interval=0 rx_drop_total=0 rx_latency_avg_us=0 rx_latency_max_us=0 rx_latency_samples=0 beat_service_avg_us=0 beat_service_max_us=0 beat_service_samples=0 tb_active=1 tb_phase_us=0 tb_phase_pct_x10=0 tb_eff_bpm_pct_x10=88 tb_vel_usps=0 tb_q_depth=0 tb_q_peak=1 tb_enq=48 tb_emit=48 tb_emit_iavg_us=20830 tb_emit_imin_us=20829 tb_emit_imax_us=20831 tb_emit_isamples=48 tb_drop=0 tb_clamp_min=0 tb_clamp_max=0 tb_late_avg_us=1 tb_late_max_us=2 tb_late_samples=48
BPMDIAG raw_bpm=110.1 raw_valid=1 source_bpm=0.0 source_valid=0 est_window=96 history_confidence=S est_valid=1 publication_ready=0 sync_state=I live_lock=L display_bpm=120.0 display_external=0 sync_lost=0 display_age_ms=0 delta=0.0 hysteresis=0.0 hold=0 slew_pending=0
METDIAG en=1 src=0 beat=0 qint=500000us click=0/0us cs=0
---- Closed serial port COM4 ----
