---- Opened serial port COM4 at 115200 baud ----
---- Session log: logs\serial_COM4_20260522_191907.log ----
---- Press Ctrl+C to stop capture ----
BPMDIAG raw_bpm=0.0 raw_valid=0 source_bpm=0.0 source_valid=0 est_window=24 history_confidence=S est_valid=1 publication_ready=0 sync_statSYNCEVT event=SYNC_EVENT_STATE_TRANSITION from=IDLE to=REARM reason=ENTER_REARM age_ms=0 phase_err_us=0 window=0 observed=0 overflow_total=0
SYNCEVT event=SYNC_EVENT_STATE_TRANSITION from=REARM to=ACQUIRE reason=TRANSPORT_ARMED age_ms=64 phase_err_us=0 window=1 observed=1 overflow_total=0
SYNCEVT event=SYNC_EVENT_LOCK_ACQUIRED from=ACQUIRE to=LOCKED reason=LOCK_CONFIRMED age_ms=13 phase_err_us=-331 window=8 observed=40 overflow_total=0
CLKDIAG ext_active=1 transport_run=1 rearm_pending=0 sync_lost=0 barbeat_valid=1 interval_samples=59 interval_avg_us=11344 interval_min_us=7636 interval_max_us=15962 interval_pkpk_us=8326 raw_bpm=219.0 est_window=24 est_observed=59 history_confidence=S est_valid=1 publication_ready=1 sync_state=LOCKED sync_state_age_ms=228 holdover_ms=0 last_lock_age_ms=228 last_transition=ACQUIRE->LOCKED transition_reason=LOCK_CONFIRMED transition_age_ms=228 transition_phase_err_us=-331 transition_window=8 transition_observed=40 acq_ms_last=440 acq_ms_avg=440 acq_ms_max=440 relock_ms_last=0 relock_ms_avg=0 relock_ms_max=0 lock_acquired=1 acquire_success=1 relock_success=0 lock_lost=0 holdover_entries=0 adapt_action=NONE adapt_action_age_ms=0 adapt_last_rollback=0 adapt_prob_active=0 adapt_prob_action=NONE adapt_prob_windows=0 adapt_win_age_ms=668 adapt_win_relock_ms=0 adapt_win_jitter_us=1078 adapt_win_jitter_samples=26 adapt_win_lock_lost=0 adapt_win_holdover=0 adapt_cd_windows=0 adapt_stable_windows=0 adapt_levels=0/0/0 adapt_gains=2/16/8/64 adapt_lock_div=5/3 adapt_lock_stable=12 phase_tick=60.892 phase_src=e live_lock=L pll_err_us=-130 pll_phase_corr_us=-16 pll_freq_corr_us=-2 rx_q_now=0 rx_q_peak=0 rx_q_lifetime_peak=0 rx_drop_interval=0 rx_drop_total=0 rx_latency_avg_us=0 rx_latency_max_us=0 rx_latency_samples=0 beat_service_avg_us=31 beat_service_max_us=41 beat_service_samples=2
BPMDIAG raw_bpm=220.9 raw_valid=1 source_bpm=220.3 source_valid=1 est_window=24 history_confidence=S est_valid=1 publication_ready=1 sync_state=L live_lock=L display_bpm=221.0 display_external=1 sync_lost=0 display_age_ms=362 delta=0.7 hysteresis=0.4 hold=0 slew_pending=0
SYNCEVT event=SYNC_EVENT_TRANSPORT_REARM from=LOCKED to=REARM reason=ENTER_REARM age_ms=12 phase_err_us=1223 window=24 observed=96 overflow_total=0
CLKDIAG ext_active=0 transport_run=0 rearm_pending=1 sync_lost=0 barbeat_valid=1 interval_samples=52 interval_avg_us=11373 interval_min_us=7582 interval_max_us=15162 interval_pkpk_us=7580 raw_bpm=0.0 est_window=24 est_observed=96 history_confidence=S est_valid=1 publication_ready=0 sync_state=REARM sync_state_age_ms=409 holdover_ms=0 last_lock_age_ms=0 last_transition=LOCKED->REARM transition_reason=ENTER_REARM transition_age_ms=409 transition_phase_err_us=1223 transition_window=24 transition_observed=96 acq_ms_last=440 acq_ms_avg=440 acq_ms_max=440 relock_ms_last=0 relock_ms_avg=0 relock_ms_max=0 lock_acquired=1 acquire_success=1 relock_success=0 lock_lost=0 holdover_entries=0 adapt_action=NONE adapt_action_age_ms=0 adapt_last_rollback=0 adapt_prob_active=0 adapt_prob_action=NONE adapt_prob_windows=0 adapt_win_age_ms=1668 adapt_win_relock_ms=0 adapt_win_jitter_us=1155 adapt_win_jitter_samples=64 adapt_win_lock_lost=0 adapt_win_holdover=0 adapt_cd_windows=0 adapt_stable_windows=0 adapt_levels=0/0/0 adapt_gains=2/16/8/64 adapt_lock_div=5/3 adapt_lock_stable=12 phase_tick=148.950 phase_src=i live_lock=L pll_err_us=1223 pll_phase_corr_us=152 pll_freq_corr_us=19 rx_q_now=0 rx_q_peak=0 rx_q_lifetime_peak=0 rx_drop_interval=0 rx_drop_total=0 rx_latency_avg_us=0 rx_latency_max_us=0 rx_latency_samples=0 beat_service_avg_us=41 beat_service_max_us=41 beat_service_samples=2
SYNCEVT event=SYNC_EVENT_STATE_TRANSITION from=REARM to=ACQUIRE reason=TRANSPORT_ARMED age_ms=13 phase_err_us=0 window=0 observed=0 overflow_total=0
CLKDIAG ext_active=1 transport_run=1 rearm_pending=0 sync_lost=0 barbeat_valid=1 interval_samples=34 interval_avg_us=11327 interval_min_us=6542 interval_max_us=14356 interval_pkpk_us=7814 raw_bpm=225.1 est_window=4 est_observed=34 history_confidence=T est_valid=1 publication_ready=0 sync_state=ACQUIRE sync_state_age_ms=392 holdover_ms=0 last_lock_age_ms=0 last_transition=REARM->ACQUIRE transition_reason=TRANSPORT_ARMED transition_age_ms=392 transition_phase_err_us=0 transition_window=0 transition_observed=0 acq_ms_last=440 acq_ms_avg=440 acq_ms_max=440 relock_ms_last=0 relock_ms_avg=0 relock_ms_max=0 lock_acquired=1 acquire_success=1 relock_success=0 lock_lost=0 holdover_entries=0 adapt_action=NONE adapt_action_age_ms=0 adapt_last_rollback=0 adapt_prob_active=0 adapt_prob_action=NONE adapt_prob_windows=0 adapt_win_age_ms=392 adapt_win_relock_ms=0 adapt_win_jitter_us=1511 adapt_win_jitter_samples=5 adapt_win_lock_lost=0 adapt_win_holdover=0 adapt_cd_windows=0 adapt_stable_windows=0 adapt_levels=0/0/0 adapt_gains=2/16/8/64 adapt_lock_div=5/3 adapt_lock_stable=12 phase_tick=35.655 phase_src=e live_lock=A pll_err_us=1604 pll_phase_corr_us=802 pll_freq_corr_us=100 rx_q_now=0 rx_q_peak=0 rx_q_lifetime_peak=0 rx_drop_interval=0 rx_drop_total=0 rx_latency_avg_us=0 rx_latency_max_us=0 rx_latency_samples=0 beat_service_avg_us=22 beat_service_max_us=22 beat_service_samples=1
SYNCEVT event=SYNC_EVENT_STATE_TRANSITION from=ACQUIRE to=TRACKING reason=TRACKING_READY age_ms=0 phase_err_us=-1564 window=24 observed=46 overflow_total=0
BPMDIAG raw_bpm=219.9 raw_valid=1 source_bpm=0.0 source_valid=0 est_window=24 history_confidence=S est_valid=1 publication_ready=0 sync_state=T live_lock=A display_bpm=220.0 display_external=0 sync_lost=0 display_age_ms=0 delta=0.0 hysteresis=0.0 hold=0 slew_pending=0
SYNCEVT event=SYNC_EVENT_LOCK_ACQUIRED from=TRACKING to=LOCKED reason=LOCK_CONFIRMED age_ms=21 phase_err_us=-1273 window=24 observed=96 overflow_total=0
CLKDIAG ext_active=1 transport_run=1 rearm_pending=0 sync_lost=0 barbeat_valid=1 interval_samples=92 interval_avg_us=11337 interval_min_us=6102 interval_max_us=14896 interval_pkpk_us=8794 raw_bpm=220.8 est_window=24 est_observed=96 history_confidence=S est_valid=1 publication_ready=1 sync_state=LOCKED sync_state_age_ms=21 holdover_ms=0 last_lock_age_ms=21 last_transition=TRACKING->LOCKED transition_reason=LOCK_CONFIRMED transition_age_ms=21 transition_phase_err_us=-1273 transition_window=24 transition_observed=96 acq_ms_last=1394 acq_ms_avg=917 acq_ms_max=1394 relock_ms_last=0 relock_ms_avg=0 relock_ms_max=0 lock_acquired=2 acquire_success=2 relock_success=0 lock_lost=0 holdover_entries=0 adapt_action=NONE adapt_action_age_ms=0 adapt_last_rollback=0 adapt_prob_active=0 adapt_prob_action=NONE adapt_prob_windows=0 adapt_win_age_ms=1415 adapt_win_relock_ms=0 adapt_win_jitter_us=1417 adapt_win_jitter_samples=83 adapt_win_lock_lost=0 adapt_win_holdover=0 adapt_cd_windows=0 adapt_stable_windows=0 adapt_levels=0/0/0 adapt_gains=2/16/8/64 adapt_lock_div=5/3 adapt_lock_stable=12 phase_tick=127.000 phase_src=e live_lock=L pll_err_us=-2891 pll_phase_corr_us=-361 pll_freq_corr_us=-45 rx_q_now=0 rx_q_peak=0 rx_q_lifetime_peak=0 rx_drop_interval=0 rx_drop_total=0 rx_latency_avg_us=0 rx_latency_max_us=0 rx_latency_samples=0 beat_service_avg_us=41 beat_service_max_us=43 beat_service_samples=4
BPMDIAG raw_bpm=220.6 raw_valid=1 source_bpm=220.7 source_valid=1 est_window=24 history_confidence=S est_valid=1 publication_ready=1 sync_state=L live_lock=L display_bpm=221.3 display_external=1 sync_lost=0 display_age_ms=163 delta=0.6 hysteresis=0.4 hold=0 slew_pending=0
SYNCEVT event=SYNC_EVENT_TRANSPORT_REARM from=LOCKED to=REARM reason=ENTER_REARM age_ms=24 phase_err_us=963 window=24 observed=96 overflow_total=0
CLKDIAG ext_active=0 transport_run=0 rearm_pending=1 sync_lost=0 barbeat_valid=1 interval_samples=55 interval_avg_us=11428 interval_min_us=8140 interval_max_us=14832 interval_pkpk_us=6692 raw_bpm=0.0 est_window=24 est_observed=96 history_confidence=S est_valid=1 publication_ready=0 sync_state=REARM sync_state_age_ms=348 holdover_ms=0 last_lock_age_ms=0 last_transition=LOCKED->REARM transition_reason=ENTER_REARM transition_age_ms=348 transition_phase_err_us=963 transition_window=24 transition_observed=96 acq_ms_last=1394 acq_ms_avg=917 acq_ms_max=1394 relock_ms_last=0 relock_ms_avg=0 relock_ms_max=0 lock_acquired=2 acquire_success=2 relock_success=0 lock_lost=0 holdover_entries=0 adapt_action=NONE adapt_action_age_ms=0 adapt_last_rollback=0 adapt_prob_active=0 adapt_prob_action=NONE adapt_prob_windows=0 adapt_win_age_ms=2415 adapt_win_relock_ms=0 adapt_win_jitter_us=1366 adapt_win_jitter_samples=126 adapt_win_lock_lost=0 adapt_win_holdover=0 adapt_cd_windows=0 adapt_stable_windows=0 adapt_levels=0/0/0 adapt_gains=2/16/8/64 adapt_lock_div=5/3 adapt_lock_stable=12 phase_tick=213.408 phase_src=i live_lock=L pll_err_us=963 pll_phase_corr_us=120 pll_freq_corr_us=15 rx_q_now=0 rx_q_peak=0 rx_q_lifetime_peak=0 rx_drop_interval=0 rx_drop_total=0 rx_latency_avg_us=0 rx_latency_max_us=0 rx_latency_samples=0 beat_service_avg_us=41 beat_service_max_us=41 beat_service_samples=2
SYNCEVT event=SYNC_EVENT_STATE_TRANSITION from=REARM to=ACQUIRE reason=TRANSPORT_ARMED age_ms=75 phase_err_us=0 window=0 observed=0 overflow_total=0
SYNCEVT event=SYNC_EVENT_STATE_TRANSITION from=ACQUIRE to=TRACKING reason=TRACKING_READY age_ms=0 phase_err_us=1422 window=24 observed=37 overflow_total=0
CLKDIAG ext_active=1 transport_run=1 rearm_pending=0 sync_lost=0 barbeat_valid=1 interval_samples=38 interval_avg_us=11296 interval_min_us=7268 interval_max_us=13684 interval_pkpk_us=6416 raw_bpm=219.7 est_window=24 est_observed=38 history_confidence=S est_valid=1 publication_ready=0 sync_state=TRACKING sync_state_age_ms=15 holdover_ms=0 last_lock_age_ms=0 last_transition=ACQUIRE->TRACKING transition_reason=TRACKING_READY transition_age_ms=15 transition_phase_err_us=1422 transition_window=24 transition_observed=37 acq_ms_last=1394 acq_ms_avg=917 acq_ms_max=1394 relock_ms_last=0 relock_ms_avg=0 relock_ms_max=0 lock_acquired=2 acquire_success=2 relock_success=0 lock_lost=0 holdover_entries=0 adapt_action=NONE adapt_action_age_ms=0 adapt_last_rollback=0 adapt_prob_active=0 adapt_prob_action=NONE adapt_prob_windows=0 adapt_win_age_ms=441 adapt_win_relock_ms=0 adapt_win_jitter_us=1502 adapt_win_jitter_samples=12 adapt_win_lock_lost=0 adapt_win_holdover=0 adapt_cd_windows=0 adapt_stable_windows=0 adapt_levels=0/0/0 adapt_gains=2/16/8/64 adapt_lock_div=5/3 adapt_lock_stable=12 phase_tick=39.852 phase_src=e live_lock=A pll_err_us=-3533 pll_phase_corr_us=-1766 pll_freq_corr_us=-220 rx_q_now=0 rx_q_peak=0 rx_q_lifetime_peak=0 rx_drop_interval=0 rx_drop_total=0 rx_latency_avg_us=0 rx_latency_max_us=0 rx_latency_samples=0 beat_service_avg_us=22 beat_service_max_us=22 beat_service_samples=1
BPMDIAG raw_bpm=221.4 raw_valid=1 source_bpm=0.0 source_valid=0 est_window=24 history_confidence=S est_valid=1 publication_ready=0 sync_state=T live_lock=A display_bpm=219.0 display_external=0 sync_lost=0 display_age_ms=0 delta=0.0 hysteresis=0.0 hold=0 slew_pending=0
CLKDIAG ext_active=1 transport_run=1 rearm_pending=0 sync_lost=0 barbeat_valid=1 interval_samples=88 interval_avg_us=11363 interval_min_us=7566 interval_max_us=15374 interval_pkpk_us=7808 raw_bpm=220.8 est_window=24 est_observed=96 history_confidence=S est_valid=1 publication_ready=0 sync_state=TRACKING sync_state_age_ms=1015 holdover_ms=0 last_lock_age_ms=0 last_transition=ACQUIRE->TRACKING transition_reason=TRACKING_READY transition_age_ms=1015 transition_phase_err_us=1422 transition_window=24 transition_observed=37 acq_ms_last=1394 acq_ms_avg=917 acq_ms_max=1394 relock_ms_last=0 relock_ms_avg=0 relock_ms_max=0 lock_acquired=2 acquire_success=2 relock_success=0 lock_lost=0 holdover_entries=0 adapt_action=NONE adapt_action_age_ms=0 adapt_last_rollback=0 adapt_prob_active=0 adapt_prob_action=NONE adapt_prob_windows=0 adapt_win_age_ms=1441 adapt_win_relock_ms=0 adapt_win_jitter_us=1460 adapt_win_jitter_samples=88 adapt_win_lock_lost=0 adapt_win_holdover=0 adapt_cd_windows=0 adapt_stable_windows=0 adapt_levels=0/0/0 adapt_gains=2/16/8/64 adapt_lock_div=5/3 adapt_lock_stable=12 phase_tick=127.858 phase_src=e live_lock=A pll_err_us=-2959 pll_phase_corr_us=-1479 pll_freq_corr_us=-184 rx_q_now=0 rx_q_peak=0 rx_q_lifetime_peak=0 rx_drop_interval=0 rx_drop_total=0 rx_latency_avg_us=0 rx_latency_max_us=0 rx_latency_samples=0 beat_service_avg_us=41 beat_service_max_us=41 beat_service_samples=4
BPMDIAG raw_bpm=220.8 raw_valid=1 source_bpm=0.0 source_valid=0 est_window=24 history_confidence=S est_valid=1 publication_ready=0 sync_state=T live_lock=L display_bpm=219.0 display_external=0 sync_lost=0 display_age_ms=0 delta=0.0 hysteresis=0.0 hold=0 slew_pending=0
SYNCEVT event=SYNC_EVENT_LOCK_ACQUIRED from=TRACKING to=LOCKED reason=LOCK_CONFIRMED age_ms=12 phase_err_us=875 window=24 observed=96 overflow_total=0
CLKDIAG ext_active=1 transport_run=1 rearm_pending=0 sync_lost=0 barbeat_valid=1 interval_samples=88 interval_avg_us=11383 interval_min_us=8236 interval_max_us=15368 interval_pkpk_us=7132 raw_bpm=219.1 est_window=24 est_observed=96 history_confidence=S est_valid=1 publication_ready=1 sync_state=LOCKED sync_state_age_ms=684 holdover_ms=0 last_lock_age_ms=684 last_transition=TRACKING->LOCKED transition_reason=LOCK_CONFIRMED transition_age_ms=684 transition_phase_err_us=875 transition_window=24 transition_observed=96 acq_ms_last=1757 acq_ms_avg=1197 acq_ms_max=1757 relock_ms_last=0 relock_ms_avg=0 relock_ms_max=0 lock_acquired=3 acquire_success=3 relock_success=0 lock_lost=0 holdover_entries=0 adapt_action=NONE adapt_action_age_ms=0 adapt_last_rollback=0 adapt_prob_active=0 adapt_prob_action=NONE adapt_prob_windows=0 adapt_win_age_ms=2441 adapt_win_relock_ms=0 adapt_win_jitter_us=1318 adapt_win_jitter_samples=163 adapt_win_lock_lost=0 adapt_win_holdover=0 adapt_cd_windows=0 adapt_stable_windows=0 adapt_levels=0/0/0 adapt_gains=2/16/8/64 adapt_lock_div=5/3 adapt_lock_stable=12 phase_tick=215.781 phase_src=e live_lock=L pll_err_us=-628 pll_phase_corr_us=-78 pll_freq_corr_us=-9 rx_q_now=0 rx_q_peak=0 rx_q_lifetime_peak=0 rx_drop_interval=0 rx_drop_total=0 rx_latency_avg_us=0 rx_latency_max_us=0 rx_latency_samples=0 beat_service_avg_us=41 beat_service_max_us=41 beat_service_samples=3
BPMDIAG raw_bpm=220.3 raw_valid=1 source_bpm=221.0 source_valid=1 est_window=24 history_confidence=S est_valid=1 publication_ready=1 sync_state=L live_lock=L display_bpm=220.1 display_external=1 sync_lost=0 display_age_ms=26 delta=0.9 hysteresis=0.4 hold=0 slew_pending=0
SYNCEVT event=SYNC_EVENT_ENTER_HOLDOVER from=LOCKED to=HOLDOVER reason=SOURCE_TIMEOUT age_ms=26 phase_err_us=-322 window=24 observed=96 overflow_total=0
CLKDIAG ext_active=0 transport_run=0 rearm_pending=1 sync_lost=1 barbeat_valid=1 interval_samples=15 interval_avg_us=11339 interval_min_us=8516 interval_max_us=13686 interval_pkpk_us=5170 raw_bpm=0.0 est_window=24 est_observed=96 history_confidence=S est_valid=1 publication_ready=0 sync_state=HOLDOVER sync_state_age_ms=590 holdover_ms=590 last_lock_age_ms=1684 last_transition=LOCKED->HOLDOVER transition_reason=SOURCE_TIMEOUT transition_age_ms=590 transition_phase_err_us=-322 transition_window=24 transition_observed=96 acq_ms_last=1757 acq_ms_avg=1197 acq_ms_max=1757 relock_ms_last=0 relock_ms_avg=0 relock_ms_max=0 lock_acquired=3 acquire_success=3 relock_success=0 lock_lost=1 holdover_entries=1 adapt_action=NONE adapt_action_age_ms=0 adapt_last_rollback=0 adapt_prob_active=0 adapt_prob_action=NONE adapt_prob_windows=0 adapt_win_age_ms=3441 adapt_win_relock_ms=0 adapt_win_jitter_us=1316 adapt_win_jitter_samples=165 adapt_win_lock_lost=1 adapt_win_holdover=1 adapt_cd_windows=0 adapt_stable_windows=0 adapt_levels=0/0/0 adapt_gains=2/16/8/64 adapt_lock_div=5/3 adapt_lock_stable=12 phase_tick=304.210 phase_src=i live_lock=L pll_err_us=-322 pll_phase_corr_us=-40 pll_freq_corr_us=-5 rx_q_now=0 rx_q_peak=0 rx_q_lifetime_peak=0 rx_drop_interval=0 rx_drop_total=0 rx_latency_avg_us=0 rx_latency_max_us=0 rx_latency_samples=0 beat_service_avg_us=41 beat_service_max_us=41 beat_service_samples=1
BPMDIAG raw_bpm=0.0 raw_valid=0 source_bpm=0.0 source_valid=0 est_window=24 history_confidence=S est_valid=1 publication_ready=0 sync_state=H live_lock=L display_bpm=221.0 display_external=0 sync_lost=1 display_age_ms=0 delta=0.0 hysteresis=0.0 hold=0 slew_pending=0
CLKDIAG ext_active=1 transport_run=0 rearm_pending=1 sync_lost=1 barbeat_valid=1 interval_samples=0 interval_avg_us=0 interval_min_us=0 interval_max_us=0 interval_pkpk_us=0 raw_bpm=0.0 est_window=24 est_observed=96 history_confidence=S est_valid=1 publication_ready=0 sync_state=HOLDOVER sync_state_age_ms=1590 holdover_ms=1590 last_lock_age_ms=2684 last_transition=LOCKED->HOLDOVER transition_reason=SOURCE_TIMEOUT transition_age_ms=1590 transition_phase_err_us=-322 transition_window=24 transition_observed=96 acq_ms_last=1757 acq_ms_avg=1197 acq_ms_max=1757 relock_ms_last=0 relock_ms_avg=0 relock_ms_max=0 lock_acquired=3 acquire_success=3 relock_success=0 lock_lost=1 holdover_entries=1 adapt_action=NONE adapt_action_age_ms=0 adapt_last_rollback=0 adapt_prob_active=0 adapt_prob_action=NONE adapt_prob_windows=0 adapt_win_age_ms=4441 adapt_win_relock_ms=0 adapt_win_jitter_us=1316 adapt_win_jitter_samples=165 adapt_win_lock_lost=1 adapt_win_holdover=1 adapt_cd_windows=0 adapt_stable_windows=0 adapt_levels=0/0/0 adapt_gains=2/16/8/64 adapt_lock_div=5/3 adapt_lock_stable=12 phase_tick=392.623 phase_src=i live_lock=L pll_err_us=-322 pll_phase_corr_us=-40 pll_freq_corr_us=-5 rx_q_now=0 rx_q_peak=0 rx_q_lifetime_peak=0 rx_drop_interval=0 rx_drop_total=0 rx_latency_avg_us=0 rx_latency_max_us=0 rx_latency_samples=0 beat_service_avg_us=0 beat_service_max_us=0 beat_service_samples=0
BPMDIAG raw_bpm=0.0 raw_valid=0 source_bpm=0.0 source_valid=0 est_window=24 history_confidence=S est_valid=1 publication_ready=0 sync_state=H live_lock=L display_bpm=221.0 display_external=0 sync_lost=1 display_age_ms=0 delta=0.0 hysteresis=0.0 hold=0 slew_pending=0
BPMDIAG raw_bpm=0.0 raw_valid=0 source_bpm=0.0 source_valid=0 est_window=24 history_confidence=S est_valid=1 publication_ready=0 sync_state=H live_lock=L display_bpm=221.0 display_external=0 sync_lost=1 display_age_ms=0 delta=0.0 hysteresis=0.0 hold=0 slew_pending=0
CLKDIAG ext_active=1 transport_run=0 rearm_pending=1 sync_lost=1 barbeat_valid=1 interval_samples=0 interval_avg_us=0 interval_min_us=0 interval_max_us=0 interval_pkpk_us=0 raw_bpm=0.0 est_window=24 est_observed=96 history_confidence=S est_valid=1 publication_ready=0 sync_state=HOLDOVER sync_state_age_ms=3628 holdover_ms=3628 last_lock_age_ms=4722 last_transition=LOCKED->HOLDOVER transition_reason=SOURCE_TIMEOUT transition_age_ms=3628 transition_phase_err_us=-322 transition_window=24 transition_observed=96 acq_ms_last=1757 acq_ms_avg=1197 acq_ms_max=1757 relock_ms_last=0 relock_ms_avg=0 relock_ms_max=0 lock_acquired=3 acquire_success=3 relock_success=0 lock_lost=1 holdover_entries=1 adapt_action=NONE adapt_action_age_ms=0 adapt_last_rollback=0 adapt_prob_active=0 adapt_prob_action=NONE adapt_prob_windows=0 adapt_win_age_ms=6479 adapt_win_relock_ms=0 adapt_win_jitter_us=1316 adapt_win_jitter_samples=165 adapt_win_lock_lost=1 adapt_win_holdover=1 adapt_cd_windows=0 adapt_stable_windows=0 adapt_levels=0/0/0 adapt_gains=2/16/8/64 adapt_lock_div=5/3 adapt_lock_stable=12 phase_tick=572.822 phase_src=i live_lock=L pll_err_us=-322 pll_phase_corr_us=-40 pll_freq_corr_us=-5 rx_q_now=0 rx_q_peak=0 rx_q_lifetime_peak=0 rx_drop_interval=0 rx_drop_total=0 rx_latency_avg_us=0 rx_latency_max_us=0 rx_latency_samples=0 beat_service_avg_us=0 beat_service_max_us=0 beat_service_samples=0
BPMDIAG raw_bpm=0.0 raw_valid=0 source_bpm=0.0 source_valid=0 est_window=24 history_confidence=S est_valid=1 publication_ready=0 sync_state=H live_lock=L display_bpm=221.0 display_external=0 sync_lost=1 display_age_ms=0 delta=0.0 hysteresis=0.0 hold=0 slew_pending=0
SYNCEVT event=SYNC_EVENT_STATE_TRANSITION from=HOLDOVER to=REARM reason=ENTER_REARM age_ms=11 phase_err_us=-322 window=24 observed=96 overflow_total=0
SYNCADAPT action=HYSTERESIS_INCREASE rollback=0 probation_action=HYSTERESIS_INCREASE probation_windows=2 relock_avg_ms=0 jitter_avg_us=1316 lock_lost=1 holdover_entries=1 levels=acq0,track0,hyst1 gains=ap2,af16,tp8,tf64 lock_div=enter6,exit2 lock_stable=14\r\nSYNCEVT event=SYNC_EVENT_STATE_TRANSITION from=REARM to=ACQUIRE reason=TRANSPORT_ARMED age_ms=75 phase_err_us=0 window=0 observed=0 overflow_total=0
CLKDIAG ext_active=1 transport_run=1 rearm_pending=0 sync_lost=0 barbeat_valid=1 interval_samples=28 interval_avg_us=11334 interval_min_us=7498 interval_max_us=14478 interval_pkpk_us=6980 raw_bpm=217.9 est_window=24 est_observed=28 history_confidence=T est_valid=1 publication_ready=0 sync_state=ACQUIRE sync_state_age_ms=324 holdover_ms=0 last_lock_age_ms=0 last_transition=REARM->ACQUIRE transition_reason=TRANSPORT_ARMED transition_age_ms=324 transition_phase_err_us=0 transition_window=0 transition_observed=0 acq_ms_last=1757 acq_ms_avg=1197 acq_ms_max=1757 relock_ms_last=0 relock_ms_avg=0 relock_ms_max=0 lock_acquired=3 acquire_success=3 relock_success=0 lock_lost=1 holdover_entries=1 adapt_action=HYSTERESIS_INCREASE adapt_action_age_ms=324 adapt_last_rollback=0 adapt_prob_active=0 adapt_prob_action=NONE adapt_prob_windows=0 adapt_win_age_ms=324 adapt_win_relock_ms=0 adapt_win_jitter_us=2623 adapt_win_jitter_samples=4 adapt_win_lock_lost=0 adapt_win_holdover=0 adapt_cd_windows=0 adapt_stable_windows=0 adapt_levels=0/0/1 adapt_gains=2/16/8/64 adapt_lock_div=6/2 adapt_lock_stable=14 phase_tick=29.498 phase_src=e live_lock=A pll_err_us=1288 pll_phase_corr_us=644 pll_freq_corr_us=80 rx_q_now=0 rx_q_peak=0 rx_q_lifetime_peak=0 rx_drop_interval=0 rx_drop_total=0 rx_latency_avg_us=0 rx_latency_max_us=0 rx_latency_samples=0 beat_service_avg_us=22 beat_service_max_us=22 beat_service_samples=1
SYNCEVT event=SYNC_EVENT_STATE_TRANSITION from=ACQUIRE to=TRACKING reason=TRACKING_READY age_ms=0 phase_err_us=1351 window=24 observed=40 overflow_total=0
BPMDIAG raw_bpm=219.9 raw_valid=1 source_bpm=0.0 source_valid=0 est_window=24 history_confidence=S est_valid=1 publication_ready=0 sync_state=T live_lock=A display_bpm=221.0 display_external=0 sync_lost=0 display_age_ms=0 delta=0.0 hysteresis=0.0 hold=0 slew_pending=0
CLKDIAG ext_active=1 transport_run=1 rearm_pending=0 sync_lost=0 barbeat_valid=1 interval_samples=88 interval_avg_us=11361 interval_min_us=7110 interval_max_us=14716 interval_pkpk_us=7606 raw_bpm=219.0 est_window=24 est_observed=96 history_confidence=S est_valid=1 publication_ready=0 sync_state=TRACKING sync_state_age_ms=864 holdover_ms=0 last_lock_age_ms=0 last_transition=ACQUIRE->TRACKING transition_reason=TRACKING_READY transition_age_ms=864 transition_phase_err_us=1351 transition_window=24 transition_observed=40 acq_ms_last=1757 acq_ms_avg=1197 acq_ms_max=1757 relock_ms_last=0 relock_ms_avg=0 relock_ms_max=0 lock_acquired=3 acquire_success=3 relock_success=0 lock_lost=1 holdover_entries=1 adapt_action=HYSTERESIS_INCREASE adapt_action_age_ms=1324 adapt_last_rollback=0 adapt_prob_active=0 adapt_prob_action=NONE adapt_prob_windows=0 adapt_win_age_ms=1324 adapt_win_relock_ms=0 adapt_win_jitter_us=1564 adapt_win_jitter_samples=79 adapt_win_lock_lost=0 adapt_win_holdover=0 adapt_cd_windows=0 adapt_stable_windows=0 adapt_levels=0/0/1 adapt_gains=2/16/8/64 adapt_lock_div=6/2 adapt_lock_stable=14 phase_tick=117.534 phase_src=e live_lock=A pll_err_us=1896 pll_phase_corr_us=948 pll_freq_corr_us=118 rx_q_now=0 rx_q_peak=0 rx_q_lifetime_peak=0 rx_drop_interval=0 rx_drop_total=0 rx_latency_avg_us=0 rx_latency_max_us=0 rx_latency_samples=0 beat_service_avg_us=41 beat_service_max_us=42 beat_service_samples=3
BPMDIAG raw_bpm=220.5 raw_valid=1 source_bpm=0.0 source_valid=0 est_window=24 history_confidence=S est_valid=1 publication_ready=0 sync_state=T live_lock=A display_bpm=221.0 display_external=0 sync_lost=0 display_age_ms=0 delta=0.0 hysteresis=0.0 hold=0 slew_pending=0
SYNCADAPT action=TRACK_NARROW rollback=0 probation_action=TRACK_NARROW probation_windows=2 relock_avg_ms=0 jitter_avg_us=1527 lock_lost=0 holdover_entries=0 levels=acq0,track1,hyst1 gains=ap2,af16,tp10,tf80 lock_div=enter6,exit2 lock_stable=14\r\nCLKDIAG ext_active=1 transport_run=1 rearm_pending=0 sync_lost=0 barbeat_valid=1 interval_samples=71 interval_avg_us=11379 interval_min_us=7230 interval_max_us=15454 interval_pkpk_us=8224 raw_bpm=219.9 est_window=24 est_observed=96 history_confidence=S est_valid=1 publication_ready=0 sync_state=TRACKING sync_state_age_ms=1864 holdover_ms=0 last_lock_age_ms=0 last_transition=ACQUIRE->TRACKING transition_reason=TRACKING_READY transition_age_ms=1864 transition_phase_err_us=1351 transition_window=24 transition_observed=40 acq_ms_last=1757 acq_ms_avg=1197 acq_ms_max=1757 relock_ms_last=0 relock_ms_avg=0 relock_ms_max=0 lock_acquired=3 acquire_success=3 relock_success=0 lock_lost=1 holdover_entries=1 adapt_action=TRACK_NARROW adapt_action_age_ms=324 adapt_last_rollback=0 adapt_prob_active=1 adapt_prob_action=TRACK_NARROW adapt_prob_windows=2 adapt_win_age_ms=324 adapt_win_relock_ms=0 adapt_win_jitter_us=1223 adapt_win_jitter_samples=12 adapt_win_lock_lost=0 adapt_win_holdover=0 adapt_cd_windows=1 adapt_stable_windows=0 adapt_levels=0/1/1 adapt_gains=2/16/10/80 adapt_lock_div=6/2 adapt_lock_stable=14 phase_tick=205.246 phase_src=e live_lock=A pll_err_us=1741 pll_phase_corr_us=870 pll_freq_corr_us=108 rx_q_now=0 rx_q_peak=0 rx_q_lifetime_peak=0 rx_drop_interval=0 rx_drop_total=0 rx_latency_avg_us=0 rx_latency_max_us=0 rx_latency_samples=0 beat_service_avg_us=42 beat_service_max_us=44 beat_service_samples=3
SYNCEVT event=SYNC_EVENT_ENTER_HOLDOVER from=TRACKING to=HOLDOVER reason=SOURCE_TIMEOUT age_ms=26 phase_err_us=1741 window=24 observed=96 overflow_total=0
BPMDIAG raw_bpm=0.0 raw_valid=0 source_bpm=0.0 source_valid=0 est_window=24 history_confidence=S est_valid=1 publication_ready=0 sync_state=H live_lock=A display_bpm=221.0 display_external=0 sync_lost=1 display_age_ms=0 delta=0.0 hysteresis=0.0 hold=0 slew_pending=0
BPMDIAG raw_bpm=0.0 raw_valid=0 source_bpm=0.0 source_valid=0 est_window=24 history_confidence=S est_valid=1 publication_ready=0 sync_state=H live_lock=A display_bpm=221.0 display_external=0 sync_lost=1 display_age_ms=0 delta=0.0 hysteresis=0.0 hold=0 slew_pending=0
BPMDIAG raw_bpm=0.0 raw_valid=0 source_bpm=0.0 source_valid=0 est_window=24 history_confidence=S est_valid=1 publication_ready=0 sync_state=H live_lock=A display_bpm=221.0 display_external=0 sync_lost=1 display_age_ms=0 delta=0.0 hysteresis=0.0 hold=0 slew_pending=0
BPMDIAG raw_bpm=0.0 raw_valid=0 source_bpm=0.0 source_valid=0 est_window=24 history_confidence=S est_valid=1 publication_ready=0 sync_state=H live_lock=A display_bpm=221.0 display_external=0 sync_lost=1 display_age_ms=0 delta=0.0 hysteresis=0.0 hold=0 slew_pending=0
SYNCEVT event=SYNC_EVENT_STATE_TRANSITION from=HOLDOVER to=REARM reason=ENTER_REARM age_ms=12 phase_err_us=1741 window=24 observed=96 overflow_total=0
SYNCADAPT action=TRACK_DECAY rollback=1 probation_action=NONE probation_windows=0 relock_avg_ms=0 jitter_avg_us=1223 lock_lost=0 holdover_entries=1 levels=acq0,track0,hyst0 gains=ap2,af16,tp8,tf64 lock_div=enter5,exit3 lock_stable=12\r\nSYNCEVT event=SYNC_EVENT_STATE_TRANSITION from=REARM to=ACQUIRE reason=TRANSPORT_ARMED age_ms=50 phase_err_us=41 window=1 observed=2 overflow_total=0
CLKDIAG ext_active=1 transport_run=1 rearm_pending=0 sync_lost=0 barbeat_valid=1 interval_samples=21 interval_avg_us=11342 interval_min_us=8178 interval_max_us=14512 interval_pkpk_us=6334 raw_bpm=172.3 est_window=1 est_observed=21 history_confidence=O est_valid=0 publication_ready=0 sync_state=ACQUIRE sync_state_age_ms=223 holdover_ms=0 last_lock_age_ms=0 last_transition=REARM->ACQUIRE transition_reason=TRANSPORT_ARMED transition_age_ms=223 transition_phase_err_us=41 transition_window=1 transition_observed=2 acq_ms_last=1757 acq_ms_avg=1197 acq_ms_max=1757 relock_ms_last=0 relock_ms_avg=0 relock_ms_max=0 lock_acquired=3 acquire_success=3 relock_success=0 lock_lost=1 holdover_entries=2 adapt_action=NONE adapt_action_age_ms=0 adapt_last_rollback=0 adapt_prob_active=0 adapt_prob_action=NONE adapt_prob_windows=0 adapt_win_age_ms=223 adapt_win_relock_ms=0 adapt_win_jitter_us=0 adapt_win_jitter_samples=0 adapt_win_lock_lost=0 adapt_win_holdover=0 adapt_cd_windows=0 adapt_stable_windows=0 adapt_levels=0/0/0 adapt_gains=2/16/8/64 adapt_lock_div=5/3 adapt_lock_stable=12 phase_tick=22.829 phase_src=e live_lock=A pll_err_us=2105 pll_phase_corr_us=1052 pll_freq_corr_us=131 rx_q_now=0 rx_q_peak=0 rx_q_lifetime_peak=0 rx_drop_interval=0 rx_drop_total=0 rx_latency_avg_us=0 rx_latency_max_us=0 rx_latency_samples=0 beat_service_avg_us=0 beat_service_max_us=0 beat_service_samples=0
BPMDIAG raw_bpm=221.2 raw_valid=1 source_bpm=0.0 source_valid=0 est_window=24 history_confidence=S est_valid=1 publication_ready=0 sync_state=A live_lock=A display_bpm=221.0 display_external=0 sync_lost=0 display_age_ms=0 delta=0.0 hysteresis=0.0 hold=0 slew_pending=0
SYNCEVT event=SYNC_EVENT_STATE_TRANSITION from=ACQUIRE to=TRACKING reason=TRACKING_READY age_ms=0 phase_err_us=717 window=24 observed=44 overflow_total=0
SYNCEVT event=SYNC_EVENT_LOCK_ACQUIRED from=TRACKING to=LOCKED reason=LOCK_CONFIRMED age_ms=12 phase_err_us=-734 window=24 observed=65 overflow_total=0
CLKDIAG ext_active=1 transport_run=1 rearm_pending=0 sync_lost=0 barbeat_valid=1 interval_samples=88 interval_avg_us=11367 interval_min_us=7380 interval_max_us=14778 interval_pkpk_us=7398 raw_bpm=218.8 est_window=24 est_observed=96 history_confidence=S est_valid=1 publication_ready=1 sync_state=LOCKED sync_state_age_ms=498 holdover_ms=0 last_lock_age_ms=498 last_transition=TRACKING->LOCKED transition_reason=LOCK_CONFIRMED transition_age_ms=498 transition_phase_err_us=-734 transition_window=24 transition_observed=65 acq_ms_last=725 acq_ms_avg=1079 acq_ms_max=1757 relock_ms_last=0 relock_ms_avg=0 relock_ms_max=0 lock_acquired=4 acquire_success=4 relock_success=0 lock_lost=1 holdover_entries=2 adapt_action=NONE adapt_action_age_ms=0 adapt_last_rollback=0 adapt_prob_active=0 adapt_prob_action=NONE adapt_prob_windows=0 adapt_win_age_ms=1223 adapt_win_relock_ms=0 adapt_win_jitter_us=1165 adapt_win_jitter_samples=74 adapt_win_lock_lost=0 adapt_win_holdover=0 adapt_cd_windows=0 adapt_stable_windows=0 adapt_levels=0/0/0 adapt_gains=2/16/8/64 adapt_lock_div=5/3 adapt_lock_stable=12 phase_tick=110.845 phase_src=e live_lock=L pll_err_us=1732 pll_phase_corr_us=216 pll_freq_corr_us=27 rx_q_now=0 rx_q_peak=0 rx_q_lifetime_peak=0 rx_drop_interval=0 rx_drop_total=0 rx_latency_avg_us=0 rx_latency_max_us=0 rx_latency_samples=0 beat_service_avg_us=36 beat_service_max_us=41 beat_service_samples=4
BPMDIAG raw_bpm=222.1 raw_valid=1 source_bpm=220.9 source_valid=1 est_window=24 history_confidence=S est_valid=1 publication_ready=1 sync_state=L live_lock=L display_bpm=220.7 display_external=1 sync_lost=0 display_age_ms=700 delta=0.2 hysteresis=0.4 hold=1 slew_pending=0
CLKDIAG ext_active=1 transport_run=1 rearm_pending=0 sync_lost=0 barbeat_valid=1 interval_samples=88 interval_avg_us=11338 interval_min_us=8030 interval_max_us=15516 interval_pkpk_us=7486 raw_bpm=219.5 est_window=24 est_observed=96 history_confidence=S est_valid=1 publication_ready=1 sync_state=LOCKED sync_state_age_ms=1498 holdover_ms=0 last_lock_age_ms=1498 last_transition=TRACKING->LOCKED transition_reason=LOCK_CONFIRMED transition_age_ms=1498 transition_phase_err_us=-734 transition_window=24 transition_observed=65 acq_ms_last=725 acq_ms_avg=1079 acq_ms_max=1757 relock_ms_last=0 relock_ms_avg=0 relock_ms_max=0 lock_acquired=4 acquire_success=4 relock_success=0 lock_lost=1 holdover_entries=2 adapt_action=NONE adapt_action_age_ms=0 adapt_last_rollback=0 adapt_prob_active=0 adapt_prob_action=NONE adapt_prob_windows=0 adapt_win_age_ms=2223 adapt_win_relock_ms=0 adapt_win_jitter_us=1172 adapt_win_jitter_samples=150 adapt_win_lock_lost=0 adapt_win_holdover=0 adapt_cd_windows=0 adapt_stable_windows=0 adapt_levels=0/0/0 adapt_gains=2/16/8/64 adapt_lock_div=5/3 adapt_lock_stable=12 phase_tick=198.883 phase_src=e live_lock=L pll_err_us=-332 pll_phase_corr_us=-41 pll_freq_corr_us=-5 rx_q_now=0 rx_q_peak=0 rx_q_lifetime_peak=0 rx_drop_interval=0 rx_drop_total=0 rx_latency_avg_us=0 rx_latency_max_us=0 rx_latency_samples=0 beat_service_avg_us=41 beat_service_max_us=41 beat_service_samples=4
BPMDIAG raw_bpm=217.0 raw_valid=1 source_bpm=219.3 source_valid=1 est_window=24 history_confidence=S est_valid=1 publication_ready=1 sync_state=L live_lock=L display_bpm=220.7 display_external=1 sync_lost=0 display_age_ms=120 delta=1.4 hysteresis=0.4 hold=0 slew_pending=0
CLKDIAG ext_active=1 transport_run=1 rearm_pending=0 sync_lost=0 barbeat_valid=1 interval_samples=88 interval_avg_us=11375 interval_min_us=7276 interval_max_us=15816 interval_pkpk_us=8540 raw_bpm=220.0 est_window=24 est_observed=96 history_confidence=S est_valid=1 publication_ready=1 sync_state=LOCKED sync_state_age_ms=2498 holdover_ms=0 last_lock_age_ms=2498 last_transition=TRACKING->LOCKED transition_reason=LOCK_CONFIRMED transition_age_ms=2498 transition_phase_err_us=-734 transition_window=24 transition_observed=65 acq_ms_last=725 acq_ms_avg=1079 acq_ms_max=1757 relock_ms_last=0 relock_ms_avg=0 relock_ms_max=0 lock_acquired=4 acquire_success=4 relock_success=0 lock_lost=1 holdover_entries=2 adapt_action=NONE adapt_action_age_ms=0 adapt_last_rollback=0 adapt_prob_active=0 adapt_prob_action=NONE adapt_prob_windows=0 adapt_win_age_ms=3223 adapt_win_relock_ms=0 adapt_win_jitter_us=1199 adapt_win_jitter_samples=225 adapt_win_lock_lost=0 adapt_win_holdover=0 adapt_cd_windows=0 adapt_stable_windows=0 adapt_levels=0/0/0 adapt_gains=2/16/8/64 adapt_lock_div=5/3 adapt_lock_stable=12 phase_tick=286.855 phase_src=e live_lock=L pll_err_us=551 pll_phase_corr_us=68 pll_freq_corr_us=8 rx_q_now=0 rx_q_peak=0 rx_q_lifetime_peak=0 rx_drop_interval=0 rx_drop_total=0 rx_latency_avg_us=0 rx_latency_max_us=0 rx_latency_samples=0 beat_service_avg_us=42 beat_service_max_us=44 beat_service_samples=3
BPMDIAG raw_bpm=218.1 raw_valid=1 source_bpm=219.3 source_valid=1 est_window=24 history_confidence=S est_valid=1 publication_ready=1 sync_state=L live_lock=L display_bpm=218.6 display_external=1 sync_lost=0 display_age_ms=370 delta=0.7 hysteresis=0.4 hold=0 slew_pending=0
SYNCEVT event=SYNC_EVENT_TRANSPORT_REARM from=LOCKED to=REARM reason=ENTER_REARM age_ms=12 phase_err_us=2011 window=24 observed=96 overflow_total=0
CLKDIAG ext_active=0 transport_run=0 rearm_pending=1 sync_lost=0 barbeat_valid=1 interval_samples=72 interval_avg_us=11393 interval_min_us=7232 interval_max_us=14652 interval_pkpk_us=7420 raw_bpm=0.0 est_window=24 est_observed=96 history_confidence=S est_valid=1 publication_ready=0 sync_state=REARM sync_state_age_ms=179 holdover_ms=0 last_lock_age_ms=0 last_transition=LOCKED->REARM transition_reason=ENTER_REARM transition_age_ms=179 transition_phase_err_us=2011 transition_window=24 transition_observed=96 acq_ms_last=725 acq_ms_avg=1079 acq_ms_max=1757 relock_ms_last=0 relock_ms_avg=0 relock_ms_max=0 lock_acquired=4 acquire_success=4 relock_success=0 lock_lost=1 holdover_entries=2 adapt_action=NONE adapt_action_age_ms=0 adapt_last_rollback=0 adapt_prob_active=0 adapt_prob_action=NONE adapt_prob_windows=0 adapt_win_age_ms=4223 adapt_win_relock_ms=0 adapt_win_jitter_us=1209 adapt_win_jitter_samples=285 adapt_win_lock_lost=0 adapt_win_holdover=0 adapt_cd_windows=0 adapt_stable_windows=0 adapt_levels=0/0/0 adapt_gains=2/16/8/64 adapt_lock_div=5/3 adapt_lock_stable=12 phase_tick=374.688 phase_src=i live_lock=L pll_err_us=2011 pll_phase_corr_us=251 pll_freq_corr_us=31 rx_q_now=0 rx_q_peak=0 rx_q_lifetime_peak=0 rx_drop_interval=0 rx_drop_total=0 rx_latency_avg_us=0 rx_latency_max_us=0 rx_latency_samples=0 beat_service_avg_us=41 beat_service_max_us=41 beat_service_samples=3
SYNCEVT event=SYNC_EVENT_STATE_TRANSITION from=REARM to=ACQUIRE reason=TRANSPORT_ARMED age_ms=76 phase_err_us=0 window=0 observed=0 overflow_total=0
SYNCEVT event=SYNC_EVENT_STATE_TRANSITION from=ACQUIRE to=TRACKING reason=TRACKING_READY age_ms=0 phase_err_us=-294 window=24 observed=35 overflow_total=0
CLKDIAG ext_active=1 transport_run=1 rearm_pending=0 sync_lost=0 barbeat_valid=1 interval_samples=48 interval_avg_us=11291 interval_min_us=7182 interval_max_us=15958 interval_pkpk_us=8776 raw_bpm=223.4 est_window=24 est_observed=48 history_confidence=S est_valid=1 publication_ready=0 sync_state=TRACKING sync_state_age_ms=192 holdover_ms=0 last_lock_age_ms=0 last_transition=ACQUIRE->TRACKING transition_reason=TRACKING_READY transition_age_ms=192 transition_phase_err_us=-294 transition_window=24 transition_observed=35 acq_ms_last=725 acq_ms_avg=1079 acq_ms_max=1757 relock_ms_last=0 relock_ms_avg=0 relock_ms_max=0 lock_acquired=4 acquire_success=4 relock_success=0 lock_lost=1 holdover_entries=2 adapt_action=NONE adapt_action_age_ms=0 adapt_last_rollback=0 adapt_prob_active=0 adapt_prob_action=NONE adapt_prob_windows=0 adapt_win_age_ms=597 adapt_win_relock_ms=0 adapt_win_jitter_us=2101 adapt_win_jitter_samples=24 adapt_win_lock_lost=0 adapt_win_holdover=0 adapt_cd_windows=0 adapt_stable_windows=0 adapt_levels=0/0/0 adapt_gains=2/16/8/64 adapt_lock_div=5/3 adapt_lock_stable=12 phase_tick=53.659 phase_src=e live_lock=A pll_err_us=-1430 pll_phase_corr_us=-715 pll_freq_corr_us=-89 rx_q_now=0 rx_q_peak=0 rx_q_lifetime_peak=0 rx_drop_interval=0 rx_drop_total=0 rx_latency_avg_us=0 rx_latency_max_us=0 rx_latency_samples=0 beat_service_avg_us=31 beat_service_max_us=41 beat_service_samples=2
SYNCEVT event=SYNC_EVENT_STATE_TRANSITION from=TRACKING to=REARM reason=ENTER_REARM age_ms=23 phase_err_us=-1430 window=24 observed=48 overflow_total=0
Encoder 2 CCW
Encoder 2 CCW
Encoder 2 CCW
Encoder 2 CCW
Encoder 2 CCW
Encoder 2 CCW
Encoder 2 CCW
Encoder 2 CCW
Encoder 2 CCW
Encoder 2 CCW
Encoder 2 CCW
Encoder 2 CCW
Encoder 2 CCW
Encoder 2 CCW
Encoder 2 CW
Encoder 2 CW
Encoder 1 CW
Encoder 1 CW
Encoder 1 CCW
Encoder 1 CCW
Encoder 1 CW
Encoder 1 CW
Encoder 1 CCW
Encoder 1 CCW
Encoder 1 CCW
Encoder 1 CCW
Encoder 1 CW
Encoder 1 CW
Encoder 1 CW
Encoder 1 CW
Encoder 1 CW
Encoder 1 CW
Encoder 1 CCW
Encoder 1 CCW
Encoder 1 CCW
Encoder 1 CCW
Encoder 1 CCW
Encoder 1 CCW
Encoder 2 CW
Encoder 2 CCW
Encoder 2 CCW
Encoder 2 CW
Encoder 1 CW
Encoder 1 CW
Encoder 1 CCW
Encoder 1 CW
Encoder 1 CW
Encoder 1 CW
Encoder 1 CW
Encoder 1 CW
Encoder 1 CW
Encoder 1 CW
Encoder 1 CW
Encoder 1 CW
Encoder 1 CW
Encoder 1 CW
Encoder 1 CCW
Encoder 3 CW
Encoder 3 CCW
Encoder 3 CW
Encoder 3 CW
Encoder 3 CCW
Encoder 3 CCW
Encoder 2 CW
Encoder 2 CW
Encoder 3 CW
Encoder 3 CW
Encoder 3 CW
Encoder 3 CCW
Encoder 3 CCW
Encoder 3 CW
Encoder 3 CW
Encoder 3 CW
Encoder 3 CW
Encoder 3 CW
Encoder 3 CCW
Encoder 3 CCW
Encoder 3 CCW
Encoder 3 CCW
Encoder 3 CCW
Encoder 3 CCW
Encoder 3 CW
Encoder 3 CW
Encoder 1 CW
Encoder 1 CW
Encoder 1 CCW
Encoder 1 CW
Encoder 1 CW
Encoder 1 CW
Encoder 1 CW
Encoder 1 CCW
Encoder 1 CW
Encoder 1 CW
Encoder 1 CCW
Encoder 3 CW
Encoder 3 CW
Encoder 3 CW
Encoder 3 CW
Encoder 3 CW
Encoder 3 CW
Encoder 3 CW
Encoder 3 CCW
Encoder 3 CCW
Encoder 3 CCW
Encoder 3 CCW
Encoder 3 CCW
Encoder 3 CCW
Encoder 3 CCW
Encoder 3 CCW
Encoder 3 CCW
Encoder 3 CCW
Encoder 3 CCW
Encoder 3 CCW
Encoder 3 CCW
Encoder 3 CCW
Encoder 3 CCW
Encoder 3 CCW
Encoder 3 CCW
Encoder 3 CCW
Encoder 3 CCW
Encoder 1 CW
Encoder 1 CW
Encoder 3 CW
Encoder 3 CW
Encoder 3 CW
Encoder 3 CW
Encoder 3 CCW
Encoder 3 CCW
Encoder 3 CCW
Encoder 3 CCW
Encoder 3 CCW
Encoder 3 CCW
Encoder 3 CCW
Encoder 3 CCW
Encoder 3 CCW
Encoder 3 CCW
Encoder 3 CCW
Encoder 3 CCW
Encoder 3 CCW
Encoder 3 CCW
Encoder 3 CCW
Encoder 3 CCW
Encoder 1 CW
Encoder 3 CCW
Encoder 1 CW
Encoder 3 CCW
Encoder 3 CCW
Encoder 3 CCW
Encoder 3 CCW
Encoder 3 CCW
Encoder 3 CCW
Encoder 3 CCW
Encoder 3 CCW
Encoder 3 CCW
Encoder 3 CCW
Encoder 3 CCW
Encoder 3 CCW
Encoder 3 CCW
Encoder 3 CCW
Encoder 3 CCW
Encoder 3 CCW
Encoder 3 CCW
Encoder 3 CCW
Encoder 3 CCW
Encoder 1 CW
Encoder 1 CW
Encoder 1 CW
Encoder 1 CW
Encoder 1 CCW
Encoder 1 CCW
Encoder 1 CW
Encoder 1 CW
Encoder 3 CCW
Encoder 3 CCW
Encoder 3 CCW
Encoder 3 CCW
Encoder 3 CCW
Encoder 3 CCW
Encoder 3 CCW
Encoder 3 CCW
Encoder 3 CCW
Encoder 3 CCW
Encoder 3 CCW
Encoder 3 CCW
Encoder 3 CCW
Encoder 3 CCW
Encoder 3 CCW
Encoder 3 CCW
Encoder 1 CW
Encoder 1 CW
Encoder 1 CCW
Encoder 1 CCW
Encoder 1 CCW
Encoder 1 CCW
Encoder 1 CCW
Encoder 1 CCW
Encoder 1 CCW
Encoder 1 CCW
Encoder 1 CCW
Encoder 1 CCW
Encoder 2 CW
Encoder 2 CCW
Encoder 2 CW
Encoder 2 CCW
Encoder 1 CW
Encoder 1 CW
Encoder 1 CW
Encoder 1 CW
Encoder 1 CW
Encoder 1 CW
Encoder 1 CW
Encoder 1 CCW
Encoder 2 CW
Encoder 2 CCW
Encoder 3 CW
Encoder 3 CW
Encoder 3 CW
Encoder 3 CW
Encoder 3 CW
Encoder 3 CW
Encoder 3 CW
Encoder 3 CW
Encoder 3 CW
Encoder 3 CCW
Encoder 3 CCW
Encoder 3 CCW
Encoder 3 CCW
Encoder 3 CCW
Encoder 3 CCW
Encoder 3 CCW
Encoder 3 CCW
Encoder 3 CCW
Encoder 3 CCW
Encoder 3 CCW
Encoder 3 CCW
Encoder 3 CCW
Encoder 3 CW
Encoder 3 CCW
Encoder 3 CW
Encoder 3 CW
Encoder 3 CCW
Encoder 3 CCW
SYNCEVT event=SYNC_EVENT_STATE_TRANSITION from=REARM to=IDLE reason=TRANSPORT_IDLE age_ms=97 phase_err_us=0 window=0 observed=0 overflow_total=0
Encoder 3 CCW
Encoder 3 CCW
Encoder 3 CCW
Encoder 3 CCW
Encoder 3 CCW
Encoder 3 CCW
Encoder 3 CCW
Encoder 3 CCW
Encoder 3 CCW
Encoder 3 CCW
Encoder 3 CCW
Encoder 3 CCW
Encoder 3 CCW
Encoder 3 CCW
Encoder 3 CCW
Encoder 3 CCW
Encoder 3 CCW
Encoder 3 CCW
Encoder 3 CCW
Encoder 3 CCW
Encoder 3 CCW
Encoder 3 CCW
Encoder 3 CCW
Encoder 3 CCW
Encoder 3 CCW
Encoder 2 CW
Encoder 2 CW
Encoder 2 CW
Encoder 2 CW
Encoder 2 CW
Encoder 2 CCW
Encoder 2 CCW
Encoder 3 CW
Encoder 3 CW
Encoder 1 CW
Encoder 1 CW
Encoder 1 CW
Encoder 1 CW
Encoder 3 CW
Encoder 3 CW
Encoder 3 CW
Encoder 3 CW
Encoder 3 CW
Encoder 3 CW
Encoder 3 CW
Encoder 3 CW
Encoder 3 CW
Encoder 3 CW
Encoder 3 CW
Encoder 3 CW
Encoder 3 CW
Encoder 3 CW
Encoder 3 CW
Encoder 3 CW
Encoder 3 CW
Encoder 3 CW
Encoder 3 CW
Encoder 3 CW
Encoder 3 CW
Encoder 3 CW
Encoder 3 CW
Encoder 3 CW
Encoder 3 CW
Encoder 3 CW
Encoder 3 CW
Encoder 3 CW
Encoder 3 CCW
Encoder 3 CCW
Encoder 3 CCW
Encoder 3 CCW
Encoder 3 CCW
Encoder 3 CCW
Encoder 3 CCW
Encoder 3 CCW
Encoder 3 CCW
Encoder 3 CCW
Encoder 3 CCW
Encoder 3 CCW
Encoder 3 CCW
Encoder 3 CCW
Encoder 3 CCW
Encoder 3 CCW
Encoder 3 CCW
Encoder 3 CCW
Encoder 3 CCW
Encoder 3 CCW
Encoder 3 CCW
Encoder 3 CCW
Encoder 3 CCW
Encoder 3 CCW
Encoder 3 CCW
Encoder 3 CCW
Encoder 3 CW
Encoder 3 CW
Encoder 3 CW
Encoder 3 CW
Encoder 3 CW
Encoder 3 CW
Encoder 3 CW
Encoder 3 CW
Encoder 3 CW
Encoder 3 CW
Encoder 3 CW
Encoder 3 CW
Encoder 3 CW
Encoder 3 CW
Encoder 3 CW
Encoder 3 CW
Encoder 3 CW
Encoder 3 CW
Encoder 3 CW
Encoder 3 CW
Encoder 3 CW
Encoder 3 CW
Encoder 3 CW
Encoder 3 CW
Encoder 3 CW
Encoder 3 CW
Encoder 3 CW
Encoder 3 CW
Encoder 3 CW
Encoder 3 CW
Encoder 3 CW
Encoder 3 CW
Encoder 3 CW
Encoder 3 CW
Encoder 3 CW
Encoder 3 CW
Encoder 3 CW
Encoder 3 CW
Encoder 3 CW
Encoder 3 CW
Encoder 3 CW
Encoder 3 CW
Encoder 3 CW
Encoder 3 CW
Encoder 3 CW
Encoder 3 CW
Encoder 3 CW
Encoder 3 CW
Encoder 3 CW
Encoder 3 CW
Encoder 3 CW
Encoder 3 CW
Encoder 3 CW
Encoder 3 CW
Encoder 3 CW
Encoder 3 CW
Encoder 3 CW
Encoder 3 CW
Encoder 3 CW
Encoder 3 CW
Encoder 3 CW
Encoder 3 CW
Encoder 3 CW
Encoder 3 CW
Encoder 3 CW
Encoder 3 CW
Encoder 3 CW
Encoder 3 CW
Encoder 3 CW
Encoder 3 CCW
Encoder 3 CCW
Encoder 3 CCW
Encoder 3 CCW
Encoder 3 CCW
Encoder 3 CCW
Encoder 3 CCW
Encoder 3 CCW
Encoder 3 CCW
Encoder 3 CCW
Encoder 3 CCW
Encoder 3 CCW
Encoder 3 CCW
Encoder 3 CCW
Encoder 3 CCW
Encoder 3 CCW
Encoder 3 CCW
Encoder 3 CCW
Encoder 3 CCW
Encoder 3 CCW
Encoder 3 CCW
Encoder 3 CCW
Encoder 3 CCW
Encoder 3 CCW
Encoder 3 CCW
Encoder 3 CCW
Encoder 3 CCW
Encoder 3 CCW
Encoder 3 CCW
Encoder 3 CCW
Encoder 3 CCW
Encoder 3 CCW
Encoder 3 CCW
Encoder 3 CCW
Encoder 3 CCW
Encoder 3 CCW
Encoder 3 CCW
Encoder 3 CCW
Encoder 3 CCW
Encoder 3 CCW
Encoder 3 CCW
Encoder 3 CCW
Encoder 3 CCW
Encoder 3 CCW
Encoder 3 CCW
Encoder 3 CCW
Encoder 3 CCW
Encoder 3 CW
Encoder 3 CW
Encoder 3 CW
Encoder 3 CW
Encoder 3 CW
Encoder 3 CW
Encoder 3 CW
Encoder 3 CW
Encoder 3 CW
Encoder 3 CW
Encoder 3 CW
Encoder 3 CW
Encoder 3 CW
Encoder 3 CW
Encoder 3 CW
Encoder 3 CW
Encoder 3 CW
Encoder 3 CW
Encoder 3 CW
Encoder 3 CW
Encoder 3 CW
Encoder 3 CW
Encoder 3 CW
Encoder 3 CW
Encoder 3 CW
Encoder 3 CW
Encoder 3 CW
Encoder 3 CW
Encoder 3 CW
Encoder 3 CW
Encoder 3 CW
Encoder 3 CW
Encoder 3 CW
Encoder 3 CW
Encoder 3 CW
Encoder 3 CW
Encoder 3 CW
Encoder 3 CW
Encoder 3 CW
Encoder 1 CW
Encoder 1 CW
Encoder 1 CW
Encoder 1 CW
Encoder 2 CCW
Encoder 2 CW
Encoder 2 CCW
Encoder 3 CCW
Encoder 3 CCW
Encoder 2 CCW
Encoder 2 CCW
Encoder 2 CW
Encoder 3 CW
Encoder 1 CW
Encoder 1 CW
Encoder 1 CCW
Encoder 1 CCW
Encoder 1 CCW
