---- Opened serial port COM4 at 115200 baud ----
---- Session log: C:\Users\Pete\Documents\Chattest\ChatTest\.\logs\serial_COM4_20260526_212046.log ----
---- Press Ctrl+C to stop capture ----
METD2METDIAG en=1 src=0 beat=1 qint=499920us click=30/30us cs=2
METDIAG en=1 src=0 beat=3 qint=499920us click=30/30us cs=2
METDIAG en=1 src=0 beat=1 qint=499920us click=30/31us cs=2
METDIAG en=1 src=0 beat=3 qint=499920us click=30/31us cs=2
METDIAG en=1 src=0 beat=1 qint=499920us click=30/31us cs=2
SYNCEVT event=SYNC_EVENT_STATE_TRANSITION from=REARM to=ACQUIRE reason=TRANSPORT_ARMED age_ms=172 phase_err_us=3258 window=1 observed=6 overflow_total=0
METDIAG en=1 src=1 beat=2 qint=521514us click=46/57us cs=3
CLKDIAG ext_active=1 transport_run=1 rearm_pending=0 sync_lost=0 barbeat_valid=1 interval_samples=31 interval_avg_us=22731 interval_min_us=18882 interval_max_us=26454 interval_pkpk_us=7572 raw_bpm=109.8 est_window=6 est_observed=31 history_confidence=T est_valid=1 publication_ready=0 sync_state=ACQUIRE sync_state_age_ms=570 holdover_ms=0 last_lock_age_ms=0 last_transition=REARM->ACQUIRE transition_reason=TRANSPORT_ARMED transition_age_ms=570 transition_phase_err_us=3258 transition_window=1 transition_observed=6 acq_ms_last=0 acq_ms_avg=0 acq_ms_max=0 relock_ms_last=0 relock_ms_avg=0 relock_ms_max=0 lock_acquired=0 acquire_success=0 relock_success=0 lock_lost=0 holdover_entries=0 adapt_action=NONE adapt_action_age_ms=0 adapt_last_rollback=0 adapt_prob_active=0 adapt_prob_action=NONE adapt_prob_windows=0 adapt_win_age_ms=570 adapt_win_relock_ms=0 adapt_win_jitter_us=2029 adapt_win_jitter_samples=5 adapt_win_lock_lost=0 adapt_win_holdover=0 adapt_cd_windows=0 adapt_stable_windows=0 adapt_levels=0/0/0 adapt_gains=2/16/8/64 adapt_lock_div=5/3 adapt_lock_stable=12 phase_tick=32.486 phase_src=e live_lock=L pll_err_us=1840 pll_phase_corr_us=230 pll_freq_corr_us=28 rx_q_now=0 rx_q_peak=0 rx_q_lifetime_peak=1 rx_drop_interval=0 rx_drop_total=0 rx_latency_avg_us=0 rx_latency_max_us=0 rx_latency_samples=0 beat_service_avg_us=22 beat_service_max_us=22 beat_service_samples=1 tb_active=1 tb_phase_us=0 tb_vel_usps=0 tb_q_depth=0 tb_q_peak=1 tb_enq=48 tb_emit=48 tb_drop=0 tb_clamp_min=0 tb_clamp_max=0 tb_late_avg_us=1 tb_late_max_us=1 tb_late_samples=48
BPMDIAG raw_bpm=110.0 raw_valid=1 source_bpm=110.1 source_valid=1 est_window=11 history_confidence=S est_valid=1 publication_ready=1 sync_state=L live_lock=L display_bpm=120.0 display_external=0 sync_lost=0 display_age_ms=0 delta=0.0 hysteresis=0.0 hold=0 slew_pending=0
SYNCEVT event=SYNC_EVENT_LOCK_ACQUIRED from=ACQUIRE to=LOCKED reason=LOCK_CONFIRMED age_ms=39 phase_err_us=-1176 window=11 observed=38 overflow_total=0
METDIAG en=1 src=1 beat=4 qint=544253us click=669/1264us cs=2
CLKDIAG ext_active=1 transport_run=1 rearm_pending=0 sync_lost=0 barbeat_valid=1 interval_samples=44 interval_avg_us=22729 interval_min_us=18882 interval_max_us=25496 interval_pkpk_us=6614 raw_bpm=109.9 est_window=32 est_observed=75 history_confidence=S est_valid=1 publication_ready=1 sync_state=LOCKED sync_state_age_ms=849 holdover_ms=0 last_lock_age_ms=849 last_transition=ACQUIRE->LOCKED transition_reason=LOCK_CONFIRMED transition_age_ms=849 transition_phase_err_us=-1176 transition_window=11 transition_observed=38 acq_ms_last=721 acq_ms_avg=721 acq_ms_max=721 relock_ms_last=0 relock_ms_avg=0 relock_ms_max=0 lock_acquired=1 acquire_success=1 relock_success=0 lock_lost=0 holdover_entries=0 adapt_action=NONE adapt_action_age_ms=0 adapt_last_rollback=0 adapt_prob_active=0 adapt_prob_action=NONE adapt_prob_windows=0 adapt_win_age_ms=1570 adapt_win_relock_ms=0 adapt_win_jitter_us=1442 adapt_win_jitter_samples=43 adapt_win_lock_lost=0 adapt_win_holdover=0 adapt_cd_windows=0 adapt_stable_windows=0 adapt_levels=0/0/0 adapt_gains=2/16/8/64 adapt_lock_div=5/3 adapt_lock_stable=12 phase_tick=76.478 phase_src=e live_lock=L pll_err_us=1825 pll_phase_corr_us=228 pll_freq_corr_us=28 rx_q_now=0 rx_q_peak=0 rx_q_lifetime_peak=1 rx_drop_interval=0 rx_drop_total=0 rx_latency_avg_us=0 rx_latency_max_us=0 rx_latency_samples=0 beat_service_avg_us=40 beat_service_max_us=43 beat_service_samples=2 tb_active=1 tb_phase_us=0 tb_vel_usps=0 tb_q_depth=0 tb_q_peak=1 tb_enq=44 tb_emit=44 tb_drop=0 tb_clamp_min=0 tb_clamp_max=0 tb_late_avg_us=1 tb_late_max_us=1 tb_late_samples=44
BPMDIAG raw_bpm=110.0 raw_valid=1 source_bpm=110.1 source_valid=1 est_window=34 history_confidence=S est_valid=1 publication_ready=1 sync_state=L live_lock=L display_bpm=110.2 display_external=1 sync_lost=0 display_age_ms=975 delta=0.1 hysteresis=0.2 hold=1 slew_pending=0
SYNCADAPT action=TRACK_NARROW rollback=0 probation_action=TRACK_NARROW probation_windows=2 relock_avg_ms=0 jitter_avg_us=1402 lock_lost=0 holdover_entries=0 levels=acq0,track1,hyst0 gains=ap2,af16,tp10,tf80 lock_div=enter5,exit3 lock_stable=12\r\nCLKDIAG ext_active=1 transport_run=1 rearm_pending=0 sync_lost=0 barbeat_valid=1 interval_samples=44 interval_avg_us=22718 interval_min_us=18226 interval_max_us=26024 interval_pkpk_us=7798 raw_bpm=110.0 est_window=53 est_observed=96 history_confidence=S est_valid=1 publication_ready=1 sync_state=LOCKED sync_state_age_ms=1851 holdover_ms=0 last_lock_age_ms=1851 last_transition=ACQUIRE->LOCKED transition_reason=LOCK_CONFIRMED transition_age_ms=1851 transition_phase_err_us=-1176 transition_window=11 transition_observed=38 acq_ms_last=721 acq_ms_avg=721 acq_ms_max=721 relock_ms_last=0 relock_ms_avg=0 relock_ms_max=0 lock_acquired=1 acquire_success=1 relock_success=0 lock_lost=0 holdover_entries=0 adapt_action=TRACK_NARROW adapt_action_age_ms=572 adapt_last_rollback=0 adapt_prob_active=1 adapt_prob_action=TRACK_NARROW adapt_prob_windows=2 adapt_win_age_ms=572 adapt_win_relock_ms=0 adapt_win_jitter_us=1242 adapt_win_jitter_samples=25 adapt_win_lock_lost=0 adapt_win_holdover=0 adapt_cd_windows=1 adapt_stable_windows=0 adapt_levels=0/1/0 adapt_gains=2/16/10/80 adapt_lock_div=5/3 adapt_lock_stable=12 phase_tick=120.602 phase_src=e live_lock=L pll_err_us=1420 pll_phase_corr_us=142 pll_freq_corr_us=17 rx_q_now=0 rx_q_peak=0 rx_q_lifetime_peak=1 rx_drop_interval=0 rx_drop_total=0 rx_latency_avg_us=0 rx_latency_max_us=0 rx_latency_samples=0 beat_service_avg_us=50 beat_service_max_us=52 beat_service_samples=2 tb_active=1 tb_phase_us=0 tb_vel_usps=0 tb_q_depth=0 tb_q_peak=1 tb_enq=45 tb_emit=45 tb_drop=0 tb_clamp_min=0 tb_clamp_max=0 tb_late_avg_us=1 tb_late_max_us=1 tb_late_samples=45
BPMDIAG raw_bpm=110.0 raw_valid=1 source_bpm=110.2 source_valid=1 est_window=54 history_confidence=S est_valid=1 publication_ready=1 sync_state=L live_lock=L display_bpm=110.2 display_external=1 sync_lost=0 display_age_ms=191 delta=0.0 hysteresis=0.2 hold=1 slew_pending=0
METDIAG en=1 src=1 beat=2 qint=546568us click=720/1361us cs=2
Encoder 2 CW
Encoder 2 CW
CLKDIAG ext_active=1 transport_run=1 rearm_pending=0 sync_lost=0 barbeat_valid=1 interval_samples=44 interval_avg_us=22732 interval_min_us=18270 interval_max_us=25916 interval_pkpk_us=7646 raw_bpm=109.9 est_window=74 est_observed=96 history_confidence=S est_valid=1 publication_ready=1 sync_state=LOCKED sync_state_age_ms=2851 holdover_ms=0 last_lock_age_ms=2851 last_transition=ACQUIRE->LOCKED transition_reason=LOCK_CONFIRMED transition_age_ms=2851 transition_phase_err_us=-1176 transition_window=11 transition_observed=38 acq_ms_last=721 acq_ms_avg=721 acq_ms_max=721 relock_ms_last=0 relock_ms_avg=0 relock_ms_max=0 lock_acquired=1 acquire_success=1 relock_success=0 lock_lost=0 holdover_entries=0 adapt_action=TRACK_NARROW adapt_action_age_ms=1572 adapt_last_rollback=0 adapt_prob_active=1 adapt_prob_action=TRACK_NARROW adapt_prob_windows=2 adapt_win_age_ms=1572 adapt_win_relock_ms=0 adapt_win_jitter_us=1230 adapt_win_jitter_samples=62 adapt_win_lock_lost=0 adapt_win_holdover=0 adapt_cd_windows=1 adapt_stable_windows=0 adapt_levels=0/1/0 adapt_gains=2/16/10/80 adapt_lock_div=5/3 adapt_lock_stable=12 phase_tick=164.558 phase_src=e live_lock=L pll_err_us=1344 pll_phase_corr_us=134 pll_freq_corr_us=16 rx_q_now=0 rx_q_peak=0 rx_q_lifetime_peak=1 rx_drop_interval=0 rx_drop_total=0 rx_latency_avg_us=0 rx_latency_max_us=0 rx_latency_samples=0 beat_service_avg_us=59 beat_service_max_us=59 beat_service_samples=1 tb_active=1 tb_phase_us=29 tb_vel_usps=1040 tb_q_depth=0 tb_q_peak=1 tb_enq=44 tb_emit=44 tb_drop=0 tb_clamp_min=0 tb_clamp_max=0 tb_late_avg_us=1 tb_late_max_us=1 tb_late_samples=44
Encoder 2 CW
Encoder 2 CW
BPMDIAG raw_bpm=110.0 raw_valid=1 source_bpm=109.9 source_valid=1 est_window=81 history_confidence=S est_valid=1 publication_ready=1 sync_state=L live_lock=L display_bpm=110.1 display_external=1 sync_lost=0 display_age_ms=394 delta=0.2 hysteresis=0.2 hold=1 slew_pending=0
METDIAG en=1 src=1 beat=4 qint=545072us click=816/1540us cs=2
Encoder 2 CW
Encoder 2 CW
Encoder 2 CW
Encoder 2 CW
Encoder 2 CW
Encoder 2 CW
Encoder 2 CW
Encoder 2 CW
Encoder 2 CW
Encoder 2 CW
Encoder 2 CW
Encoder 2 CW
Encoder 2 CW
Encoder 2 CW
Encoder 2 CW
Encoder 2 CW
Encoder 2 CW
Encoder 2 CW
Encoder 2 CW
Encoder 2 CW
CLKDIAG ext_active=1 transport_run=1 rearm_pending=0 sync_lost=0 barbeat_valid=1 interval_samples=44 interval_avg_us=22728 interval_min_us=17828 interval_max_us=26712 interval_pkpk_us=8884 raw_bpm=109.9 est_window=96 est_observed=96 history_confidence=S est_valid=1 publication_ready=1 sync_state=LOCKED sync_state_age_ms=3851 holdover_ms=0 last_lock_age_ms=3851 last_transition=ACQUIRE->LOCKED transition_reason=LOCK_CONFIRMED transition_age_ms=3851 transition_phase_err_us=-1176 transition_window=11 transition_observed=38 acq_ms_last=721 acq_ms_avg=721 acq_ms_max=721 relock_ms_last=0 relock_ms_avg=0 relock_ms_max=0 lock_acquired=1 acquire_success=1 relock_success=0 lock_lost=0 holdover_entries=0 adapt_action=TRACK_NARROW adapt_action_age_ms=2572 adapt_last_rollback=0 adapt_prob_active=1 adapt_prob_action=TRACK_NARROW adapt_prob_windows=2 adapt_win_age_ms=2572 adapt_win_relock_ms=0 adapt_win_jitter_us=1249 adapt_win_jitter_samples=100 adapt_win_lock_lost=0 adapt_win_holdover=0 adapt_cd_windows=1 adapt_stable_windows=0 adapt_levels=0/1/0 adapt_gains=2/16/10/80 adapt_lock_div=5/3 adapt_lock_stable=12 phase_tick=208.585 phase_src=e live_lock=L pll_err_us=1969 pll_phase_corr_us=196 pll_freq_corr_us=24 rx_q_now=0 rx_q_peak=0 rx_q_lifetime_peak=1 rx_drop_interval=0 rx_drop_total=0 rx_latency_avg_us=0 rx_latency_max_us=0 rx_latency_samples=0 beat_service_avg_us=64 beat_service_max_us=67 beat_service_samples=2 tb_active=1 tb_phase_us=8782 tb_vel_usps=11856 tb_q_depth=1 tb_q_peak=1 tb_enq=44 tb_emit=43 tb_drop=0 tb_clamp_min=0 tb_clamp_max=0 tb_late_avg_us=1 tb_late_max_us=1 tb_late_samples=43
Encoder 2 CCW
Encoder 2 CCW
BPMDIAG raw_bpm=110.0 raw_valid=1 source_bpm=109.8 source_valid=1 est_window=96 history_confidence=S est_valid=1 publication_ready=1 sync_state=L live_lock=L display_bpm=110.1 display_external=1 sync_lost=0 display_age_ms=1398 delta=0.3 hysteresis=0.2 hold=0 slew_pending=1
METDIAG en=1 src=1 beat=2 qint=545232us click=1491/2068us cs=2
Encoder 2 CCW
Encoder 2 CCW
Encoder 2 CCW
Encoder 2 CCW
Encoder 2 CCW
Encoder 2 CCW
Encoder 2 CCW
Encoder 2 CCW
Encoder 2 CCW
Encoder 2 CCW
Encoder 2 CCW
Encoder 2 CCW
Encoder 2 CCW
Encoder 2 CCW
Encoder 2 CCW
CLKDIAG ext_active=1 transport_run=1 rearm_pending=0 sync_lost=0 barbeat_valid=1 interval_samples=44 interval_avg_us=22711 interval_min_us=18352 interval_max_us=26294 interval_pkpk_us=7942 raw_bpm=109.9 est_window=96 est_observed=96 history_confidence=S est_valid=1 publication_ready=1 sync_state=LOCKED sync_state_age_ms=4851 holdover_ms=0 last_lock_age_ms=4851 last_transition=ACQUIRE->LOCKED transition_reason=LOCK_CONFIRMED transition_age_ms=4851 transition_phase_err_us=-1176 transition_window=11 transition_observed=38 acq_ms_last=721 acq_ms_avg=721 acq_ms_max=721 relock_ms_last=0 relock_ms_avg=0 relock_ms_max=0 lock_acquired=1 acquire_success=1 relock_success=0 lock_lost=0 holdover_entries=0 adapt_action=TRACK_NARROW adapt_action_age_ms=3572 adapt_last_rollback=0 adapt_prob_active=1 adapt_prob_action=TRACK_NARROW adapt_prob_windows=2 adapt_win_age_ms=3572 adapt_win_relock_ms=0 adapt_win_jitter_us=1264 adapt_win_jitter_samples=137 adapt_win_lock_lost=0 adapt_win_holdover=0 adapt_cd_windows=1 adapt_stable_windows=0 adapt_levels=0/1/0 adapt_gains=2/16/10/80 adapt_lock_div=5/3 adapt_lock_stable=12 phase_tick=252.576 phase_src=e live_lock=L pll_err_us=982 pll_phase_corr_us=98 pll_freq_corr_us=12 rx_q_now=0 rx_q_peak=0 rx_q_lifetime_peak=1 rx_drop_interval=0 rx_drop_total=0 rx_latency_avg_us=0 rx_latency_max_us=0 rx_latency_samples=0 beat_service_avg_us=31 beat_service_max_us=32 beat_service_samples=2 tb_active=1 tb_phase_us=-4749 tb_vel_usps=-11419 tb_q_depth=0 tb_q_peak=1 tb_enq=44 tb_emit=45 tb_drop=0 tb_clamp_min=0 tb_clamp_max=0 tb_late_avg_us=1 tb_late_max_us=1 tb_late_samples=45
BPMDIAG raw_bpm=110.0 raw_valid=1 source_bpm=109.9 source_valid=1 est_window=96 history_confidence=S est_valid=1 publication_ready=1 sync_state=L live_lock=L display_bpm=110.0 display_external=1 sync_lost=0 display_age_ms=963 delta=0.1 hysteresis=0.2 hold=1 slew_pending=0
METDIAG en=1 src=1 beat=3 qint=544368us click=63/63us cs=1
CLKDIAG ext_active=1 transport_run=1 rearm_pending=0 sync_lost=0 barbeat_valid=1 interval_samples=44 interval_avg_us=22726 interval_min_us=18292 interval_max_us=26608 interval_pkpk_us=8316 raw_bpm=109.9 est_window=96 est_observed=96 history_confidence=S est_valid=1 publication_ready=1 sync_state=LOCKED sync_state_age_ms=5851 holdover_ms=0 last_lock_age_ms=5851 last_transition=ACQUIRE->LOCKED transition_reason=LOCK_CONFIRMED transition_age_ms=5851 transition_phase_err_us=-1176 transition_window=11 transition_observed=38 acq_ms_last=721 acq_ms_avg=721 acq_ms_max=721 relock_ms_last=0 relock_ms_avg=0 relock_ms_max=0 lock_acquired=1 acquire_success=1 relock_success=0 lock_lost=0 holdover_entries=0 adapt_action=TRACK_NARROW adapt_action_age_ms=4572 adapt_last_rollback=0 adapt_prob_active=1 adapt_prob_action=TRACK_NARROW adapt_prob_windows=2 adapt_win_age_ms=4572 adapt_win_relock_ms=0 adapt_win_jitter_us=1284 adapt_win_jitter_samples=175 adapt_win_lock_lost=0 adapt_win_holdover=0 adapt_cd_windows=1 adapt_stable_windows=0 adapt_levels=0/1/0 adapt_gains=2/16/10/80 adapt_lock_div=5/3 adapt_lock_stable=12 phase_tick=296.573 phase_src=e live_lock=L pll_err_us=859 pll_phase_corr_us=85 pll_freq_corr_us=10 rx_q_now=0 rx_q_peak=0 rx_q_lifetime_peak=1 rx_drop_interval=0 rx_drop_total=0 rx_latency_avg_us=0 rx_latency_max_us=0 rx_latency_samples=0 beat_service_avg_us=31 beat_service_max_us=32 beat_service_samples=2 tb_active=1 tb_phase_us=-1320 tb_vel_usps=-43 tb_q_depth=0 tb_q_peak=1 tb_enq=44 tb_emit=44 tb_drop=0 tb_clamp_min=0 tb_clamp_max=0 tb_late_avg_us=1 tb_late_max_us=1 tb_late_samples=44
BPMDIAG raw_bpm=110.1 raw_valid=1 source_bpm=110.3 source_valid=1 est_window=96 history_confidence=S est_valid=1 publication_ready=1 sync_state=L live_lock=L display_bpm=110.0 display_external=1 sync_lost=0 display_age_ms=28 delta=0.3 hysteresis=0.2 hold=1 slew_pending=1
METDIAG en=1 src=1 beat=1 qint=542954us click=756/1449us cs=2
Encoder 2 CCW
CLKDIAG ext_active=1 transport_run=1 rearm_pending=0 sync_lost=0 barbeat_valid=1 interval_samples=44 interval_avg_us=22734 interval_min_us=18712 interval_max_us=26048 interval_pkpk_us=7336 raw_bpm=109.9 est_window=96 est_observed=96 history_confidence=S est_valid=1 publication_ready=1 sync_state=LOCKED sync_state_age_ms=6851 holdover_ms=0 last_lock_age_ms=6851 last_transition=ACQUIRE->LOCKED transition_reason=LOCK_CONFIRMED transition_age_ms=6851 transition_phase_err_us=-1176 transition_window=11 transition_observed=38 acq_ms_last=721 acq_ms_avg=721 acq_ms_max=721 relock_ms_last=0 relock_ms_avg=0 relock_ms_max=0 lock_acquired=1 acquire_success=1 relock_success=0 lock_lost=0 holdover_entries=0 adapt_action=TRACK_NARROW adapt_action_age_ms=5572 adapt_last_rollback=0 adapt_prob_active=1 adapt_prob_action=TRACK_NARROW adapt_prob_windows=2 adapt_win_age_ms=5572 adapt_win_relock_ms=0 adapt_win_jitter_us=1260 adapt_win_jitter_samples=213 adapt_win_lock_lost=0 adapt_win_holdover=0 adapt_cd_windows=1 adapt_stable_windows=0 adapt_levels=0/1/0 adapt_gains=2/16/10/80 adapt_lock_div=5/3 adapt_lock_stable=12 phase_tick=340.585 phase_src=e live_lock=L pll_err_us=1482 pll_phase_corr_us=148 pll_freq_corr_us=18 rx_q_now=0 rx_q_peak=0 rx_q_lifetime_peak=1 rx_drop_interval=0 rx_drop_total=0 rx_latency_avg_us=0 rx_latency_max_us=0 rx_latency_samples=0 beat_service_avg_us=32 beat_service_max_us=34 beat_service_samples=2 tb_active=1 tb_phase_us=-152 tb_vel_usps=-375 tb_q_depth=0 tb_q_peak=1 tb_enq=44 tb_emit=44 tb_drop=0 tb_clamp_min=0 tb_clamp_max=0 tb_late_avg_us=1 tb_late_max_us=1 tb_late_samples=44
Encoder 2 CCW
Encoder 2 CCW
BPMDIAG raw_bpm=110.0 raw_valid=1 source_bpm=109.9 source_valid=1 est_window=96 history_confidence=S est_valid=1 publication_ready=1 sync_state=L live_lock=L display_bpm=110.1 display_external=1 sync_lost=0 display_age_ms=220 delta=0.2 hysteresis=0.2 hold=1 slew_pending=0
Encoder 2 CCW
METDIAG en=1 src=1 beat=3 qint=544254us click=334/603us cs=2
Encoder 2 CCW
Encoder 2 CCW
Encoder 2 CCW
Encoder 2 CCW
Encoder 2 CCW
Encoder 2 CCW
Encoder 2 CCW
Encoder 2 CCW
Encoder 2 CCW
Encoder 2 CCW
Encoder 2 CCW
Encoder 2 CCW
Encoder 2 CCW
Encoder 2 CCW
Encoder 2 CCW
Encoder 2 CCW
Encoder 2 CCW
Encoder 2 CCW
Encoder 2 CCW
Encoder 2 CCW
Encoder 2 CCW
CLKDIAG ext_active=1 transport_run=1 rearm_pending=0 sync_lost=0 barbeat_valid=1 interval_samples=44 interval_avg_us=22732 interval_min_us=17446 interval_max_us=26184 interval_pkpk_us=8738 raw_bpm=109.8 est_window=96 est_observed=96 history_confidence=S est_valid=1 publication_ready=1 sync_state=LOCKED sync_state_age_ms=7852 holdover_ms=0 last_lock_age_ms=7852 last_transition=ACQUIRE->LOCKED transition_reason=LOCK_CONFIRMED transition_age_ms=7852 transition_phase_err_us=-1176 transition_window=11 transition_observed=38 acq_ms_last=721 acq_ms_avg=721 acq_ms_max=721 relock_ms_last=0 relock_ms_avg=0 relock_ms_max=0 lock_acquired=1 acquire_success=1 relock_success=0 lock_lost=0 holdover_entries=0 adapt_action=TRACK_NARROW adapt_action_age_ms=6573 adapt_last_rollback=0 adapt_prob_active=1 adapt_prob_action=TRACK_NARROW adapt_prob_windows=2 adapt_win_age_ms=6573 adapt_win_relock_ms=0 adapt_win_jitter_us=1268 adapt_win_jitter_samples=251 adapt_win_lock_lost=0 adapt_win_holdover=0 adapt_cd_windows=1 adapt_stable_windows=0 adapt_levels=0/1/0 adapt_gains=2/16/10/80 adapt_lock_div=5/3 adapt_lock_stable=12 phase_tick=384.653 phase_src=e live_lock=L pll_err_us=1538 pll_phase_corr_us=153 pll_freq_corr_us=19 rx_q_now=0 rx_q_peak=0 rx_q_lifetime_peak=1 rx_drop_interval=0 rx_drop_total=0 rx_latency_avg_us=0 rx_latency_max_us=0 rx_latency_samples=0 beat_service_avg_us=31 beat_service_max_us=32 beat_service_samples=2 tb_active=1 tb_phase_us=-9252 tb_vel_usps=-12928 tb_q_depth=0 tb_q_peak=1 tb_enq=44 tb_emit=44 tb_drop=0 tb_clamp_min=0 tb_clamp_max=0 tb_late_avg_us=1 tb_late_max_us=1 tb_late_samples=44
BPMDIAG raw_bpm=110.0 raw_valid=1 source_bpm=110.0 source_valid=1 est_window=96 history_confidence=S est_valid=1 publication_ready=1 sync_state=L live_lock=L display_bpm=110.1 display_external=1 sync_lost=0 display_age_ms=1220 delta=0.1 hysteresis=0.2 hold=1 slew_pending=0
METDIAG en=1 src=1 beat=1 qint=547729us click=755/1448us cs=2
Encoder 2 CW
Encoder 2 CW
Encoder 2 CW
Encoder 2 CW
Encoder 2 CW
Encoder 2 CW
Encoder 2 CW
Encoder 2 CW
Encoder 2 CW
Encoder 2 CW
Encoder 2 CW
Encoder 2 CW
Encoder 2 CW
Encoder 2 CW
Encoder 2 CW
Encoder 2 CW
Encoder 2 CW
Encoder 2 CW
Encoder 2 CW
Encoder 2 CW
Encoder 2 CW
Encoder 2 CW
CLKDIAG ext_active=1 transport_run=1 rearm_pending=0 sync_lost=0 barbeat_valid=1 interval_samples=44 interval_avg_us=22727 interval_min_us=18176 interval_max_us=27158 interval_pkpk_us=8982 raw_bpm=109.9 est_window=96 est_observed=96 history_confidence=S est_valid=1 publication_ready=1 sync_state=LOCKED sync_state_age_ms=8852 holdover_ms=0 last_lock_age_ms=8852 last_transition=ACQUIRE->LOCKED transition_reason=LOCK_CONFIRMED transition_age_ms=8852 transition_phase_err_us=-1176 transition_window=11 transition_observed=38 acq_ms_last=721 acq_ms_avg=721 acq_ms_max=721 relock_ms_last=0 relock_ms_avg=0 relock_ms_max=0 lock_acquired=1 acquire_success=1 relock_success=0 lock_lost=0 holdover_entries=0 adapt_action=TRACK_NARROW adapt_action_age_ms=7573 adapt_last_rollback=0 adapt_prob_active=1 adapt_prob_action=TRACK_NARROW adapt_prob_windows=2 adapt_win_age_ms=7573 adapt_win_relock_ms=0 adapt_win_jitter_us=1263 adapt_win_jitter_samples=289 adapt_win_lock_lost=0 adapt_win_holdover=0 adapt_cd_windows=1 adapt_stable_windows=0 adapt_levels=0/1/0 adapt_gains=2/16/10/80 adapt_lock_div=5/3 adapt_lock_stable=12 phase_tick=428.608 phase_src=e live_lock=L pll_err_us=1309 pll_phase_corr_us=130 pll_freq_corr_us=16 rx_q_now=0 rx_q_peak=0 rx_q_lifetime_peak=1 rx_drop_interval=0 rx_drop_total=0 rx_latency_avg_us=0 rx_latency_max_us=0 rx_latency_samples=0 beat_service_avg_us=32 beat_service_max_us=32 beat_service_samples=1 tb_active=1 tb_phase_us=1059 tb_vel_usps=23974 tb_q_depth=0 tb_q_peak=1 tb_enq=44 tb_emit=44 tb_drop=0 tb_clamp_min=0 tb_clamp_max=0 tb_late_avg_us=1 tb_late_max_us=1 tb_late_samples=44
Encoder 2 CW
Encoder 2 CW
BPMDIAG raw_bpm=110.0 raw_valid=1 source_bpm=109.9 source_valid=1 est_window=96 history_confidence=S est_valid=1 publication_ready=1 sync_state=L live_lock=L display_bpm=110.0 display_external=1 sync_lost=0 display_age_ms=899 delta=0.1 hysteresis=0.2 hold=1 slew_pending=0
Encoder 2 CW
METDIAG en=1 src=1 beat=3 qint=545971us click=169/276us cs=2
Encoder 2 CW
Encoder 2 CCW
Encoder 2 CCW
Encoder 2 CCW
Encoder 2 CCW
Encoder 2 CCW
Encoder 2 CCW
CLKDIAG ext_active=1 transport_run=1 rearm_pending=0 sync_lost=0 barbeat_valid=1 interval_samples=44 interval_avg_us=22691 interval_min_us=18814 interval_max_us=25186 interval_pkpk_us=6372 raw_bpm=109.9 est_window=96 est_observed=96 history_confidence=S est_valid=1 publication_ready=1 sync_state=LOCKED sync_state_age_ms=9852 holdover_ms=0 last_lock_age_ms=9852 last_transition=ACQUIRE->LOCKED transition_reason=LOCK_CONFIRMED transition_age_ms=9852 transition_phase_err_us=-1176 transition_window=11 transition_observed=38 acq_ms_last=721 acq_ms_avg=721 acq_ms_max=721 relock_ms_last=0 relock_ms_avg=0 relock_ms_max=0 lock_acquired=1 acquire_success=1 relock_success=0 lock_lost=0 holdover_entries=0 adapt_action=TRACK_NARROW adapt_action_age_ms=8573 adapt_last_rollback=0 adapt_prob_active=1 adapt_prob_action=TRACK_NARROW adapt_prob_windows=2 adapt_win_age_ms=8573 adapt_win_relock_ms=0 adapt_win_jitter_us=1247 adapt_win_jitter_samples=327 adapt_win_lock_lost=0 adapt_win_holdover=0 adapt_cd_windows=1 adapt_stable_windows=0 adapt_levels=0/1/0 adapt_gains=2/16/10/80 adapt_lock_div=5/3 adapt_lock_stable=12 phase_tick=472.613 phase_src=e live_lock=L pll_err_us=-250 pll_phase_corr_us=-25 pll_freq_corr_us=-3 rx_q_now=0 rx_q_peak=0 rx_q_lifetime_peak=1 rx_drop_interval=0 rx_drop_total=0 rx_latency_avg_us=0 rx_latency_max_us=0 rx_latency_samples=0 beat_service_avg_us=31 beat_service_max_us=32 beat_service_samples=2 tb_active=1 tb_phase_us=5159 tb_vel_usps=-3644 tb_q_depth=1 tb_q_peak=1 tb_enq=44 tb_emit=43 tb_drop=0 tb_clamp_min=0 tb_clamp_max=0 tb_late_avg_us=1 tb_late_max_us=1 tb_late_samples=43
BPMDIAG raw_bpm=110.1 raw_valid=1 source_bpm=110.2 source_valid=1 est_window=96 history_confidence=S est_valid=1 publication_ready=1 sync_state=L live_lock=L display_bpm=110.0 display_external=1 sync_lost=0 display_age_ms=26 delta=0.2 hysteresis=0.2 hold=1 slew_pending=0
METDIAG en=1 src=1 beat=1 qint=545580us click=428/793us cs=2
CLKDIAG ext_active=1 transport_run=1 rearm_pending=0 sync_lost=0 barbeat_valid=1 interval_samples=44 interval_avg_us=22716 interval_min_us=18350 interval_max_us=26504 interval_pkpk_us=8154 raw_bpm=110.0 est_window=96 est_observed=96 history_confidence=S est_valid=1 publication_ready=1 sync_state=LOCKED sync_state_age_ms=10852 holdover_ms=0 last_lock_age_ms=10852 last_transition=ACQUIRE->LOCKED transition_reason=LOCK_CONFIRMED transition_age_ms=10852 transition_phase_err_us=-1176 transition_window=11 transition_observed=38 acq_ms_last=721 acq_ms_avg=721 acq_ms_max=721 relock_ms_last=0 relock_ms_avg=0 relock_ms_max=0 lock_acquired=1 acquire_success=1 relock_success=0 lock_lost=0 holdover_entries=0 adapt_action=TRACK_NARROW adapt_action_age_ms=9573 adapt_last_rollback=0 adapt_prob_active=1 adapt_prob_action=TRACK_NARROW adapt_prob_windows=2 adapt_win_age_ms=9573 adapt_win_relock_ms=0 adapt_win_jitter_us=1235 adapt_win_jitter_samples=365 adapt_win_lock_lost=0 adapt_win_holdover=0 adapt_cd_windows=1 adapt_stable_windows=0 adapt_levels=0/1/0 adapt_gains=2/16/10/80 adapt_lock_div=5/3 adapt_lock_stable=12 phase_tick=516.670 phase_src=e live_lock=L pll_err_us=413 pll_phase_corr_us=41 pll_freq_corr_us=5 rx_q_now=0 rx_q_peak=0 rx_q_lifetime_peak=1 rx_drop_interval=0 rx_drop_total=0 rx_latency_avg_us=0 rx_latency_max_us=0 rx_latency_samples=0 beat_service_avg_us=32 beat_service_max_us=32 beat_service_samples=2 tb_active=1 tb_phase_us=166 tb_vel_usps=-456 tb_q_depth=0 tb_q_peak=1 tb_enq=44 tb_emit=45 tb_drop=0 tb_clamp_min=0 tb_clamp_max=0 tb_late_avg_us=1 tb_late_max_us=1 tb_late_samples=45
BPMDIAG raw_bpm=110.1 raw_valid=1 source_bpm=110.1 source_valid=1 est_window=96 history_confidence=S est_valid=1 publication_ready=1 sync_state=L live_lock=L display_bpm=110.0 display_external=1 sync_lost=0 display_age_ms=1026 delta=0.1 hysteresis=0.2 hold=1 slew_pending=0
METDIAG en=1 src=1 beat=3 qint=547853us click=715/1368us cs=2
CLKDIAG ext_active=1 transport_run=1 rearm_pending=0 sync_lost=0 barbeat_valid=1 interval_samples=44 interval_avg_us=22750 interval_min_us=18886 interval_max_us=26458 interval_pkpk_us=7572 raw_bpm=110.0 est_window=96 est_observed=96 history_confidence=S est_valid=1 publication_ready=1 sync_state=LOCKED sync_state_age_ms=11852 holdover_ms=0 last_lock_age_ms=11852 last_transition=ACQUIRE->LOCKED transition_reason=LOCK_CONFIRMED transition_age_ms=11852 transition_phase_err_us=-1176 transition_window=11 transition_observed=38 acq_ms_last=721 acq_ms_avg=721 acq_ms_max=721 relock_ms_last=0 relock_ms_avg=0 relock_ms_max=0 lock_acquired=1 acquire_success=1 relock_success=0 lock_lost=0 holdover_entries=0 adapt_action=TRACK_NARROW adapt_action_age_ms=10573 adapt_last_rollback=0 adapt_prob_active=1 adapt_prob_action=TRACK_NARROW adapt_prob_windows=1 adapt_win_age_ms=573 adapt_win_relock_ms=0 adapt_win_jitter_us=1122 adapt_win_jitter_samples=25 adapt_win_lock_lost=0 adapt_win_holdover=0 adapt_cd_windows=1 adapt_stable_windows=0 adapt_levels=0/1/0 adapt_gains=2/16/10/80 adapt_lock_div=5/3 adapt_lock_stable=12 phase_tick=560.646 phase_src=e live_lock=L pll_err_us=1082 pll_phase_corr_us=108 pll_freq_corr_us=13 rx_q_now=0 rx_q_peak=0 rx_q_lifetime_peak=1 rx_drop_interval=0 rx_drop_total=0 rx_latency_avg_us=0 rx_latency_max_us=0 rx_latency_samples=0 beat_service_avg_us=31 beat_service_max_us=32 beat_service_samples=2 tb_active=1 tb_phase_us=0 tb_vel_usps=0 tb_q_depth=0 tb_q_peak=1 tb_enq=44 tb_emit=44 tb_drop=0 tb_clamp_min=0 tb_clamp_max=0 tb_late_avg_us=1 tb_late_max_us=2 tb_late_samples=44
BPMDIAG raw_bpm=110.1 raw_valid=1 source_bpm=110.0 source_valid=1 est_window=96 history_confidence=S est_valid=1 publication_ready=1 sync_state=L live_lock=L display_bpm=109.9 display_external=1 sync_lost=0 display_age_ms=461 delta=0.1 hysteresis=0.2 hold=1 slew_pending=0
METDIAG en=1 src=1 beat=1 qint=546730us click=620/1178us cs=2
CLKDIAG ext_active=1 transport_run=1 rearm_pending=0 sync_lost=0 barbeat_valid=1 interval_samples=44 interval_avg_us=22695 interval_min_us=19028 interval_max_us=25490 interval_pkpk_us=6462 raw_bpm=110.0 est_window=96 est_observed=96 history_confidence=S est_valid=1 publication_ready=1 sync_state=LOCKED sync_state_age_ms=12852 holdover_ms=0 last_lock_age_ms=12852 last_transition=ACQUIRE->LOCKED transition_reason=LOCK_CONFIRMED transition_age_ms=12852 transition_phase_err_us=-1176 transition_window=11 transition_observed=38 acq_ms_last=721 acq_ms_avg=721 acq_ms_max=721 relock_ms_last=0 relock_ms_avg=0 relock_ms_max=0 lock_acquired=1 acquire_success=1 relock_success=0 lock_lost=0 holdover_entries=0 adapt_action=TRACK_NARROW adapt_action_age_ms=11573 adapt_last_rollback=0 adapt_prob_active=1 adapt_prob_action=TRACK_NARROW adapt_prob_windows=1 adapt_win_age_ms=1573 adapt_win_relock_ms=0 adapt_win_jitter_us=1057 adapt_win_jitter_samples=63 adapt_win_lock_lost=0 adapt_win_holdover=0 adapt_cd_windows=1 adapt_stable_windows=0 adapt_levels=0/1/0 adapt_gains=2/16/10/80 adapt_lock_div=5/3 adapt_lock_stable=12 phase_tick=604.668 phase_src=e live_lock=L pll_err_us=1 pll_phase_corr_us=1 pll_freq_corr_us=1 rx_q_now=0 rx_q_peak=0 rx_q_lifetime_peak=1 rx_drop_interval=0 rx_drop_total=0 rx_latency_avg_us=0 rx_latency_max_us=0 rx_latency_samples=0 beat_service_avg_us=31 beat_service_max_us=32 beat_service_samples=2 tb_active=1 tb_phase_us=0 tb_vel_usps=0 tb_q_depth=0 tb_q_peak=1 tb_enq=44 tb_emit=44 tb_drop=0 tb_clamp_min=0 tb_clamp_max=0 tb_late_avg_us=1 tb_late_max_us=1 tb_late_samples=44
BPMDIAG raw_bpm=110.2 raw_valid=1 source_bpm=110.1 source_valid=1 est_window=96 history_confidence=S est_valid=1 publication_ready=1 sync_state=L live_lock=L display_bpm=110.0 display_external=1 sync_lost=0 display_age_ms=442 delta=0.1 hysteresis=0.2 hold=1 slew_pending=0
METDIAG en=1 src=1 beat=2 qint=545049us click=200/200us cs=1
CLKDIAG ext_active=1 transport_run=1 rearm_pending=0 sync_lost=0 barbeat_valid=1 interval_samples=44 interval_avg_us=22787 interval_min_us=17890 interval_max_us=26500 interval_pkpk_us=8610 raw_bpm=109.8 est_window=96 est_observed=96 history_confidence=S est_valid=1 publication_ready=1 sync_state=LOCKED sync_state_age_ms=13852 holdover_ms=0 last_lock_age_ms=13852 last_transition=ACQUIRE->LOCKED transition_reason=LOCK_CONFIRMED transition_age_ms=13852 transition_phase_err_us=-1176 transition_window=11 transition_observed=38 acq_ms_last=721 acq_ms_avg=721 acq_ms_max=721 relock_ms_last=0 relock_ms_avg=0 relock_ms_max=0 lock_acquired=1 acquire_success=1 relock_success=0 lock_lost=0 holdover_entries=0 adapt_action=TRACK_NARROW adapt_action_age_ms=12573 adapt_last_rollback=0 adapt_prob_active=1 adapt_prob_action=TRACK_NARROW adapt_prob_windows=1 adapt_win_age_ms=2573 adapt_win_relock_ms=0 adapt_win_jitter_us=1138 adapt_win_jitter_samples=101 adapt_win_lock_lost=0 adapt_win_holdover=0 adapt_cd_windows=1 adapt_stable_windows=0 adapt_levels=0/1/0 adapt_gains=2/16/10/80 adapt_lock_div=5/3 adapt_lock_stable=12 phase_tick=648.688 phase_src=e live_lock=L pll_err_us=2466 pll_phase_corr_us=246 pll_freq_corr_us=30 rx_q_now=0 rx_q_peak=0 rx_q_lifetime_peak=1 rx_drop_interval=0 rx_drop_total=0 rx_latency_avg_us=0 rx_latency_max_us=0 rx_latency_samples=0 beat_service_avg_us=31 beat_service_max_us=32 beat_service_samples=2 tb_active=1 tb_phase_us=0 tb_vel_usps=0 tb_q_depth=0 tb_q_peak=1 tb_enq=44 tb_emit=44 tb_drop=0 tb_clamp_min=0 tb_clamp_max=0 tb_late_avg_us=1 tb_late_max_us=1 tb_late_samples=44
BPMDIAG raw_bpm=110.0 raw_valid=1 source_bpm=110.1 source_valid=1 est_window=96 history_confidence=S est_valid=1 publication_ready=1 sync_state=L live_lock=L display_bpm=110.1 display_external=1 sync_lost=0 display_age_ms=692 delta=0.0 hysteresis=0.2 hold=1 slew_pending=0
METDIAG en=1 src=1 beat=4 qint=548324us click=1173/2284us cs=2
CLKDIAG ext_active=1 transport_run=1 rearm_pending=0 sync_lost=0 barbeat_valid=1 interval_samples=44 interval_avg_us=22700 interval_min_us=17750 interval_max_us=26432 interval_pkpk_us=8682 raw_bpm=109.8 est_window=96 est_observed=96 history_confidence=S est_valid=1 publication_ready=1 sync_state=LOCKED sync_state_age_ms=14852 holdover_ms=0 last_lock_age_ms=14852 last_transition=ACQUIRE->LOCKED transition_reason=LOCK_CONFIRMED transition_age_ms=14852 transition_phase_err_us=-1176 transition_window=11 transition_observed=38 acq_ms_last=721 acq_ms_avg=721 acq_ms_max=721 relock_ms_last=0 relock_ms_avg=0 relock_ms_max=0 lock_acquired=1 acquire_success=1 relock_success=0 lock_lost=0 holdover_entries=0 adapt_action=TRACK_NARROW adapt_action_age_ms=13573 adapt_last_rollback=0 adapt_prob_active=1 adapt_prob_action=TRACK_NARROW adapt_prob_windows=1 adapt_win_age_ms=3573 adapt_win_relock_ms=0 adapt_win_jitter_us=1204 adapt_win_jitter_samples=139 adapt_win_lock_lost=0 adapt_win_holdover=0 adapt_cd_windows=1 adapt_stable_windows=0 adapt_levels=0/1/0 adapt_gains=2/16/10/80 adapt_lock_div=5/3 adapt_lock_stable=12 phase_tick=692.655 phase_src=e live_lock=L pll_err_us=1237 pll_phase_corr_us=123 pll_freq_corr_us=15 rx_q_now=0 rx_q_peak=0 rx_q_lifetime_peak=1 rx_drop_interval=0 rx_drop_total=0 rx_latency_avg_us=0 rx_latency_max_us=0 rx_latency_samples=0 beat_service_avg_us=31 beat_service_max_us=31 beat_service_samples=1 tb_active=1 tb_phase_us=0 tb_vel_usps=0 tb_q_depth=0 tb_q_peak=1 tb_enq=44 tb_emit=44 tb_drop=0 tb_clamp_min=0 tb_clamp_max=0 tb_late_avg_us=1 tb_late_max_us=1 tb_late_samples=44
---- Closed serial port COM4 ----
